 ICARO3_Onda_bipe_controllonostro_mix_2201_sfun

 Timestamp is 5e2988e6 (Thu Jan 23 12:52:06 2020)

 Preferred load address is 0000000180000000

 Start         Length     Name                   Class
 0001:00000000 001403e4H .text                   CODE
 0001:001403f0 00000092H .text$x                 CODE
 0002:00000000 000004e8H .idata$5                DATA
 0002:000004e8 00000008H .CRT$XCA                DATA
 0002:000004f0 00000008H .CRT$XCZ                DATA
 0002:000004f8 00000008H .CRT$XIA                DATA
 0002:00000500 00000008H .CRT$XIAA               DATA
 0002:00000508 00000008H .CRT$XIZ                DATA
 0002:00000510 00000b14H .rdata                  DATA
 0002:00001028 00000008H .rtc$IAA                DATA
 0002:00001030 00000008H .rtc$IZZ                DATA
 0002:00001038 00000008H .rtc$TAA                DATA
 0002:00001040 00000008H .rtc$TZZ                DATA
 0002:00001048 00004b28H .xdata                  DATA
 0002:00005b70 0000008cH .idata$2                DATA
 0002:00005bfc 00000014H .idata$3                DATA
 0002:00005c10 000004e8H .idata$4                DATA
 0002:000060f8 00000d84H .idata$6                DATA
 0002:00006e80 00000074H .edata                  DATA
 0003:00000000 000682b8H .data                   DATA
 0003:000682c0 000009a8H .bss                    DATA
 0004:00000000 000066f0H .pdata                  DATA

  Address         Publics by Value              Rva+Base               Lib:Object

 0000:00000000       ___safe_se_handler_count   0000000000000000     <absolute>
 0000:00000000       ___safe_se_handler_table   0000000000000000     <absolute>
 0000:00000000       __ImageBase                0000000180000000     <linker-defined>
 0001:00000000       ICARO3_Onda_bipe_controllonostro_mix_2201_initializer 0000000180001000 f   ICARO3_Onda_bipe_controllonostro_mix_2201_sfun.obj
 0001:00000010       ICARO3_Onda_bipe_controllonostro_mix_2201_terminator 0000000180001010 f   ICARO3_Onda_bipe_controllonostro_mix_2201_sfun.obj
 0001:00000020       sf_ICARO3_Onda_bipe_controllonostro_mix_2201_method_dispatcher 0000000180001020 f   ICARO3_Onda_bipe_controllonostro_mix_2201_sfun.obj
 0001:00000760       sf_ICARO3_Onda_bipe_controllonostro_mix_2201_process_check_sum_call 0000000180001760 f   ICARO3_Onda_bipe_controllonostro_mix_2201_sfun.obj
 0001:00000fd0       sf_ICARO3_Onda_bipe_controllonostro_mix_2201_autoinheritance_info 0000000180001fd0 f   ICARO3_Onda_bipe_controllonostro_mix_2201_sfun.obj
 0001:00001ff0       sf_ICARO3_Onda_bipe_controllonostro_mix_2201_get_eml_resolved_functions_info 0000000180002ff0 f   ICARO3_Onda_bipe_controllonostro_mix_2201_sfun.obj
 0001:00002d10       sf_ICARO3_Onda_bipe_controllonostro_mix_2201_third_party_uses_info 0000000180003d10 f   ICARO3_Onda_bipe_controllonostro_mix_2201_sfun.obj
 0001:000037e0       sf_ICARO3_Onda_bipe_controllonostro_mix_2201_updateBuildInfo_args_info 00000001800047e0 f   ICARO3_Onda_bipe_controllonostro_mix_2201_sfun.obj
 0001:000042b0       ICARO3_Onda_bipe_controllonostro_mix_2201_debug_initialize 00000001800052b0 f   ICARO3_Onda_bipe_controllonostro_mix_2201_sfun.obj
 0001:00004330       ICARO3_Onda_bipe_controllonostro_mix_2201_register_exported_symbols 0000000180005330 f   ICARO3_Onda_bipe_controllonostro_mix_2201_sfun.obj
 0001:00004340       load_ICARO3_Onda_bipe_controllonostro_mix_2201_optimization_info 0000000180005340 f   ICARO3_Onda_bipe_controllonostro_mix_2201_sfun.obj
 0001:00004390       unload_ICARO3_Onda_bipe_controllonostro_mix_2201_optimization_info 0000000180005390 f   ICARO3_Onda_bipe_controllonostro_mix_2201_sfun.obj
 0001:000043c0       sf_c1_ICARO3_Onda_bipe_controllonostro_mix_2201_get_eml_resolved_functions_info 00000001800053c0 f   c1_ICARO3_Onda_bipe_controllonostro_mix_2201.obj
 0001:00004440       sf_c1_ICARO3_Onda_bipe_controllonostro_mix_2201_get_check_sum 0000000180005440 f   c1_ICARO3_Onda_bipe_controllonostro_mix_2201.obj
 0001:000044c0       sf_c1_ICARO3_Onda_bipe_controllonostro_mix_2201_get_autoinheritance_info 00000001800054c0 f   c1_ICARO3_Onda_bipe_controllonostro_mix_2201.obj
 0001:000048e0       sf_c1_ICARO3_Onda_bipe_controllonostro_mix_2201_third_party_uses_info 00000001800058e0 f   c1_ICARO3_Onda_bipe_controllonostro_mix_2201.obj
 0001:00004910       sf_c1_ICARO3_Onda_bipe_controllonostro_mix_2201_updateBuildInfo_args_info 0000000180005910 f   c1_ICARO3_Onda_bipe_controllonostro_mix_2201.obj
 0001:00004940       sf_internal_get_sim_state_c1_ICARO3_Onda_bipe_controllonostro_mix_2201 0000000180005940 f   c1_ICARO3_Onda_bipe_controllonostro_mix_2201.obj
 0001:00004ca0       sf_internal_set_sim_state_c1_ICARO3_Onda_bipe_controllonostro_mix_2201 0000000180005ca0 f   c1_ICARO3_Onda_bipe_controllonostro_mix_2201.obj
 0001:00005090       c1_ICARO3_Onda_bipe_controllonostro_mix_2201_method_dispatcher 0000000180006090 f   c1_ICARO3_Onda_bipe_controllonostro_mix_2201.obj
 0001:00006d70       sf_c2_ICARO3_Onda_bipe_controllonostro_mix_2201_get_eml_resolved_functions_info 0000000180007d70 f   c2_ICARO3_Onda_bipe_controllonostro_mix_2201.obj
 0001:000090d0       sf_c2_ICARO3_Onda_bipe_controllonostro_mix_2201_get_check_sum 000000018000a0d0 f   c2_ICARO3_Onda_bipe_controllonostro_mix_2201.obj
 0001:00009150       sf_c2_ICARO3_Onda_bipe_controllonostro_mix_2201_get_autoinheritance_info 000000018000a150 f   c2_ICARO3_Onda_bipe_controllonostro_mix_2201.obj
 0001:00009570       sf_c2_ICARO3_Onda_bipe_controllonostro_mix_2201_third_party_uses_info 000000018000a570 f   c2_ICARO3_Onda_bipe_controllonostro_mix_2201.obj
 0001:000095a0       sf_c2_ICARO3_Onda_bipe_controllonostro_mix_2201_updateBuildInfo_args_info 000000018000a5a0 f   c2_ICARO3_Onda_bipe_controllonostro_mix_2201.obj
 0001:000095d0       sf_internal_get_sim_state_c2_ICARO3_Onda_bipe_controllonostro_mix_2201 000000018000a5d0 f   c2_ICARO3_Onda_bipe_controllonostro_mix_2201.obj
 0001:00009980       sf_internal_set_sim_state_c2_ICARO3_Onda_bipe_controllonostro_mix_2201 000000018000a980 f   c2_ICARO3_Onda_bipe_controllonostro_mix_2201.obj
 0001:00009e10       c2_ICARO3_Onda_bipe_controllonostro_mix_2201_method_dispatcher 000000018000ae10 f   c2_ICARO3_Onda_bipe_controllonostro_mix_2201.obj
 0001:0000c000       sf_c3_ICARO3_Onda_bipe_controllonostro_mix_2201_get_eml_resolved_functions_info 000000018000d000 f   c3_ICARO3_Onda_bipe_controllonostro_mix_2201.obj
 0001:0000e360       sf_c3_ICARO3_Onda_bipe_controllonostro_mix_2201_get_check_sum 000000018000f360 f   c3_ICARO3_Onda_bipe_controllonostro_mix_2201.obj
 0001:0000e3e0       sf_c3_ICARO3_Onda_bipe_controllonostro_mix_2201_get_autoinheritance_info 000000018000f3e0 f   c3_ICARO3_Onda_bipe_controllonostro_mix_2201.obj
 0001:0000e800       sf_c3_ICARO3_Onda_bipe_controllonostro_mix_2201_third_party_uses_info 000000018000f800 f   c3_ICARO3_Onda_bipe_controllonostro_mix_2201.obj
 0001:0000e830       sf_c3_ICARO3_Onda_bipe_controllonostro_mix_2201_updateBuildInfo_args_info 000000018000f830 f   c3_ICARO3_Onda_bipe_controllonostro_mix_2201.obj
 0001:0000e860       sf_internal_get_sim_state_c3_ICARO3_Onda_bipe_controllonostro_mix_2201 000000018000f860 f   c3_ICARO3_Onda_bipe_controllonostro_mix_2201.obj
 0001:0000ec20       sf_internal_set_sim_state_c3_ICARO3_Onda_bipe_controllonostro_mix_2201 000000018000fc20 f   c3_ICARO3_Onda_bipe_controllonostro_mix_2201.obj
 0001:0000f0b0       c3_ICARO3_Onda_bipe_controllonostro_mix_2201_method_dispatcher 00000001800100b0 f   c3_ICARO3_Onda_bipe_controllonostro_mix_2201.obj
 0001:00011280       sf_c4_ICARO3_Onda_bipe_controllonostro_mix_2201_get_eml_resolved_functions_info 0000000180012280 f   c4_ICARO3_Onda_bipe_controllonostro_mix_2201.obj
 0001:00011ac0       sf_c4_ICARO3_Onda_bipe_controllonostro_mix_2201_get_check_sum 0000000180012ac0 f   c4_ICARO3_Onda_bipe_controllonostro_mix_2201.obj
 0001:00011b40       sf_c4_ICARO3_Onda_bipe_controllonostro_mix_2201_get_autoinheritance_info 0000000180012b40 f   c4_ICARO3_Onda_bipe_controllonostro_mix_2201.obj
 0001:00011f60       sf_c4_ICARO3_Onda_bipe_controllonostro_mix_2201_third_party_uses_info 0000000180012f60 f   c4_ICARO3_Onda_bipe_controllonostro_mix_2201.obj
 0001:00011f90       sf_c4_ICARO3_Onda_bipe_controllonostro_mix_2201_updateBuildInfo_args_info 0000000180012f90 f   c4_ICARO3_Onda_bipe_controllonostro_mix_2201.obj
 0001:00011fc0       sf_internal_get_sim_state_c4_ICARO3_Onda_bipe_controllonostro_mix_2201 0000000180012fc0 f   c4_ICARO3_Onda_bipe_controllonostro_mix_2201.obj
 0001:00012390       sf_internal_set_sim_state_c4_ICARO3_Onda_bipe_controllonostro_mix_2201 0000000180013390 f   c4_ICARO3_Onda_bipe_controllonostro_mix_2201.obj
 0001:00012820       c4_ICARO3_Onda_bipe_controllonostro_mix_2201_method_dispatcher 0000000180013820 f   c4_ICARO3_Onda_bipe_controllonostro_mix_2201.obj
 0001:000149a0       sf_c15_ICARO3_Onda_bipe_controllonostro_mix_2201_get_eml_resolved_functions_info 00000001800159a0 f   c15_ICARO3_Onda_bipe_controllonostro_mix_2201.obj
 0001:00015be0       sf_c15_ICARO3_Onda_bipe_controllonostro_mix_2201_get_check_sum 0000000180016be0 f   c15_ICARO3_Onda_bipe_controllonostro_mix_2201.obj
 0001:00015c60       sf_c15_ICARO3_Onda_bipe_controllonostro_mix_2201_get_autoinheritance_info 0000000180016c60 f   c15_ICARO3_Onda_bipe_controllonostro_mix_2201.obj
 0001:00017300       sf_c15_ICARO3_Onda_bipe_controllonostro_mix_2201_third_party_uses_info 0000000180018300 f   c15_ICARO3_Onda_bipe_controllonostro_mix_2201.obj
 0001:00017330       sf_c15_ICARO3_Onda_bipe_controllonostro_mix_2201_updateBuildInfo_args_info 0000000180018330 f   c15_ICARO3_Onda_bipe_controllonostro_mix_2201.obj
 0001:00017360       sf_internal_get_sim_state_c15_ICARO3_Onda_bipe_controllonostro_mix_2201 0000000180018360 f   c15_ICARO3_Onda_bipe_controllonostro_mix_2201.obj
 0001:000177f0       sf_internal_set_sim_state_c15_ICARO3_Onda_bipe_controllonostro_mix_2201 00000001800187f0 f   c15_ICARO3_Onda_bipe_controllonostro_mix_2201.obj
 0001:00017eb0       c15_ICARO3_Onda_bipe_controllonostro_mix_2201_method_dispatcher 0000000180018eb0 f   c15_ICARO3_Onda_bipe_controllonostro_mix_2201.obj
 0001:0001db00       sf_c71_ICARO3_Onda_bipe_controllonostro_mix_2201_get_eml_resolved_functions_info 000000018001eb00 f   c71_ICARO3_Onda_bipe_controllonostro_mix_2201.obj
 0001:000289c0       sf_c71_ICARO3_Onda_bipe_controllonostro_mix_2201_get_check_sum 00000001800299c0 f   c71_ICARO3_Onda_bipe_controllonostro_mix_2201.obj
 0001:00028a40       sf_c71_ICARO3_Onda_bipe_controllonostro_mix_2201_get_autoinheritance_info 0000000180029a40 f   c71_ICARO3_Onda_bipe_controllonostro_mix_2201.obj
 0001:0002a0b0       sf_c71_ICARO3_Onda_bipe_controllonostro_mix_2201_third_party_uses_info 000000018002b0b0 f   c71_ICARO3_Onda_bipe_controllonostro_mix_2201.obj
 0001:0002a0e0       sf_c71_ICARO3_Onda_bipe_controllonostro_mix_2201_updateBuildInfo_args_info 000000018002b0e0 f   c71_ICARO3_Onda_bipe_controllonostro_mix_2201.obj
 0001:0002a110       sf_internal_get_sim_state_c71_ICARO3_Onda_bipe_controllonostro_mix_2201 000000018002b110 f   c71_ICARO3_Onda_bipe_controllonostro_mix_2201.obj
 0001:0002ab70       sf_internal_set_sim_state_c71_ICARO3_Onda_bipe_controllonostro_mix_2201 000000018002bb70 f   c71_ICARO3_Onda_bipe_controllonostro_mix_2201.obj
 0001:0002b6c0       c71_ICARO3_Onda_bipe_controllonostro_mix_2201_method_dispatcher 000000018002c6c0 f   c71_ICARO3_Onda_bipe_controllonostro_mix_2201.obj
 0001:00037b00       sf_c73_ICARO3_Onda_bipe_controllonostro_mix_2201_get_eml_resolved_functions_info 0000000180038b00 f   c73_ICARO3_Onda_bipe_controllonostro_mix_2201.obj
 0001:0003b200       sf_c73_ICARO3_Onda_bipe_controllonostro_mix_2201_get_check_sum 000000018003c200 f   c73_ICARO3_Onda_bipe_controllonostro_mix_2201.obj
 0001:0003b280       sf_c73_ICARO3_Onda_bipe_controllonostro_mix_2201_get_autoinheritance_info 000000018003c280 f   c73_ICARO3_Onda_bipe_controllonostro_mix_2201.obj
 0001:0003b6a0       sf_c73_ICARO3_Onda_bipe_controllonostro_mix_2201_third_party_uses_info 000000018003c6a0 f   c73_ICARO3_Onda_bipe_controllonostro_mix_2201.obj
 0001:0003b6d0       sf_c73_ICARO3_Onda_bipe_controllonostro_mix_2201_updateBuildInfo_args_info 000000018003c6d0 f   c73_ICARO3_Onda_bipe_controllonostro_mix_2201.obj
 0001:0003b700       sf_internal_get_sim_state_c73_ICARO3_Onda_bipe_controllonostro_mix_2201 000000018003c700 f   c73_ICARO3_Onda_bipe_controllonostro_mix_2201.obj
 0001:0003ba70       sf_internal_set_sim_state_c73_ICARO3_Onda_bipe_controllonostro_mix_2201 000000018003ca70 f   c73_ICARO3_Onda_bipe_controllonostro_mix_2201.obj
 0001:0003be60       c73_ICARO3_Onda_bipe_controllonostro_mix_2201_method_dispatcher 000000018003ce60 f   c73_ICARO3_Onda_bipe_controllonostro_mix_2201.obj
 0001:0003dc20       sf_c74_ICARO3_Onda_bipe_controllonostro_mix_2201_get_eml_resolved_functions_info 000000018003ec20 f   c74_ICARO3_Onda_bipe_controllonostro_mix_2201.obj
 0001:0003ebf0       sf_c74_ICARO3_Onda_bipe_controllonostro_mix_2201_get_check_sum 000000018003fbf0 f   c74_ICARO3_Onda_bipe_controllonostro_mix_2201.obj
 0001:0003ec70       sf_c74_ICARO3_Onda_bipe_controllonostro_mix_2201_get_autoinheritance_info 000000018003fc70 f   c74_ICARO3_Onda_bipe_controllonostro_mix_2201.obj
 0001:0003f090       sf_c74_ICARO3_Onda_bipe_controllonostro_mix_2201_third_party_uses_info 0000000180040090 f   c74_ICARO3_Onda_bipe_controllonostro_mix_2201.obj
 0001:0003f0c0       sf_c74_ICARO3_Onda_bipe_controllonostro_mix_2201_updateBuildInfo_args_info 00000001800400c0 f   c74_ICARO3_Onda_bipe_controllonostro_mix_2201.obj
 0001:0003f0f0       sf_internal_get_sim_state_c74_ICARO3_Onda_bipe_controllonostro_mix_2201 00000001800400f0 f   c74_ICARO3_Onda_bipe_controllonostro_mix_2201.obj
 0001:0003f450       sf_internal_set_sim_state_c74_ICARO3_Onda_bipe_controllonostro_mix_2201 0000000180040450 f   c74_ICARO3_Onda_bipe_controllonostro_mix_2201.obj
 0001:0003f840       c74_ICARO3_Onda_bipe_controllonostro_mix_2201_method_dispatcher 0000000180040840 f   c74_ICARO3_Onda_bipe_controllonostro_mix_2201.obj
 0001:00041390       sf_c75_ICARO3_Onda_bipe_controllonostro_mix_2201_get_eml_resolved_functions_info 0000000180042390 f   c75_ICARO3_Onda_bipe_controllonostro_mix_2201.obj
 0001:00041410       sf_c75_ICARO3_Onda_bipe_controllonostro_mix_2201_get_check_sum 0000000180042410 f   c75_ICARO3_Onda_bipe_controllonostro_mix_2201.obj
 0001:00041490       sf_c75_ICARO3_Onda_bipe_controllonostro_mix_2201_get_autoinheritance_info 0000000180042490 f   c75_ICARO3_Onda_bipe_controllonostro_mix_2201.obj
 0001:00041a00       sf_c75_ICARO3_Onda_bipe_controllonostro_mix_2201_third_party_uses_info 0000000180042a00 f   c75_ICARO3_Onda_bipe_controllonostro_mix_2201.obj
 0001:00041a30       sf_c75_ICARO3_Onda_bipe_controllonostro_mix_2201_updateBuildInfo_args_info 0000000180042a30 f   c75_ICARO3_Onda_bipe_controllonostro_mix_2201.obj
 0001:00041a60       sf_internal_get_sim_state_c75_ICARO3_Onda_bipe_controllonostro_mix_2201 0000000180042a60 f   c75_ICARO3_Onda_bipe_controllonostro_mix_2201.obj
 0001:00041dc0       sf_internal_set_sim_state_c75_ICARO3_Onda_bipe_controllonostro_mix_2201 0000000180042dc0 f   c75_ICARO3_Onda_bipe_controllonostro_mix_2201.obj
 0001:000421b0       c75_ICARO3_Onda_bipe_controllonostro_mix_2201_method_dispatcher 00000001800431b0 f   c75_ICARO3_Onda_bipe_controllonostro_mix_2201.obj
 0001:000442e0       sf_c76_ICARO3_Onda_bipe_controllonostro_mix_2201_get_eml_resolved_functions_info 00000001800452e0 f   c76_ICARO3_Onda_bipe_controllonostro_mix_2201.obj
 0001:00044360       sf_c76_ICARO3_Onda_bipe_controllonostro_mix_2201_get_check_sum 0000000180045360 f   c76_ICARO3_Onda_bipe_controllonostro_mix_2201.obj
 0001:000443e0       sf_c76_ICARO3_Onda_bipe_controllonostro_mix_2201_get_autoinheritance_info 00000001800453e0 f   c76_ICARO3_Onda_bipe_controllonostro_mix_2201.obj
 0001:00044950       sf_c76_ICARO3_Onda_bipe_controllonostro_mix_2201_third_party_uses_info 0000000180045950 f   c76_ICARO3_Onda_bipe_controllonostro_mix_2201.obj
 0001:00044980       sf_c76_ICARO3_Onda_bipe_controllonostro_mix_2201_updateBuildInfo_args_info 0000000180045980 f   c76_ICARO3_Onda_bipe_controllonostro_mix_2201.obj
 0001:000449b0       sf_internal_get_sim_state_c76_ICARO3_Onda_bipe_controllonostro_mix_2201 00000001800459b0 f   c76_ICARO3_Onda_bipe_controllonostro_mix_2201.obj
 0001:00044d20       sf_internal_set_sim_state_c76_ICARO3_Onda_bipe_controllonostro_mix_2201 0000000180045d20 f   c76_ICARO3_Onda_bipe_controllonostro_mix_2201.obj
 0001:00045110       c76_ICARO3_Onda_bipe_controllonostro_mix_2201_method_dispatcher 0000000180046110 f   c76_ICARO3_Onda_bipe_controllonostro_mix_2201.obj
 0001:00047240       sf_c77_ICARO3_Onda_bipe_controllonostro_mix_2201_get_eml_resolved_functions_info 0000000180048240 f   c77_ICARO3_Onda_bipe_controllonostro_mix_2201.obj
 0001:00049330       sf_c77_ICARO3_Onda_bipe_controllonostro_mix_2201_get_check_sum 000000018004a330 f   c77_ICARO3_Onda_bipe_controllonostro_mix_2201.obj
 0001:000493b0       sf_c77_ICARO3_Onda_bipe_controllonostro_mix_2201_get_autoinheritance_info 000000018004a3b0 f   c77_ICARO3_Onda_bipe_controllonostro_mix_2201.obj
 0001:00049920       sf_c77_ICARO3_Onda_bipe_controllonostro_mix_2201_third_party_uses_info 000000018004a920 f   c77_ICARO3_Onda_bipe_controllonostro_mix_2201.obj
 0001:00049950       sf_c77_ICARO3_Onda_bipe_controllonostro_mix_2201_updateBuildInfo_args_info 000000018004a950 f   c77_ICARO3_Onda_bipe_controllonostro_mix_2201.obj
 0001:00049980       sf_internal_get_sim_state_c77_ICARO3_Onda_bipe_controllonostro_mix_2201 000000018004a980 f   c77_ICARO3_Onda_bipe_controllonostro_mix_2201.obj
 0001:00049ce0       sf_internal_set_sim_state_c77_ICARO3_Onda_bipe_controllonostro_mix_2201 000000018004ace0 f   c77_ICARO3_Onda_bipe_controllonostro_mix_2201.obj
 0001:0004a0d0       c77_ICARO3_Onda_bipe_controllonostro_mix_2201_method_dispatcher 000000018004b0d0 f   c77_ICARO3_Onda_bipe_controllonostro_mix_2201.obj
 0001:0004c2d0       sf_c94_ICARO3_Onda_bipe_controllonostro_mix_2201_get_eml_resolved_functions_info 000000018004d2d0 f   c94_ICARO3_Onda_bipe_controllonostro_mix_2201.obj
 0001:00052d40       sf_c94_ICARO3_Onda_bipe_controllonostro_mix_2201_get_check_sum 0000000180053d40 f   c94_ICARO3_Onda_bipe_controllonostro_mix_2201.obj
 0001:00052dc0       sf_c94_ICARO3_Onda_bipe_controllonostro_mix_2201_get_autoinheritance_info 0000000180053dc0 f   c94_ICARO3_Onda_bipe_controllonostro_mix_2201.obj
 0001:00053840       sf_c94_ICARO3_Onda_bipe_controllonostro_mix_2201_third_party_uses_info 0000000180054840 f   c94_ICARO3_Onda_bipe_controllonostro_mix_2201.obj
 0001:00053870       sf_c94_ICARO3_Onda_bipe_controllonostro_mix_2201_updateBuildInfo_args_info 0000000180054870 f   c94_ICARO3_Onda_bipe_controllonostro_mix_2201.obj
 0001:000538a0       sf_internal_get_sim_state_c94_ICARO3_Onda_bipe_controllonostro_mix_2201 00000001800548a0 f   c94_ICARO3_Onda_bipe_controllonostro_mix_2201.obj
 0001:00053cd0       sf_internal_set_sim_state_c94_ICARO3_Onda_bipe_controllonostro_mix_2201 0000000180054cd0 f   c94_ICARO3_Onda_bipe_controllonostro_mix_2201.obj
 0001:00054100       c94_ICARO3_Onda_bipe_controllonostro_mix_2201_method_dispatcher 0000000180055100 f   c94_ICARO3_Onda_bipe_controllonostro_mix_2201.obj
 0001:00059050       sf_c95_ICARO3_Onda_bipe_controllonostro_mix_2201_get_eml_resolved_functions_info 000000018005a050 f   c95_ICARO3_Onda_bipe_controllonostro_mix_2201.obj
 0001:0005c4e0       sf_c95_ICARO3_Onda_bipe_controllonostro_mix_2201_get_check_sum 000000018005d4e0 f   c95_ICARO3_Onda_bipe_controllonostro_mix_2201.obj
 0001:0005c560       sf_c95_ICARO3_Onda_bipe_controllonostro_mix_2201_get_autoinheritance_info 000000018005d560 f   c95_ICARO3_Onda_bipe_controllonostro_mix_2201.obj
 0001:0005cd60       sf_c95_ICARO3_Onda_bipe_controllonostro_mix_2201_third_party_uses_info 000000018005dd60 f   c95_ICARO3_Onda_bipe_controllonostro_mix_2201.obj
 0001:0005cd90       sf_c95_ICARO3_Onda_bipe_controllonostro_mix_2201_updateBuildInfo_args_info 000000018005dd90 f   c95_ICARO3_Onda_bipe_controllonostro_mix_2201.obj
 0001:0005cdc0       sf_internal_get_sim_state_c95_ICARO3_Onda_bipe_controllonostro_mix_2201 000000018005ddc0 f   c95_ICARO3_Onda_bipe_controllonostro_mix_2201.obj
 0001:0005d1e0       sf_internal_set_sim_state_c95_ICARO3_Onda_bipe_controllonostro_mix_2201 000000018005e1e0 f   c95_ICARO3_Onda_bipe_controllonostro_mix_2201.obj
 0001:0005d700       c95_ICARO3_Onda_bipe_controllonostro_mix_2201_method_dispatcher 000000018005e700 f   c95_ICARO3_Onda_bipe_controllonostro_mix_2201.obj
 0001:00060ab0       sf_c96_ICARO3_Onda_bipe_controllonostro_mix_2201_get_eml_resolved_functions_info 0000000180061ab0 f   c96_ICARO3_Onda_bipe_controllonostro_mix_2201.obj
 0001:000626c0       sf_c96_ICARO3_Onda_bipe_controllonostro_mix_2201_get_check_sum 00000001800636c0 f   c96_ICARO3_Onda_bipe_controllonostro_mix_2201.obj
 0001:00062740       sf_c96_ICARO3_Onda_bipe_controllonostro_mix_2201_get_autoinheritance_info 0000000180063740 f   c96_ICARO3_Onda_bipe_controllonostro_mix_2201.obj
 0001:00062cf0       sf_c96_ICARO3_Onda_bipe_controllonostro_mix_2201_third_party_uses_info 0000000180063cf0 f   c96_ICARO3_Onda_bipe_controllonostro_mix_2201.obj
 0001:00062d20       sf_c96_ICARO3_Onda_bipe_controllonostro_mix_2201_updateBuildInfo_args_info 0000000180063d20 f   c96_ICARO3_Onda_bipe_controllonostro_mix_2201.obj
 0001:00062d50       sf_internal_get_sim_state_c96_ICARO3_Onda_bipe_controllonostro_mix_2201 0000000180063d50 f   c96_ICARO3_Onda_bipe_controllonostro_mix_2201.obj
 0001:00063120       sf_internal_set_sim_state_c96_ICARO3_Onda_bipe_controllonostro_mix_2201 0000000180064120 f   c96_ICARO3_Onda_bipe_controllonostro_mix_2201.obj
 0001:000635b0       c96_ICARO3_Onda_bipe_controllonostro_mix_2201_method_dispatcher 00000001800645b0 f   c96_ICARO3_Onda_bipe_controllonostro_mix_2201.obj
 0001:00066620       sf_c97_ICARO3_Onda_bipe_controllonostro_mix_2201_get_eml_resolved_functions_info 0000000180067620 f   c97_ICARO3_Onda_bipe_controllonostro_mix_2201.obj
 0001:0006a200       sf_c97_ICARO3_Onda_bipe_controllonostro_mix_2201_get_check_sum 000000018006b200 f   c97_ICARO3_Onda_bipe_controllonostro_mix_2201.obj
 0001:0006a280       sf_c97_ICARO3_Onda_bipe_controllonostro_mix_2201_get_autoinheritance_info 000000018006b280 f   c97_ICARO3_Onda_bipe_controllonostro_mix_2201.obj
 0001:0006a7f0       sf_c97_ICARO3_Onda_bipe_controllonostro_mix_2201_third_party_uses_info 000000018006b7f0 f   c97_ICARO3_Onda_bipe_controllonostro_mix_2201.obj
 0001:0006a820       sf_c97_ICARO3_Onda_bipe_controllonostro_mix_2201_updateBuildInfo_args_info 000000018006b820 f   c97_ICARO3_Onda_bipe_controllonostro_mix_2201.obj
 0001:0006a850       sf_internal_get_sim_state_c97_ICARO3_Onda_bipe_controllonostro_mix_2201 000000018006b850 f   c97_ICARO3_Onda_bipe_controllonostro_mix_2201.obj
 0001:0006ac20       sf_internal_set_sim_state_c97_ICARO3_Onda_bipe_controllonostro_mix_2201 000000018006bc20 f   c97_ICARO3_Onda_bipe_controllonostro_mix_2201.obj
 0001:0006b0b0       c97_ICARO3_Onda_bipe_controllonostro_mix_2201_method_dispatcher 000000018006c0b0 f   c97_ICARO3_Onda_bipe_controllonostro_mix_2201.obj
 0001:0006e7d0       sf_c98_ICARO3_Onda_bipe_controllonostro_mix_2201_get_eml_resolved_functions_info 000000018006f7d0 f   c98_ICARO3_Onda_bipe_controllonostro_mix_2201.obj
 0001:000723b0       sf_c98_ICARO3_Onda_bipe_controllonostro_mix_2201_get_check_sum 00000001800733b0 f   c98_ICARO3_Onda_bipe_controllonostro_mix_2201.obj
 0001:00072430       sf_c98_ICARO3_Onda_bipe_controllonostro_mix_2201_get_autoinheritance_info 0000000180073430 f   c98_ICARO3_Onda_bipe_controllonostro_mix_2201.obj
 0001:00072c30       sf_c98_ICARO3_Onda_bipe_controllonostro_mix_2201_third_party_uses_info 0000000180073c30 f   c98_ICARO3_Onda_bipe_controllonostro_mix_2201.obj
 0001:00072c60       sf_c98_ICARO3_Onda_bipe_controllonostro_mix_2201_updateBuildInfo_args_info 0000000180073c60 f   c98_ICARO3_Onda_bipe_controllonostro_mix_2201.obj
 0001:00072c90       sf_internal_get_sim_state_c98_ICARO3_Onda_bipe_controllonostro_mix_2201 0000000180073c90 f   c98_ICARO3_Onda_bipe_controllonostro_mix_2201.obj
 0001:00073210       sf_internal_set_sim_state_c98_ICARO3_Onda_bipe_controllonostro_mix_2201 0000000180074210 f   c98_ICARO3_Onda_bipe_controllonostro_mix_2201.obj
 0001:000738a0       c98_ICARO3_Onda_bipe_controllonostro_mix_2201_method_dispatcher 00000001800748a0 f   c98_ICARO3_Onda_bipe_controllonostro_mix_2201.obj
 0001:000781e0       sf_c99_ICARO3_Onda_bipe_controllonostro_mix_2201_get_eml_resolved_functions_info 00000001800791e0 f   c99_ICARO3_Onda_bipe_controllonostro_mix_2201.obj
 0001:0007bdc0       sf_c99_ICARO3_Onda_bipe_controllonostro_mix_2201_get_check_sum 000000018007cdc0 f   c99_ICARO3_Onda_bipe_controllonostro_mix_2201.obj
 0001:0007be40       sf_c99_ICARO3_Onda_bipe_controllonostro_mix_2201_get_autoinheritance_info 000000018007ce40 f   c99_ICARO3_Onda_bipe_controllonostro_mix_2201.obj
 0001:0007c3b0       sf_c99_ICARO3_Onda_bipe_controllonostro_mix_2201_third_party_uses_info 000000018007d3b0 f   c99_ICARO3_Onda_bipe_controllonostro_mix_2201.obj
 0001:0007c3e0       sf_c99_ICARO3_Onda_bipe_controllonostro_mix_2201_updateBuildInfo_args_info 000000018007d3e0 f   c99_ICARO3_Onda_bipe_controllonostro_mix_2201.obj
 0001:0007c410       sf_internal_get_sim_state_c99_ICARO3_Onda_bipe_controllonostro_mix_2201 000000018007d410 f   c99_ICARO3_Onda_bipe_controllonostro_mix_2201.obj
 0001:0007c7d0       sf_internal_set_sim_state_c99_ICARO3_Onda_bipe_controllonostro_mix_2201 000000018007d7d0 f   c99_ICARO3_Onda_bipe_controllonostro_mix_2201.obj
 0001:0007cc60       c99_ICARO3_Onda_bipe_controllonostro_mix_2201_method_dispatcher 000000018007dc60 f   c99_ICARO3_Onda_bipe_controllonostro_mix_2201.obj
 0001:000803e0       sf_c100_ICARO3_Onda_bipe_controllonostro_mix_2201_get_eml_resolved_functions_info 00000001800813e0 f   c100_ICARO3_Onda_bipe_controllonostro_mix_2201.obj
 0001:00083fc0       sf_c100_ICARO3_Onda_bipe_controllonostro_mix_2201_get_check_sum 0000000180084fc0 f   c100_ICARO3_Onda_bipe_controllonostro_mix_2201.obj
 0001:00084040       sf_c100_ICARO3_Onda_bipe_controllonostro_mix_2201_get_autoinheritance_info 0000000180085040 f   c100_ICARO3_Onda_bipe_controllonostro_mix_2201.obj
 0001:000845b0       sf_c100_ICARO3_Onda_bipe_controllonostro_mix_2201_third_party_uses_info 00000001800855b0 f   c100_ICARO3_Onda_bipe_controllonostro_mix_2201.obj
 0001:000845e0       sf_c100_ICARO3_Onda_bipe_controllonostro_mix_2201_updateBuildInfo_args_info 00000001800855e0 f   c100_ICARO3_Onda_bipe_controllonostro_mix_2201.obj
 0001:00084610       sf_internal_get_sim_state_c100_ICARO3_Onda_bipe_controllonostro_mix_2201 0000000180085610 f   c100_ICARO3_Onda_bipe_controllonostro_mix_2201.obj
 0001:000849e0       sf_internal_set_sim_state_c100_ICARO3_Onda_bipe_controllonostro_mix_2201 00000001800859e0 f   c100_ICARO3_Onda_bipe_controllonostro_mix_2201.obj
 0001:00084e70       c100_ICARO3_Onda_bipe_controllonostro_mix_2201_method_dispatcher 0000000180085e70 f   c100_ICARO3_Onda_bipe_controllonostro_mix_2201.obj
 0001:00088530       sf_c102_ICARO3_Onda_bipe_controllonostro_mix_2201_get_eml_resolved_functions_info 0000000180089530 f   c102_ICARO3_Onda_bipe_controllonostro_mix_2201.obj
 0001:0008a3b0       sf_c102_ICARO3_Onda_bipe_controllonostro_mix_2201_get_check_sum 000000018008b3b0 f   c102_ICARO3_Onda_bipe_controllonostro_mix_2201.obj
 0001:0008a430       sf_c102_ICARO3_Onda_bipe_controllonostro_mix_2201_get_autoinheritance_info 000000018008b430 f   c102_ICARO3_Onda_bipe_controllonostro_mix_2201.obj
 0001:0008a850       sf_c102_ICARO3_Onda_bipe_controllonostro_mix_2201_third_party_uses_info 000000018008b850 f   c102_ICARO3_Onda_bipe_controllonostro_mix_2201.obj
 0001:0008a880       sf_c102_ICARO3_Onda_bipe_controllonostro_mix_2201_updateBuildInfo_args_info 000000018008b880 f   c102_ICARO3_Onda_bipe_controllonostro_mix_2201.obj
 0001:0008a8b0       sf_internal_get_sim_state_c102_ICARO3_Onda_bipe_controllonostro_mix_2201 000000018008b8b0 f   c102_ICARO3_Onda_bipe_controllonostro_mix_2201.obj
 0001:0008ac90       sf_internal_set_sim_state_c102_ICARO3_Onda_bipe_controllonostro_mix_2201 000000018008bc90 f   c102_ICARO3_Onda_bipe_controllonostro_mix_2201.obj
 0001:0008b150       c102_ICARO3_Onda_bipe_controllonostro_mix_2201_method_dispatcher 000000018008c150 f   c102_ICARO3_Onda_bipe_controllonostro_mix_2201.obj
 0001:0008f0a0       sf_c103_ICARO3_Onda_bipe_controllonostro_mix_2201_get_eml_resolved_functions_info 00000001800900a0 f   c103_ICARO3_Onda_bipe_controllonostro_mix_2201.obj
 0001:00092c80       sf_c103_ICARO3_Onda_bipe_controllonostro_mix_2201_get_check_sum 0000000180093c80 f   c103_ICARO3_Onda_bipe_controllonostro_mix_2201.obj
 0001:00092d00       sf_c103_ICARO3_Onda_bipe_controllonostro_mix_2201_get_autoinheritance_info 0000000180093d00 f   c103_ICARO3_Onda_bipe_controllonostro_mix_2201.obj
 0001:00093270       sf_c103_ICARO3_Onda_bipe_controllonostro_mix_2201_third_party_uses_info 0000000180094270 f   c103_ICARO3_Onda_bipe_controllonostro_mix_2201.obj
 0001:000932a0       sf_c103_ICARO3_Onda_bipe_controllonostro_mix_2201_updateBuildInfo_args_info 00000001800942a0 f   c103_ICARO3_Onda_bipe_controllonostro_mix_2201.obj
 0001:000932d0       sf_internal_get_sim_state_c103_ICARO3_Onda_bipe_controllonostro_mix_2201 00000001800942d0 f   c103_ICARO3_Onda_bipe_controllonostro_mix_2201.obj
 0001:00093790       sf_internal_set_sim_state_c103_ICARO3_Onda_bipe_controllonostro_mix_2201 0000000180094790 f   c103_ICARO3_Onda_bipe_controllonostro_mix_2201.obj
 0001:00093cc0       c103_ICARO3_Onda_bipe_controllonostro_mix_2201_method_dispatcher 0000000180094cc0 f   c103_ICARO3_Onda_bipe_controllonostro_mix_2201.obj
 0001:00097490       sf_c104_ICARO3_Onda_bipe_controllonostro_mix_2201_get_eml_resolved_functions_info 0000000180098490 f   c104_ICARO3_Onda_bipe_controllonostro_mix_2201.obj
 0001:00099f50       sf_c104_ICARO3_Onda_bipe_controllonostro_mix_2201_get_check_sum 000000018009af50 f   c104_ICARO3_Onda_bipe_controllonostro_mix_2201.obj
 0001:00099fd0       sf_c104_ICARO3_Onda_bipe_controllonostro_mix_2201_get_autoinheritance_info 000000018009afd0 f   c104_ICARO3_Onda_bipe_controllonostro_mix_2201.obj
 0001:0009a3f0       sf_c104_ICARO3_Onda_bipe_controllonostro_mix_2201_third_party_uses_info 000000018009b3f0 f   c104_ICARO3_Onda_bipe_controllonostro_mix_2201.obj
 0001:0009a420       sf_c104_ICARO3_Onda_bipe_controllonostro_mix_2201_updateBuildInfo_args_info 000000018009b420 f   c104_ICARO3_Onda_bipe_controllonostro_mix_2201.obj
 0001:0009a450       sf_internal_get_sim_state_c104_ICARO3_Onda_bipe_controllonostro_mix_2201 000000018009b450 f   c104_ICARO3_Onda_bipe_controllonostro_mix_2201.obj
 0001:0009a7b0       sf_internal_set_sim_state_c104_ICARO3_Onda_bipe_controllonostro_mix_2201 000000018009b7b0 f   c104_ICARO3_Onda_bipe_controllonostro_mix_2201.obj
 0001:0009ab90       c104_ICARO3_Onda_bipe_controllonostro_mix_2201_method_dispatcher 000000018009bb90 f   c104_ICARO3_Onda_bipe_controllonostro_mix_2201.obj
 0001:0009c910       sf_c105_ICARO3_Onda_bipe_controllonostro_mix_2201_get_eml_resolved_functions_info 000000018009d910 f   c105_ICARO3_Onda_bipe_controllonostro_mix_2201.obj
 0001:0009f3d0       sf_c105_ICARO3_Onda_bipe_controllonostro_mix_2201_get_check_sum 00000001800a03d0 f   c105_ICARO3_Onda_bipe_controllonostro_mix_2201.obj
 0001:0009f450       sf_c105_ICARO3_Onda_bipe_controllonostro_mix_2201_get_autoinheritance_info 00000001800a0450 f   c105_ICARO3_Onda_bipe_controllonostro_mix_2201.obj
 0001:0009f870       sf_c105_ICARO3_Onda_bipe_controllonostro_mix_2201_third_party_uses_info 00000001800a0870 f   c105_ICARO3_Onda_bipe_controllonostro_mix_2201.obj
 0001:0009f8a0       sf_c105_ICARO3_Onda_bipe_controllonostro_mix_2201_updateBuildInfo_args_info 00000001800a08a0 f   c105_ICARO3_Onda_bipe_controllonostro_mix_2201.obj
 0001:0009f8d0       sf_internal_get_sim_state_c105_ICARO3_Onda_bipe_controllonostro_mix_2201 00000001800a08d0 f   c105_ICARO3_Onda_bipe_controllonostro_mix_2201.obj
 0001:0009fc30       sf_internal_set_sim_state_c105_ICARO3_Onda_bipe_controllonostro_mix_2201 00000001800a0c30 f   c105_ICARO3_Onda_bipe_controllonostro_mix_2201.obj
 0001:000a0010       c105_ICARO3_Onda_bipe_controllonostro_mix_2201_method_dispatcher 00000001800a1010 f   c105_ICARO3_Onda_bipe_controllonostro_mix_2201.obj
 0001:000a1d80       sf_c106_ICARO3_Onda_bipe_controllonostro_mix_2201_get_eml_resolved_functions_info 00000001800a2d80 f   c106_ICARO3_Onda_bipe_controllonostro_mix_2201.obj
 0001:000a4840       sf_c106_ICARO3_Onda_bipe_controllonostro_mix_2201_get_check_sum 00000001800a5840 f   c106_ICARO3_Onda_bipe_controllonostro_mix_2201.obj
 0001:000a48c0       sf_c106_ICARO3_Onda_bipe_controllonostro_mix_2201_get_autoinheritance_info 00000001800a58c0 f   c106_ICARO3_Onda_bipe_controllonostro_mix_2201.obj
 0001:000a4ce0       sf_c106_ICARO3_Onda_bipe_controllonostro_mix_2201_third_party_uses_info 00000001800a5ce0 f   c106_ICARO3_Onda_bipe_controllonostro_mix_2201.obj
 0001:000a4d10       sf_c106_ICARO3_Onda_bipe_controllonostro_mix_2201_updateBuildInfo_args_info 00000001800a5d10 f   c106_ICARO3_Onda_bipe_controllonostro_mix_2201.obj
 0001:000a4d40       sf_internal_get_sim_state_c106_ICARO3_Onda_bipe_controllonostro_mix_2201 00000001800a5d40 f   c106_ICARO3_Onda_bipe_controllonostro_mix_2201.obj
 0001:000a50b0       sf_internal_set_sim_state_c106_ICARO3_Onda_bipe_controllonostro_mix_2201 00000001800a60b0 f   c106_ICARO3_Onda_bipe_controllonostro_mix_2201.obj
 0001:000a5490       c106_ICARO3_Onda_bipe_controllonostro_mix_2201_method_dispatcher 00000001800a6490 f   c106_ICARO3_Onda_bipe_controllonostro_mix_2201.obj
 0001:000a7210       sf_c107_ICARO3_Onda_bipe_controllonostro_mix_2201_get_eml_resolved_functions_info 00000001800a8210 f   c107_ICARO3_Onda_bipe_controllonostro_mix_2201.obj
 0001:000a9cd0       sf_c107_ICARO3_Onda_bipe_controllonostro_mix_2201_get_check_sum 00000001800aacd0 f   c107_ICARO3_Onda_bipe_controllonostro_mix_2201.obj
 0001:000a9d50       sf_c107_ICARO3_Onda_bipe_controllonostro_mix_2201_get_autoinheritance_info 00000001800aad50 f   c107_ICARO3_Onda_bipe_controllonostro_mix_2201.obj
 0001:000aa170       sf_c107_ICARO3_Onda_bipe_controllonostro_mix_2201_third_party_uses_info 00000001800ab170 f   c107_ICARO3_Onda_bipe_controllonostro_mix_2201.obj
 0001:000aa1a0       sf_c107_ICARO3_Onda_bipe_controllonostro_mix_2201_updateBuildInfo_args_info 00000001800ab1a0 f   c107_ICARO3_Onda_bipe_controllonostro_mix_2201.obj
 0001:000aa1d0       sf_internal_get_sim_state_c107_ICARO3_Onda_bipe_controllonostro_mix_2201 00000001800ab1d0 f   c107_ICARO3_Onda_bipe_controllonostro_mix_2201.obj
 0001:000aa530       sf_internal_set_sim_state_c107_ICARO3_Onda_bipe_controllonostro_mix_2201 00000001800ab530 f   c107_ICARO3_Onda_bipe_controllonostro_mix_2201.obj
 0001:000aa910       c107_ICARO3_Onda_bipe_controllonostro_mix_2201_method_dispatcher 00000001800ab910 f   c107_ICARO3_Onda_bipe_controllonostro_mix_2201.obj
 0001:000ac670       sf_c108_ICARO3_Onda_bipe_controllonostro_mix_2201_get_eml_resolved_functions_info 00000001800ad670 f   c108_ICARO3_Onda_bipe_controllonostro_mix_2201.obj
 0001:000ae4f0       sf_c108_ICARO3_Onda_bipe_controllonostro_mix_2201_get_check_sum 00000001800af4f0 f   c108_ICARO3_Onda_bipe_controllonostro_mix_2201.obj
 0001:000ae570       sf_c108_ICARO3_Onda_bipe_controllonostro_mix_2201_get_autoinheritance_info 00000001800af570 f   c108_ICARO3_Onda_bipe_controllonostro_mix_2201.obj
 0001:000ae990       sf_c108_ICARO3_Onda_bipe_controllonostro_mix_2201_third_party_uses_info 00000001800af990 f   c108_ICARO3_Onda_bipe_controllonostro_mix_2201.obj
 0001:000ae9c0       sf_c108_ICARO3_Onda_bipe_controllonostro_mix_2201_updateBuildInfo_args_info 00000001800af9c0 f   c108_ICARO3_Onda_bipe_controllonostro_mix_2201.obj
 0001:000ae9f0       sf_internal_get_sim_state_c108_ICARO3_Onda_bipe_controllonostro_mix_2201 00000001800af9f0 f   c108_ICARO3_Onda_bipe_controllonostro_mix_2201.obj
 0001:000aed50       sf_internal_set_sim_state_c108_ICARO3_Onda_bipe_controllonostro_mix_2201 00000001800afd50 f   c108_ICARO3_Onda_bipe_controllonostro_mix_2201.obj
 0001:000af120       c108_ICARO3_Onda_bipe_controllonostro_mix_2201_method_dispatcher 00000001800b0120 f   c108_ICARO3_Onda_bipe_controllonostro_mix_2201.obj
 0001:000b1250       sf_c111_ICARO3_Onda_bipe_controllonostro_mix_2201_get_eml_resolved_functions_info 00000001800b2250 f   c111_ICARO3_Onda_bipe_controllonostro_mix_2201.obj
 0001:000b30d0       sf_c111_ICARO3_Onda_bipe_controllonostro_mix_2201_get_check_sum 00000001800b40d0 f   c111_ICARO3_Onda_bipe_controllonostro_mix_2201.obj
 0001:000b3150       sf_c111_ICARO3_Onda_bipe_controllonostro_mix_2201_get_autoinheritance_info 00000001800b4150 f   c111_ICARO3_Onda_bipe_controllonostro_mix_2201.obj
 0001:000b3570       sf_c111_ICARO3_Onda_bipe_controllonostro_mix_2201_third_party_uses_info 00000001800b4570 f   c111_ICARO3_Onda_bipe_controllonostro_mix_2201.obj
 0001:000b35a0       sf_c111_ICARO3_Onda_bipe_controllonostro_mix_2201_updateBuildInfo_args_info 00000001800b45a0 f   c111_ICARO3_Onda_bipe_controllonostro_mix_2201.obj
 0001:000b35d0       sf_internal_get_sim_state_c111_ICARO3_Onda_bipe_controllonostro_mix_2201 00000001800b45d0 f   c111_ICARO3_Onda_bipe_controllonostro_mix_2201.obj
 0001:000b3930       sf_internal_set_sim_state_c111_ICARO3_Onda_bipe_controllonostro_mix_2201 00000001800b4930 f   c111_ICARO3_Onda_bipe_controllonostro_mix_2201.obj
 0001:000b3d00       c111_ICARO3_Onda_bipe_controllonostro_mix_2201_method_dispatcher 00000001800b4d00 f   c111_ICARO3_Onda_bipe_controllonostro_mix_2201.obj
 0001:000b5e30       sf_c126_ICARO3_Onda_bipe_controllonostro_mix_2201_get_eml_resolved_functions_info 00000001800b6e30 f   c126_ICARO3_Onda_bipe_controllonostro_mix_2201.obj
 0001:000b88f0       sf_c126_ICARO3_Onda_bipe_controllonostro_mix_2201_get_check_sum 00000001800b98f0 f   c126_ICARO3_Onda_bipe_controllonostro_mix_2201.obj
 0001:000b8970       sf_c126_ICARO3_Onda_bipe_controllonostro_mix_2201_get_autoinheritance_info 00000001800b9970 f   c126_ICARO3_Onda_bipe_controllonostro_mix_2201.obj
 0001:000b8d90       sf_c126_ICARO3_Onda_bipe_controllonostro_mix_2201_third_party_uses_info 00000001800b9d90 f   c126_ICARO3_Onda_bipe_controllonostro_mix_2201.obj
 0001:000b8dc0       sf_c126_ICARO3_Onda_bipe_controllonostro_mix_2201_updateBuildInfo_args_info 00000001800b9dc0 f   c126_ICARO3_Onda_bipe_controllonostro_mix_2201.obj
 0001:000b8df0       sf_internal_get_sim_state_c126_ICARO3_Onda_bipe_controllonostro_mix_2201 00000001800b9df0 f   c126_ICARO3_Onda_bipe_controllonostro_mix_2201.obj
 0001:000b9150       sf_internal_set_sim_state_c126_ICARO3_Onda_bipe_controllonostro_mix_2201 00000001800ba150 f   c126_ICARO3_Onda_bipe_controllonostro_mix_2201.obj
 0001:000b9530       c126_ICARO3_Onda_bipe_controllonostro_mix_2201_method_dispatcher 00000001800ba530 f   c126_ICARO3_Onda_bipe_controllonostro_mix_2201.obj
 0001:000bb2b0       sf_c127_ICARO3_Onda_bipe_controllonostro_mix_2201_get_eml_resolved_functions_info 00000001800bc2b0 f   c127_ICARO3_Onda_bipe_controllonostro_mix_2201.obj
 0001:000bdd70       sf_c127_ICARO3_Onda_bipe_controllonostro_mix_2201_get_check_sum 00000001800bed70 f   c127_ICARO3_Onda_bipe_controllonostro_mix_2201.obj
 0001:000bddf0       sf_c127_ICARO3_Onda_bipe_controllonostro_mix_2201_get_autoinheritance_info 00000001800bedf0 f   c127_ICARO3_Onda_bipe_controllonostro_mix_2201.obj
 0001:000be210       sf_c127_ICARO3_Onda_bipe_controllonostro_mix_2201_third_party_uses_info 00000001800bf210 f   c127_ICARO3_Onda_bipe_controllonostro_mix_2201.obj
 0001:000be240       sf_c127_ICARO3_Onda_bipe_controllonostro_mix_2201_updateBuildInfo_args_info 00000001800bf240 f   c127_ICARO3_Onda_bipe_controllonostro_mix_2201.obj
 0001:000be270       sf_internal_get_sim_state_c127_ICARO3_Onda_bipe_controllonostro_mix_2201 00000001800bf270 f   c127_ICARO3_Onda_bipe_controllonostro_mix_2201.obj
 0001:000be5d0       sf_internal_set_sim_state_c127_ICARO3_Onda_bipe_controllonostro_mix_2201 00000001800bf5d0 f   c127_ICARO3_Onda_bipe_controllonostro_mix_2201.obj
 0001:000be9b0       c127_ICARO3_Onda_bipe_controllonostro_mix_2201_method_dispatcher 00000001800bf9b0 f   c127_ICARO3_Onda_bipe_controllonostro_mix_2201.obj
 0001:000c0720       sf_c128_ICARO3_Onda_bipe_controllonostro_mix_2201_get_eml_resolved_functions_info 00000001800c1720 f   c128_ICARO3_Onda_bipe_controllonostro_mix_2201.obj
 0001:000c31e0       sf_c128_ICARO3_Onda_bipe_controllonostro_mix_2201_get_check_sum 00000001800c41e0 f   c128_ICARO3_Onda_bipe_controllonostro_mix_2201.obj
 0001:000c3260       sf_c128_ICARO3_Onda_bipe_controllonostro_mix_2201_get_autoinheritance_info 00000001800c4260 f   c128_ICARO3_Onda_bipe_controllonostro_mix_2201.obj
 0001:000c3680       sf_c128_ICARO3_Onda_bipe_controllonostro_mix_2201_third_party_uses_info 00000001800c4680 f   c128_ICARO3_Onda_bipe_controllonostro_mix_2201.obj
 0001:000c36b0       sf_c128_ICARO3_Onda_bipe_controllonostro_mix_2201_updateBuildInfo_args_info 00000001800c46b0 f   c128_ICARO3_Onda_bipe_controllonostro_mix_2201.obj
 0001:000c36e0       sf_internal_get_sim_state_c128_ICARO3_Onda_bipe_controllonostro_mix_2201 00000001800c46e0 f   c128_ICARO3_Onda_bipe_controllonostro_mix_2201.obj
 0001:000c3a40       sf_internal_set_sim_state_c128_ICARO3_Onda_bipe_controllonostro_mix_2201 00000001800c4a40 f   c128_ICARO3_Onda_bipe_controllonostro_mix_2201.obj
 0001:000c3e20       c128_ICARO3_Onda_bipe_controllonostro_mix_2201_method_dispatcher 00000001800c4e20 f   c128_ICARO3_Onda_bipe_controllonostro_mix_2201.obj
 0001:000c5b90       sf_c129_ICARO3_Onda_bipe_controllonostro_mix_2201_get_eml_resolved_functions_info 00000001800c6b90 f   c129_ICARO3_Onda_bipe_controllonostro_mix_2201.obj
 0001:000c8650       sf_c129_ICARO3_Onda_bipe_controllonostro_mix_2201_get_check_sum 00000001800c9650 f   c129_ICARO3_Onda_bipe_controllonostro_mix_2201.obj
 0001:000c86d0       sf_c129_ICARO3_Onda_bipe_controllonostro_mix_2201_get_autoinheritance_info 00000001800c96d0 f   c129_ICARO3_Onda_bipe_controllonostro_mix_2201.obj
 0001:000c8af0       sf_c129_ICARO3_Onda_bipe_controllonostro_mix_2201_third_party_uses_info 00000001800c9af0 f   c129_ICARO3_Onda_bipe_controllonostro_mix_2201.obj
 0001:000c8b20       sf_c129_ICARO3_Onda_bipe_controllonostro_mix_2201_updateBuildInfo_args_info 00000001800c9b20 f   c129_ICARO3_Onda_bipe_controllonostro_mix_2201.obj
 0001:000c8b50       sf_internal_get_sim_state_c129_ICARO3_Onda_bipe_controllonostro_mix_2201 00000001800c9b50 f   c129_ICARO3_Onda_bipe_controllonostro_mix_2201.obj
 0001:000c8eb0       sf_internal_set_sim_state_c129_ICARO3_Onda_bipe_controllonostro_mix_2201 00000001800c9eb0 f   c129_ICARO3_Onda_bipe_controllonostro_mix_2201.obj
 0001:000c9290       c129_ICARO3_Onda_bipe_controllonostro_mix_2201_method_dispatcher 00000001800ca290 f   c129_ICARO3_Onda_bipe_controllonostro_mix_2201.obj
 0001:000cb000       sf_c130_ICARO3_Onda_bipe_controllonostro_mix_2201_get_eml_resolved_functions_info 00000001800cc000 f   c130_ICARO3_Onda_bipe_controllonostro_mix_2201.obj
 0001:000d2e00       sf_c130_ICARO3_Onda_bipe_controllonostro_mix_2201_get_check_sum 00000001800d3e00 f   c130_ICARO3_Onda_bipe_controllonostro_mix_2201.obj
 0001:000d2e80       sf_c130_ICARO3_Onda_bipe_controllonostro_mix_2201_get_autoinheritance_info 00000001800d3e80 f   c130_ICARO3_Onda_bipe_controllonostro_mix_2201.obj
 0001:000d32a0       sf_c130_ICARO3_Onda_bipe_controllonostro_mix_2201_third_party_uses_info 00000001800d42a0 f   c130_ICARO3_Onda_bipe_controllonostro_mix_2201.obj
 0001:000d32d0       sf_c130_ICARO3_Onda_bipe_controllonostro_mix_2201_updateBuildInfo_args_info 00000001800d42d0 f   c130_ICARO3_Onda_bipe_controllonostro_mix_2201.obj
 0001:000d3300       sf_internal_get_sim_state_c130_ICARO3_Onda_bipe_controllonostro_mix_2201 00000001800d4300 f   c130_ICARO3_Onda_bipe_controllonostro_mix_2201.obj
 0001:000d3660       sf_internal_set_sim_state_c130_ICARO3_Onda_bipe_controllonostro_mix_2201 00000001800d4660 f   c130_ICARO3_Onda_bipe_controllonostro_mix_2201.obj
 0001:000d3a50       c130_ICARO3_Onda_bipe_controllonostro_mix_2201_method_dispatcher 00000001800d4a50 f   c130_ICARO3_Onda_bipe_controllonostro_mix_2201.obj
 0001:000d5690       sf_c131_ICARO3_Onda_bipe_controllonostro_mix_2201_get_eml_resolved_functions_info 00000001800d6690 f   c131_ICARO3_Onda_bipe_controllonostro_mix_2201.obj
 0001:000dd490       sf_c131_ICARO3_Onda_bipe_controllonostro_mix_2201_get_check_sum 00000001800de490 f   c131_ICARO3_Onda_bipe_controllonostro_mix_2201.obj
 0001:000dd510       sf_c131_ICARO3_Onda_bipe_controllonostro_mix_2201_get_autoinheritance_info 00000001800de510 f   c131_ICARO3_Onda_bipe_controllonostro_mix_2201.obj
 0001:000dd930       sf_c131_ICARO3_Onda_bipe_controllonostro_mix_2201_third_party_uses_info 00000001800de930 f   c131_ICARO3_Onda_bipe_controllonostro_mix_2201.obj
 0001:000dd960       sf_c131_ICARO3_Onda_bipe_controllonostro_mix_2201_updateBuildInfo_args_info 00000001800de960 f   c131_ICARO3_Onda_bipe_controllonostro_mix_2201.obj
 0001:000dd990       sf_internal_get_sim_state_c131_ICARO3_Onda_bipe_controllonostro_mix_2201 00000001800de990 f   c131_ICARO3_Onda_bipe_controllonostro_mix_2201.obj
 0001:000ddcf0       sf_internal_set_sim_state_c131_ICARO3_Onda_bipe_controllonostro_mix_2201 00000001800decf0 f   c131_ICARO3_Onda_bipe_controllonostro_mix_2201.obj
 0001:000de0e0       c131_ICARO3_Onda_bipe_controllonostro_mix_2201_method_dispatcher 00000001800df0e0 f   c131_ICARO3_Onda_bipe_controllonostro_mix_2201.obj
 0001:000dfd10       sf_c132_ICARO3_Onda_bipe_controllonostro_mix_2201_get_eml_resolved_functions_info 00000001800e0d10 f   c132_ICARO3_Onda_bipe_controllonostro_mix_2201.obj
 0001:000e7b10       sf_c132_ICARO3_Onda_bipe_controllonostro_mix_2201_get_check_sum 00000001800e8b10 f   c132_ICARO3_Onda_bipe_controllonostro_mix_2201.obj
 0001:000e7b90       sf_c132_ICARO3_Onda_bipe_controllonostro_mix_2201_get_autoinheritance_info 00000001800e8b90 f   c132_ICARO3_Onda_bipe_controllonostro_mix_2201.obj
 0001:000e7fb0       sf_c132_ICARO3_Onda_bipe_controllonostro_mix_2201_third_party_uses_info 00000001800e8fb0 f   c132_ICARO3_Onda_bipe_controllonostro_mix_2201.obj
 0001:000e7fe0       sf_c132_ICARO3_Onda_bipe_controllonostro_mix_2201_updateBuildInfo_args_info 00000001800e8fe0 f   c132_ICARO3_Onda_bipe_controllonostro_mix_2201.obj
 0001:000e8010       sf_internal_get_sim_state_c132_ICARO3_Onda_bipe_controllonostro_mix_2201 00000001800e9010 f   c132_ICARO3_Onda_bipe_controllonostro_mix_2201.obj
 0001:000e8370       sf_internal_set_sim_state_c132_ICARO3_Onda_bipe_controllonostro_mix_2201 00000001800e9370 f   c132_ICARO3_Onda_bipe_controllonostro_mix_2201.obj
 0001:000e8760       c132_ICARO3_Onda_bipe_controllonostro_mix_2201_method_dispatcher 00000001800e9760 f   c132_ICARO3_Onda_bipe_controllonostro_mix_2201.obj
 0001:000ea390       sf_c133_ICARO3_Onda_bipe_controllonostro_mix_2201_get_eml_resolved_functions_info 00000001800eb390 f   c133_ICARO3_Onda_bipe_controllonostro_mix_2201.obj
 0001:000ece50       sf_c133_ICARO3_Onda_bipe_controllonostro_mix_2201_get_check_sum 00000001800ede50 f   c133_ICARO3_Onda_bipe_controllonostro_mix_2201.obj
 0001:000eced0       sf_c133_ICARO3_Onda_bipe_controllonostro_mix_2201_get_autoinheritance_info 00000001800eded0 f   c133_ICARO3_Onda_bipe_controllonostro_mix_2201.obj
 0001:000ed2f0       sf_c133_ICARO3_Onda_bipe_controllonostro_mix_2201_third_party_uses_info 00000001800ee2f0 f   c133_ICARO3_Onda_bipe_controllonostro_mix_2201.obj
 0001:000ed320       sf_c133_ICARO3_Onda_bipe_controllonostro_mix_2201_updateBuildInfo_args_info 00000001800ee320 f   c133_ICARO3_Onda_bipe_controllonostro_mix_2201.obj
 0001:000ed350       sf_internal_get_sim_state_c133_ICARO3_Onda_bipe_controllonostro_mix_2201 00000001800ee350 f   c133_ICARO3_Onda_bipe_controllonostro_mix_2201.obj
 0001:000ed6f0       sf_internal_set_sim_state_c133_ICARO3_Onda_bipe_controllonostro_mix_2201 00000001800ee6f0 f   c133_ICARO3_Onda_bipe_controllonostro_mix_2201.obj
 0001:000edb50       c133_ICARO3_Onda_bipe_controllonostro_mix_2201_method_dispatcher 00000001800eeb50 f   c133_ICARO3_Onda_bipe_controllonostro_mix_2201.obj
 0001:000efc20       sf_c134_ICARO3_Onda_bipe_controllonostro_mix_2201_get_eml_resolved_functions_info 00000001800f0c20 f   c134_ICARO3_Onda_bipe_controllonostro_mix_2201.obj
 0001:000f26e0       sf_c134_ICARO3_Onda_bipe_controllonostro_mix_2201_get_check_sum 00000001800f36e0 f   c134_ICARO3_Onda_bipe_controllonostro_mix_2201.obj
 0001:000f2760       sf_c134_ICARO3_Onda_bipe_controllonostro_mix_2201_get_autoinheritance_info 00000001800f3760 f   c134_ICARO3_Onda_bipe_controllonostro_mix_2201.obj
 0001:000f2b80       sf_c134_ICARO3_Onda_bipe_controllonostro_mix_2201_third_party_uses_info 00000001800f3b80 f   c134_ICARO3_Onda_bipe_controllonostro_mix_2201.obj
 0001:000f2bb0       sf_c134_ICARO3_Onda_bipe_controllonostro_mix_2201_updateBuildInfo_args_info 00000001800f3bb0 f   c134_ICARO3_Onda_bipe_controllonostro_mix_2201.obj
 0001:000f2be0       sf_internal_get_sim_state_c134_ICARO3_Onda_bipe_controllonostro_mix_2201 00000001800f3be0 f   c134_ICARO3_Onda_bipe_controllonostro_mix_2201.obj
 0001:000f2f80       sf_internal_set_sim_state_c134_ICARO3_Onda_bipe_controllonostro_mix_2201 00000001800f3f80 f   c134_ICARO3_Onda_bipe_controllonostro_mix_2201.obj
 0001:000f33e0       c134_ICARO3_Onda_bipe_controllonostro_mix_2201_method_dispatcher 00000001800f43e0 f   c134_ICARO3_Onda_bipe_controllonostro_mix_2201.obj
 0001:000f54c0       sf_c135_ICARO3_Onda_bipe_controllonostro_mix_2201_get_eml_resolved_functions_info 00000001800f64c0 f   c135_ICARO3_Onda_bipe_controllonostro_mix_2201.obj
 0001:000f7f80       sf_c135_ICARO3_Onda_bipe_controllonostro_mix_2201_get_check_sum 00000001800f8f80 f   c135_ICARO3_Onda_bipe_controllonostro_mix_2201.obj
 0001:000f8000       sf_c135_ICARO3_Onda_bipe_controllonostro_mix_2201_get_autoinheritance_info 00000001800f9000 f   c135_ICARO3_Onda_bipe_controllonostro_mix_2201.obj
 0001:000f8420       sf_c135_ICARO3_Onda_bipe_controllonostro_mix_2201_third_party_uses_info 00000001800f9420 f   c135_ICARO3_Onda_bipe_controllonostro_mix_2201.obj
 0001:000f8450       sf_c135_ICARO3_Onda_bipe_controllonostro_mix_2201_updateBuildInfo_args_info 00000001800f9450 f   c135_ICARO3_Onda_bipe_controllonostro_mix_2201.obj
 0001:000f8480       sf_internal_get_sim_state_c135_ICARO3_Onda_bipe_controllonostro_mix_2201 00000001800f9480 f   c135_ICARO3_Onda_bipe_controllonostro_mix_2201.obj
 0001:000f8810       sf_internal_set_sim_state_c135_ICARO3_Onda_bipe_controllonostro_mix_2201 00000001800f9810 f   c135_ICARO3_Onda_bipe_controllonostro_mix_2201.obj
 0001:000f8c70       c135_ICARO3_Onda_bipe_controllonostro_mix_2201_method_dispatcher 00000001800f9c70 f   c135_ICARO3_Onda_bipe_controllonostro_mix_2201.obj
 0001:000fad40       sf_c136_ICARO3_Onda_bipe_controllonostro_mix_2201_get_eml_resolved_functions_info 00000001800fbd40 f   c136_ICARO3_Onda_bipe_controllonostro_mix_2201.obj
 0001:000fadc0       sf_c136_ICARO3_Onda_bipe_controllonostro_mix_2201_get_check_sum 00000001800fbdc0 f   c136_ICARO3_Onda_bipe_controllonostro_mix_2201.obj
 0001:000fae40       sf_c136_ICARO3_Onda_bipe_controllonostro_mix_2201_get_autoinheritance_info 00000001800fbe40 f   c136_ICARO3_Onda_bipe_controllonostro_mix_2201.obj
 0001:000fb260       sf_c136_ICARO3_Onda_bipe_controllonostro_mix_2201_third_party_uses_info 00000001800fc260 f   c136_ICARO3_Onda_bipe_controllonostro_mix_2201.obj
 0001:000fb290       sf_c136_ICARO3_Onda_bipe_controllonostro_mix_2201_updateBuildInfo_args_info 00000001800fc290 f   c136_ICARO3_Onda_bipe_controllonostro_mix_2201.obj
 0001:000fb2c0       sf_internal_get_sim_state_c136_ICARO3_Onda_bipe_controllonostro_mix_2201 00000001800fc2c0 f   c136_ICARO3_Onda_bipe_controllonostro_mix_2201.obj
 0001:000fb6a0       sf_internal_set_sim_state_c136_ICARO3_Onda_bipe_controllonostro_mix_2201 00000001800fc6a0 f   c136_ICARO3_Onda_bipe_controllonostro_mix_2201.obj
 0001:000fbb30       c136_ICARO3_Onda_bipe_controllonostro_mix_2201_method_dispatcher 00000001800fcb30 f   c136_ICARO3_Onda_bipe_controllonostro_mix_2201.obj
 0001:000fdda0       sf_c137_ICARO3_Onda_bipe_controllonostro_mix_2201_get_eml_resolved_functions_info 00000001800feda0 f   c137_ICARO3_Onda_bipe_controllonostro_mix_2201.obj
 0001:00100860       sf_c137_ICARO3_Onda_bipe_controllonostro_mix_2201_get_check_sum 0000000180101860 f   c137_ICARO3_Onda_bipe_controllonostro_mix_2201.obj
 0001:001008e0       sf_c137_ICARO3_Onda_bipe_controllonostro_mix_2201_get_autoinheritance_info 00000001801018e0 f   c137_ICARO3_Onda_bipe_controllonostro_mix_2201.obj
 0001:00100d00       sf_c137_ICARO3_Onda_bipe_controllonostro_mix_2201_third_party_uses_info 0000000180101d00 f   c137_ICARO3_Onda_bipe_controllonostro_mix_2201.obj
 0001:00100d30       sf_c137_ICARO3_Onda_bipe_controllonostro_mix_2201_updateBuildInfo_args_info 0000000180101d30 f   c137_ICARO3_Onda_bipe_controllonostro_mix_2201.obj
 0001:00100d60       sf_internal_get_sim_state_c137_ICARO3_Onda_bipe_controllonostro_mix_2201 0000000180101d60 f   c137_ICARO3_Onda_bipe_controllonostro_mix_2201.obj
 0001:00101100       sf_internal_set_sim_state_c137_ICARO3_Onda_bipe_controllonostro_mix_2201 0000000180102100 f   c137_ICARO3_Onda_bipe_controllonostro_mix_2201.obj
 0001:00101560       c137_ICARO3_Onda_bipe_controllonostro_mix_2201_method_dispatcher 0000000180102560 f   c137_ICARO3_Onda_bipe_controllonostro_mix_2201.obj
 0001:00103640       sf_c138_ICARO3_Onda_bipe_controllonostro_mix_2201_get_eml_resolved_functions_info 0000000180104640 f   c138_ICARO3_Onda_bipe_controllonostro_mix_2201.obj
 0001:00106100       sf_c138_ICARO3_Onda_bipe_controllonostro_mix_2201_get_check_sum 0000000180107100 f   c138_ICARO3_Onda_bipe_controllonostro_mix_2201.obj
 0001:00106180       sf_c138_ICARO3_Onda_bipe_controllonostro_mix_2201_get_autoinheritance_info 0000000180107180 f   c138_ICARO3_Onda_bipe_controllonostro_mix_2201.obj
 0001:001065a0       sf_c138_ICARO3_Onda_bipe_controllonostro_mix_2201_third_party_uses_info 00000001801075a0 f   c138_ICARO3_Onda_bipe_controllonostro_mix_2201.obj
 0001:001065d0       sf_c138_ICARO3_Onda_bipe_controllonostro_mix_2201_updateBuildInfo_args_info 00000001801075d0 f   c138_ICARO3_Onda_bipe_controllonostro_mix_2201.obj
 0001:00106600       sf_internal_get_sim_state_c138_ICARO3_Onda_bipe_controllonostro_mix_2201 0000000180107600 f   c138_ICARO3_Onda_bipe_controllonostro_mix_2201.obj
 0001:001069a0       sf_internal_set_sim_state_c138_ICARO3_Onda_bipe_controllonostro_mix_2201 00000001801079a0 f   c138_ICARO3_Onda_bipe_controllonostro_mix_2201.obj
 0001:00106e00       c138_ICARO3_Onda_bipe_controllonostro_mix_2201_method_dispatcher 0000000180107e00 f   c138_ICARO3_Onda_bipe_controllonostro_mix_2201.obj
 0001:00108ee0       sf_c139_ICARO3_Onda_bipe_controllonostro_mix_2201_get_eml_resolved_functions_info 0000000180109ee0 f   c139_ICARO3_Onda_bipe_controllonostro_mix_2201.obj
 0001:0010b9a0       sf_c139_ICARO3_Onda_bipe_controllonostro_mix_2201_get_check_sum 000000018010c9a0 f   c139_ICARO3_Onda_bipe_controllonostro_mix_2201.obj
 0001:0010ba20       sf_c139_ICARO3_Onda_bipe_controllonostro_mix_2201_get_autoinheritance_info 000000018010ca20 f   c139_ICARO3_Onda_bipe_controllonostro_mix_2201.obj
 0001:0010be40       sf_c139_ICARO3_Onda_bipe_controllonostro_mix_2201_third_party_uses_info 000000018010ce40 f   c139_ICARO3_Onda_bipe_controllonostro_mix_2201.obj
 0001:0010be70       sf_c139_ICARO3_Onda_bipe_controllonostro_mix_2201_updateBuildInfo_args_info 000000018010ce70 f   c139_ICARO3_Onda_bipe_controllonostro_mix_2201.obj
 0001:0010bea0       sf_internal_get_sim_state_c139_ICARO3_Onda_bipe_controllonostro_mix_2201 000000018010cea0 f   c139_ICARO3_Onda_bipe_controllonostro_mix_2201.obj
 0001:0010c240       sf_internal_set_sim_state_c139_ICARO3_Onda_bipe_controllonostro_mix_2201 000000018010d240 f   c139_ICARO3_Onda_bipe_controllonostro_mix_2201.obj
 0001:0010c6a0       c139_ICARO3_Onda_bipe_controllonostro_mix_2201_method_dispatcher 000000018010d6a0 f   c139_ICARO3_Onda_bipe_controllonostro_mix_2201.obj
 0001:0010e780       sf_c140_ICARO3_Onda_bipe_controllonostro_mix_2201_get_eml_resolved_functions_info 000000018010f780 f   c140_ICARO3_Onda_bipe_controllonostro_mix_2201.obj
 0001:00111240       sf_c140_ICARO3_Onda_bipe_controllonostro_mix_2201_get_check_sum 0000000180112240 f   c140_ICARO3_Onda_bipe_controllonostro_mix_2201.obj
 0001:001112c0       sf_c140_ICARO3_Onda_bipe_controllonostro_mix_2201_get_autoinheritance_info 00000001801122c0 f   c140_ICARO3_Onda_bipe_controllonostro_mix_2201.obj
 0001:001116e0       sf_c140_ICARO3_Onda_bipe_controllonostro_mix_2201_third_party_uses_info 00000001801126e0 f   c140_ICARO3_Onda_bipe_controllonostro_mix_2201.obj
 0001:00111710       sf_c140_ICARO3_Onda_bipe_controllonostro_mix_2201_updateBuildInfo_args_info 0000000180112710 f   c140_ICARO3_Onda_bipe_controllonostro_mix_2201.obj
 0001:00111740       sf_internal_get_sim_state_c140_ICARO3_Onda_bipe_controllonostro_mix_2201 0000000180112740 f   c140_ICARO3_Onda_bipe_controllonostro_mix_2201.obj
 0001:00111ae0       sf_internal_set_sim_state_c140_ICARO3_Onda_bipe_controllonostro_mix_2201 0000000180112ae0 f   c140_ICARO3_Onda_bipe_controllonostro_mix_2201.obj
 0001:00111f40       c140_ICARO3_Onda_bipe_controllonostro_mix_2201_method_dispatcher 0000000180112f40 f   c140_ICARO3_Onda_bipe_controllonostro_mix_2201.obj
 0001:00114020       sf_c141_ICARO3_Onda_bipe_controllonostro_mix_2201_get_eml_resolved_functions_info 0000000180115020 f   c141_ICARO3_Onda_bipe_controllonostro_mix_2201.obj
 0001:001140a0       sf_c141_ICARO3_Onda_bipe_controllonostro_mix_2201_get_check_sum 00000001801150a0 f   c141_ICARO3_Onda_bipe_controllonostro_mix_2201.obj
 0001:00114120       sf_c141_ICARO3_Onda_bipe_controllonostro_mix_2201_get_autoinheritance_info 0000000180115120 f   c141_ICARO3_Onda_bipe_controllonostro_mix_2201.obj
 0001:00114540       sf_c141_ICARO3_Onda_bipe_controllonostro_mix_2201_third_party_uses_info 0000000180115540 f   c141_ICARO3_Onda_bipe_controllonostro_mix_2201.obj
 0001:00114570       sf_c141_ICARO3_Onda_bipe_controllonostro_mix_2201_updateBuildInfo_args_info 0000000180115570 f   c141_ICARO3_Onda_bipe_controllonostro_mix_2201.obj
 0001:001145a0       sf_internal_get_sim_state_c141_ICARO3_Onda_bipe_controllonostro_mix_2201 00000001801155a0 f   c141_ICARO3_Onda_bipe_controllonostro_mix_2201.obj
 0001:00114980       sf_internal_set_sim_state_c141_ICARO3_Onda_bipe_controllonostro_mix_2201 0000000180115980 f   c141_ICARO3_Onda_bipe_controllonostro_mix_2201.obj
 0001:00114e10       c141_ICARO3_Onda_bipe_controllonostro_mix_2201_method_dispatcher 0000000180115e10 f   c141_ICARO3_Onda_bipe_controllonostro_mix_2201.obj
 0001:00117050       sf_c142_ICARO3_Onda_bipe_controllonostro_mix_2201_get_eml_resolved_functions_info 0000000180118050 f   c142_ICARO3_Onda_bipe_controllonostro_mix_2201.obj
 0001:00119b10       sf_c142_ICARO3_Onda_bipe_controllonostro_mix_2201_get_check_sum 000000018011ab10 f   c142_ICARO3_Onda_bipe_controllonostro_mix_2201.obj
 0001:00119b90       sf_c142_ICARO3_Onda_bipe_controllonostro_mix_2201_get_autoinheritance_info 000000018011ab90 f   c142_ICARO3_Onda_bipe_controllonostro_mix_2201.obj
 0001:00119fb0       sf_c142_ICARO3_Onda_bipe_controllonostro_mix_2201_third_party_uses_info 000000018011afb0 f   c142_ICARO3_Onda_bipe_controllonostro_mix_2201.obj
 0001:00119fe0       sf_c142_ICARO3_Onda_bipe_controllonostro_mix_2201_updateBuildInfo_args_info 000000018011afe0 f   c142_ICARO3_Onda_bipe_controllonostro_mix_2201.obj
 0001:0011a010       sf_internal_get_sim_state_c142_ICARO3_Onda_bipe_controllonostro_mix_2201 000000018011b010 f   c142_ICARO3_Onda_bipe_controllonostro_mix_2201.obj
 0001:0011a3b0       sf_internal_set_sim_state_c142_ICARO3_Onda_bipe_controllonostro_mix_2201 000000018011b3b0 f   c142_ICARO3_Onda_bipe_controllonostro_mix_2201.obj
 0001:0011a810       c142_ICARO3_Onda_bipe_controllonostro_mix_2201_method_dispatcher 000000018011b810 f   c142_ICARO3_Onda_bipe_controllonostro_mix_2201.obj
 0001:0011c8e0       sf_c143_ICARO3_Onda_bipe_controllonostro_mix_2201_get_eml_resolved_functions_info 000000018011d8e0 f   c143_ICARO3_Onda_bipe_controllonostro_mix_2201.obj
 0001:0011f3a0       sf_c143_ICARO3_Onda_bipe_controllonostro_mix_2201_get_check_sum 00000001801203a0 f   c143_ICARO3_Onda_bipe_controllonostro_mix_2201.obj
 0001:0011f420       sf_c143_ICARO3_Onda_bipe_controllonostro_mix_2201_get_autoinheritance_info 0000000180120420 f   c143_ICARO3_Onda_bipe_controllonostro_mix_2201.obj
 0001:0011f840       sf_c143_ICARO3_Onda_bipe_controllonostro_mix_2201_third_party_uses_info 0000000180120840 f   c143_ICARO3_Onda_bipe_controllonostro_mix_2201.obj
 0001:0011f870       sf_c143_ICARO3_Onda_bipe_controllonostro_mix_2201_updateBuildInfo_args_info 0000000180120870 f   c143_ICARO3_Onda_bipe_controllonostro_mix_2201.obj
 0001:0011f8a0       sf_internal_get_sim_state_c143_ICARO3_Onda_bipe_controllonostro_mix_2201 00000001801208a0 f   c143_ICARO3_Onda_bipe_controllonostro_mix_2201.obj
 0001:0011fc40       sf_internal_set_sim_state_c143_ICARO3_Onda_bipe_controllonostro_mix_2201 0000000180120c40 f   c143_ICARO3_Onda_bipe_controllonostro_mix_2201.obj
 0001:001200a0       c143_ICARO3_Onda_bipe_controllonostro_mix_2201_method_dispatcher 00000001801210a0 f   c143_ICARO3_Onda_bipe_controllonostro_mix_2201.obj
 0001:00122160       sf_c144_ICARO3_Onda_bipe_controllonostro_mix_2201_get_eml_resolved_functions_info 0000000180123160 f   c144_ICARO3_Onda_bipe_controllonostro_mix_2201.obj
 0001:00124c20       sf_c144_ICARO3_Onda_bipe_controllonostro_mix_2201_get_check_sum 0000000180125c20 f   c144_ICARO3_Onda_bipe_controllonostro_mix_2201.obj
 0001:00124ca0       sf_c144_ICARO3_Onda_bipe_controllonostro_mix_2201_get_autoinheritance_info 0000000180125ca0 f   c144_ICARO3_Onda_bipe_controllonostro_mix_2201.obj
 0001:001250c0       sf_c144_ICARO3_Onda_bipe_controllonostro_mix_2201_third_party_uses_info 00000001801260c0 f   c144_ICARO3_Onda_bipe_controllonostro_mix_2201.obj
 0001:001250f0       sf_c144_ICARO3_Onda_bipe_controllonostro_mix_2201_updateBuildInfo_args_info 00000001801260f0 f   c144_ICARO3_Onda_bipe_controllonostro_mix_2201.obj
 0001:00125120       sf_internal_get_sim_state_c144_ICARO3_Onda_bipe_controllonostro_mix_2201 0000000180126120 f   c144_ICARO3_Onda_bipe_controllonostro_mix_2201.obj
 0001:001254c0       sf_internal_set_sim_state_c144_ICARO3_Onda_bipe_controllonostro_mix_2201 00000001801264c0 f   c144_ICARO3_Onda_bipe_controllonostro_mix_2201.obj
 0001:00125920       c144_ICARO3_Onda_bipe_controllonostro_mix_2201_method_dispatcher 0000000180126920 f   c144_ICARO3_Onda_bipe_controllonostro_mix_2201.obj
 0001:001279f0       sf_c145_ICARO3_Onda_bipe_controllonostro_mix_2201_get_eml_resolved_functions_info 00000001801289f0 f   c145_ICARO3_Onda_bipe_controllonostro_mix_2201.obj
 0001:0012a4b0       sf_c145_ICARO3_Onda_bipe_controllonostro_mix_2201_get_check_sum 000000018012b4b0 f   c145_ICARO3_Onda_bipe_controllonostro_mix_2201.obj
 0001:0012a530       sf_c145_ICARO3_Onda_bipe_controllonostro_mix_2201_get_autoinheritance_info 000000018012b530 f   c145_ICARO3_Onda_bipe_controllonostro_mix_2201.obj
 0001:0012a950       sf_c145_ICARO3_Onda_bipe_controllonostro_mix_2201_third_party_uses_info 000000018012b950 f   c145_ICARO3_Onda_bipe_controllonostro_mix_2201.obj
 0001:0012a980       sf_c145_ICARO3_Onda_bipe_controllonostro_mix_2201_updateBuildInfo_args_info 000000018012b980 f   c145_ICARO3_Onda_bipe_controllonostro_mix_2201.obj
 0001:0012a9b0       sf_internal_get_sim_state_c145_ICARO3_Onda_bipe_controllonostro_mix_2201 000000018012b9b0 f   c145_ICARO3_Onda_bipe_controllonostro_mix_2201.obj
 0001:0012ad50       sf_internal_set_sim_state_c145_ICARO3_Onda_bipe_controllonostro_mix_2201 000000018012bd50 f   c145_ICARO3_Onda_bipe_controllonostro_mix_2201.obj
 0001:0012b1b0       c145_ICARO3_Onda_bipe_controllonostro_mix_2201_method_dispatcher 000000018012c1b0 f   c145_ICARO3_Onda_bipe_controllonostro_mix_2201.obj
 0001:0012d280       sf_c146_ICARO3_Onda_bipe_controllonostro_mix_2201_get_eml_resolved_functions_info 000000018012e280 f   c146_ICARO3_Onda_bipe_controllonostro_mix_2201.obj
 0001:0012d300       sf_c146_ICARO3_Onda_bipe_controllonostro_mix_2201_get_check_sum 000000018012e300 f   c146_ICARO3_Onda_bipe_controllonostro_mix_2201.obj
 0001:0012d380       sf_c146_ICARO3_Onda_bipe_controllonostro_mix_2201_get_autoinheritance_info 000000018012e380 f   c146_ICARO3_Onda_bipe_controllonostro_mix_2201.obj
 0001:0012d7a0       sf_c146_ICARO3_Onda_bipe_controllonostro_mix_2201_third_party_uses_info 000000018012e7a0 f   c146_ICARO3_Onda_bipe_controllonostro_mix_2201.obj
 0001:0012d7d0       sf_c146_ICARO3_Onda_bipe_controllonostro_mix_2201_updateBuildInfo_args_info 000000018012e7d0 f   c146_ICARO3_Onda_bipe_controllonostro_mix_2201.obj
 0001:0012d800       sf_internal_get_sim_state_c146_ICARO3_Onda_bipe_controllonostro_mix_2201 000000018012e800 f   c146_ICARO3_Onda_bipe_controllonostro_mix_2201.obj
 0001:0012dbd0       sf_internal_set_sim_state_c146_ICARO3_Onda_bipe_controllonostro_mix_2201 000000018012ebd0 f   c146_ICARO3_Onda_bipe_controllonostro_mix_2201.obj
 0001:0012e060       c146_ICARO3_Onda_bipe_controllonostro_mix_2201_method_dispatcher 000000018012f060 f   c146_ICARO3_Onda_bipe_controllonostro_mix_2201.obj
 0001:001302b0       sf_c147_ICARO3_Onda_bipe_controllonostro_mix_2201_get_eml_resolved_functions_info 00000001801312b0 f   c147_ICARO3_Onda_bipe_controllonostro_mix_2201.obj
 0001:00132d70       sf_c147_ICARO3_Onda_bipe_controllonostro_mix_2201_get_check_sum 0000000180133d70 f   c147_ICARO3_Onda_bipe_controllonostro_mix_2201.obj
 0001:00132df0       sf_c147_ICARO3_Onda_bipe_controllonostro_mix_2201_get_autoinheritance_info 0000000180133df0 f   c147_ICARO3_Onda_bipe_controllonostro_mix_2201.obj
 0001:00133210       sf_c147_ICARO3_Onda_bipe_controllonostro_mix_2201_third_party_uses_info 0000000180134210 f   c147_ICARO3_Onda_bipe_controllonostro_mix_2201.obj
 0001:00133240       sf_c147_ICARO3_Onda_bipe_controllonostro_mix_2201_updateBuildInfo_args_info 0000000180134240 f   c147_ICARO3_Onda_bipe_controllonostro_mix_2201.obj
 0001:00133270       sf_internal_get_sim_state_c147_ICARO3_Onda_bipe_controllonostro_mix_2201 0000000180134270 f   c147_ICARO3_Onda_bipe_controllonostro_mix_2201.obj
 0001:00133610       sf_internal_set_sim_state_c147_ICARO3_Onda_bipe_controllonostro_mix_2201 0000000180134610 f   c147_ICARO3_Onda_bipe_controllonostro_mix_2201.obj
 0001:00133a70       c147_ICARO3_Onda_bipe_controllonostro_mix_2201_method_dispatcher 0000000180134a70 f   c147_ICARO3_Onda_bipe_controllonostro_mix_2201.obj
 0001:00135b40       sf_c159_ICARO3_Onda_bipe_controllonostro_mix_2201_get_eml_resolved_functions_info 0000000180136b40 f   c159_ICARO3_Onda_bipe_controllonostro_mix_2201.obj
 0001:00136380       sf_c159_ICARO3_Onda_bipe_controllonostro_mix_2201_get_check_sum 0000000180137380 f   c159_ICARO3_Onda_bipe_controllonostro_mix_2201.obj
 0001:00136400       sf_c159_ICARO3_Onda_bipe_controllonostro_mix_2201_get_autoinheritance_info 0000000180137400 f   c159_ICARO3_Onda_bipe_controllonostro_mix_2201.obj
 0001:00136820       sf_c159_ICARO3_Onda_bipe_controllonostro_mix_2201_third_party_uses_info 0000000180137820 f   c159_ICARO3_Onda_bipe_controllonostro_mix_2201.obj
 0001:00136850       sf_c159_ICARO3_Onda_bipe_controllonostro_mix_2201_updateBuildInfo_args_info 0000000180137850 f   c159_ICARO3_Onda_bipe_controllonostro_mix_2201.obj
 0001:00136880       sf_internal_get_sim_state_c159_ICARO3_Onda_bipe_controllonostro_mix_2201 0000000180137880 f   c159_ICARO3_Onda_bipe_controllonostro_mix_2201.obj
 0001:00136c40       sf_internal_set_sim_state_c159_ICARO3_Onda_bipe_controllonostro_mix_2201 0000000180137c40 f   c159_ICARO3_Onda_bipe_controllonostro_mix_2201.obj
 0001:001370d0       c159_ICARO3_Onda_bipe_controllonostro_mix_2201_method_dispatcher 00000001801380d0 f   c159_ICARO3_Onda_bipe_controllonostro_mix_2201.obj
 0001:00139250       sf_process_check_sum_call  000000018013a250 f   ICARO3_Onda_bipe_controllonostro_mix_2201_sfun_registry.obj
 0001:001392a0       sf_process_autoinheritance_call 000000018013a2a0 f   ICARO3_Onda_bipe_controllonostro_mix_2201_sfun_registry.obj
 0001:00139440       sf_process_get_third_party_uses_info_call 000000018013a440 f   ICARO3_Onda_bipe_controllonostro_mix_2201_sfun_registry.obj
 0001:001395e0       sf_process_get_updateBuildInfo_args_info_call 000000018013a5e0 f   ICARO3_Onda_bipe_controllonostro_mix_2201_sfun_registry.obj
 0001:00139780       sf_process_get_eml_resolved_functions_info_call 000000018013a780 f   ICARO3_Onda_bipe_controllonostro_mix_2201_sfun_registry.obj
 0001:00139900       sf_mex_unlock_call         000000018013a900 f   ICARO3_Onda_bipe_controllonostro_mix_2201_sfun_registry.obj
 0001:001399b0       sf_machine_global_initializer_called 000000018013a9b0 f   ICARO3_Onda_bipe_controllonostro_mix_2201_sfun_registry.obj
 0001:001399e0       sf_machine_global_method_dispatcher 000000018013a9e0 f   ICARO3_Onda_bipe_controllonostro_mix_2201_sfun_registry.obj
 0001:00139a40       sf_machine_global_terminator 000000018013aa40 f   ICARO3_Onda_bipe_controllonostro_mix_2201_sfun_registry.obj
 0001:00139a90       sf_register_machine_exported_symbols 000000018013aa90 f   ICARO3_Onda_bipe_controllonostro_mix_2201_sfun_registry.obj
 0001:00139ab0       callCustomFcn              000000018013aab0 f   ICARO3_Onda_bipe_controllonostro_mix_2201_sfun_registry.obj
 0001:00139ac0       sf_machine_global_initializer 000000018013aac0 f   ICARO3_Onda_bipe_controllonostro_mix_2201_sfun_registry.obj
 0001:00139b40       mdlGetSimState             000000018013ab40 f   ICARO3_Onda_bipe_controllonostro_mix_2201_sfun_registry.obj
 0001:00139bc0       mdlSetSimState             000000018013abc0 f   ICARO3_Onda_bipe_controllonostro_mix_2201_sfun_registry.obj
 0001:00139c00       _ssSetStateAbsTol          000000018013ac00 f   ICARO3_Onda_bipe_controllonostro_mix_2201_sfun_registry.obj
 0001:00139ce0       _ssGetAbsTol               000000018013ace0 f   ICARO3_Onda_bipe_controllonostro_mix_2201_sfun_registry.obj
 0001:00139d50       _ssSetInputPortMatrixDimensions 000000018013ad50 f   ICARO3_Onda_bipe_controllonostro_mix_2201_sfun_registry.obj
 0001:00139e60       _ssSetOutputPortMatrixDimensions 000000018013ae60 f   ICARO3_Onda_bipe_controllonostro_mix_2201_sfun_registry.obj
 0001:00139f70       _ssSetInputPortVectorDimension 000000018013af70 f   ICARO3_Onda_bipe_controllonostro_mix_2201_sfun_registry.obj
 0001:0013a040       _ssSetOutputPortVectorDimension 000000018013b040 f   ICARO3_Onda_bipe_controllonostro_mix_2201_sfun_registry.obj
 0001:0013a110       ssIsRunTimeParamTunable    000000018013b110 f   ICARO3_Onda_bipe_controllonostro_mix_2201_sfun_registry.obj
 0001:0013a180       ssGetSFuncBlockHandle      000000018013b180 f   ICARO3_Onda_bipe_controllonostro_mix_2201_sfun_registry.obj
 0001:0013a1f0       _ssGetCurrentInputPortWidth 000000018013b1f0 f   ICARO3_Onda_bipe_controllonostro_mix_2201_sfun_registry.obj
 0001:0013a310       _ssGetCurrentOutputPortWidth 000000018013b310 f   ICARO3_Onda_bipe_controllonostro_mix_2201_sfun_registry.obj
 0001:0013a430       _ssGetCallSystemNumFcnCallDestinations 000000018013b430 f   ICARO3_Onda_bipe_controllonostro_mix_2201_sfun_registry.obj
 0001:0013a4a0       ssWarning                  000000018013b4a0 f   ICARO3_Onda_bipe_controllonostro_mix_2201_sfun_registry.obj
 0001:0013a5b0       ssGetIsZeroCrossControlDisabled 000000018013b5b0 f   ICARO3_Onda_bipe_controllonostro_mix_2201_sfun_registry.obj
 0001:0013a620       ssSetIsInputPortUsedForContZcSignal 000000018013b620 f   ICARO3_Onda_bipe_controllonostro_mix_2201_sfun_registry.obj
 0001:0013a690       ssSetZcSignalIsZcElementDisc 000000018013b690 f   ICARO3_Onda_bipe_controllonostro_mix_2201_sfun_registry.obj
 0001:0013a740       ssSetZcSignalName          000000018013b740 f   ICARO3_Onda_bipe_controllonostro_mix_2201_sfun_registry.obj
 0001:0013a7b0       ssSetZcSignalWidth         000000018013b7b0 f   ICARO3_Onda_bipe_controllonostro_mix_2201_sfun_registry.obj
 0001:0013a820       ssSetZcSignalZcEventType   000000018013b820 f   ICARO3_Onda_bipe_controllonostro_mix_2201_sfun_registry.obj
 0001:0013a890       ssSetZcSignalType          000000018013b890 f   ICARO3_Onda_bipe_controllonostro_mix_2201_sfun_registry.obj
 0001:0013a900       ssSetZcSignalZcTol         000000018013b900 f   ICARO3_Onda_bipe_controllonostro_mix_2201_sfun_registry.obj
 0001:0013a970       ssSetZcSignalNeedsEventNotification 000000018013b970 f   ICARO3_Onda_bipe_controllonostro_mix_2201_sfun_registry.obj
 0001:0013a9e0       ssCreateAndAddZcSignalInfo 000000018013b9e0 f   ICARO3_Onda_bipe_controllonostro_mix_2201_sfun_registry.obj
 0001:0013aa50       ssCloneAndAddZcSignalInfo  000000018013ba50 f   ICARO3_Onda_bipe_controllonostro_mix_2201_sfun_registry.obj
 0001:0013aac0       ssGetNumZcSignals          000000018013bac0 f   ICARO3_Onda_bipe_controllonostro_mix_2201_sfun_registry.obj
 0001:0013ab30       ssGetZcSignalVector        000000018013bb30 f   ICARO3_Onda_bipe_controllonostro_mix_2201_sfun_registry.obj
 0001:0013aba0       ssGetZcSignalZcEvents      000000018013bba0 f   ICARO3_Onda_bipe_controllonostro_mix_2201_sfun_registry.obj
 0001:0013ac10       ssGetZcSignalName          000000018013bc10 f   ICARO3_Onda_bipe_controllonostro_mix_2201_sfun_registry.obj
 0001:0013ac80       ssGetZcSignalWidth         000000018013bc80 f   ICARO3_Onda_bipe_controllonostro_mix_2201_sfun_registry.obj
 0001:0013acf0       ssGetZcSignalZcEventType   000000018013bcf0 f   ICARO3_Onda_bipe_controllonostro_mix_2201_sfun_registry.obj
 0001:0013ad60       ssGetZcSignalType          000000018013bd60 f   ICARO3_Onda_bipe_controllonostro_mix_2201_sfun_registry.obj
 0001:0013add0       ssGetZcSignalZcTol         000000018013bdd0 f   ICARO3_Onda_bipe_controllonostro_mix_2201_sfun_registry.obj
 0001:0013ae50       ssGetZcSignalNeedsEventNotification 000000018013be50 f   ICARO3_Onda_bipe_controllonostro_mix_2201_sfun_registry.obj
 0001:0013aec0       ssGetZcSignalIsZcElementDisc 000000018013bec0 f   ICARO3_Onda_bipe_controllonostro_mix_2201_sfun_registry.obj
 0001:0013af60       ssGetIsInputPortElementContinuous 000000018013bf60 f   ICARO3_Onda_bipe_controllonostro_mix_2201_sfun_registry.obj
 0001:0013b000       _ssGetInputPortSignalPtrsFcn 000000018013c000 f   ICARO3_Onda_bipe_controllonostro_mix_2201_sfun_registry.obj
 0001:0013b2c0       _ssGetInputPortSignalFcn   000000018013c2c0 f   ICARO3_Onda_bipe_controllonostro_mix_2201_sfun_registry.obj
 0001:0013b4e0       _ssSetInputPortDirectFeedThroughFcn 000000018013c4e0 f   ICARO3_Onda_bipe_controllonostro_mix_2201_sfun_registry.obj
 0001:0013b640       _ssSetInputPortReusableFcn 000000018013c640 f   ICARO3_Onda_bipe_controllonostro_mix_2201_sfun_registry.obj
 0001:0013b730       _ssSetOutputPortReusableFcn 000000018013c730 f   ICARO3_Onda_bipe_controllonostro_mix_2201_sfun_registry.obj
 0001:0013b810       ssGetDTypeIdFromMxArray    000000018013c810 f   ICARO3_Onda_bipe_controllonostro_mix_2201_sfun_registry.obj
 0001:0013b930       ssWriteRTWStr              000000018013c930 f   ICARO3_Onda_bipe_controllonostro_mix_2201_sfun_registry.obj
 0001:0013b990       ssWriteRTWMxVectParam      000000018013c990 f   ICARO3_Onda_bipe_controllonostro_mix_2201_sfun_registry.obj
 0001:0013b9f0       ssWriteRTWMx2dMatParam     000000018013c9f0 f   ICARO3_Onda_bipe_controllonostro_mix_2201_sfun_registry.obj
 0001:0013ba70       ssWriteRTWNameValuePair    000000018013ca70 f   ICARO3_Onda_bipe_controllonostro_mix_2201_sfun_registry.obj
 0001:0013bf60       ssWriteRTWParameters       000000018013cf60 f   ICARO3_Onda_bipe_controllonostro_mix_2201_sfun_registry.obj
 0001:0013c560       ssWriteRTWParamSettings    000000018013d560 f   ICARO3_Onda_bipe_controllonostro_mix_2201_sfun_registry.obj
 0001:0013cc30       ssWriteRTWWorkVect         000000018013dc30 f   ICARO3_Onda_bipe_controllonostro_mix_2201_sfun_registry.obj
 0001:0013d130       mexFunction                000000018013e130 f   ICARO3_Onda_bipe_controllonostro_mix_2201_sfun_registry.obj
 0001:0013f5b0       ProcessMexSfunctionEveryCall 00000001801405b0 f   ICARO3_Onda_bipe_controllonostro_mix_2201_sfun_registry.obj
 0001:0013f732       sf_debug_set_machine_data_thresholds 0000000180140732 f   sf_runtime:sf_runtime.dll
 0001:0013f738       sf_debug_set_machine_event_thresholds 0000000180140738 f   sf_runtime:sf_runtime.dll
 0001:0013f73e       sf_debug_initialize_machine 000000018014073e f   sf_runtime:sf_runtime.dll
 0001:0013f744       sf_load_rtw_optimization_info 0000000180140744 f   sf_runtime:sf_runtime.dll
 0001:0013f74a       sf_mex_assign              000000018014074a f   sf_runtime:sf_runtime.dll
 0001:0013f750       sf_mex_create              0000000180140750 f   sf_runtime:sf_runtime.dll
 0001:0013f756       sf_mex_error_message       0000000180140756 f   sf_runtime:sf_runtime.dll
 0001:0013f75c       sf_mex_call_matlab         000000018014075c f   sf_runtime:sf_runtime.dll
 0001:0013f762       sf_mex_setcell             0000000180140762 f   sf_runtime:sf_runtime.dll
 0001:0013f768       sf_mex_createcellmatrix    0000000180140768 f   sf_runtime:sf_runtime.dll
 0001:0013f76e       sf_mex_decode_encoded_mx_struct_array 000000018014076e f   sf_runtime:sf_runtime.dll
 0001:0013f774       sf_mex_destroy             0000000180140774 f   sf_runtime:sf_runtime.dll
 0001:0013f77a       sf_mex_getcell             000000018014077a f   sf_runtime:sf_runtime.dll
 0001:0013f780       sf_mex_dup                 0000000180140780 f   sf_runtime:sf_runtime.dll
 0001:0013f786       sf_mex_import              0000000180140786 f   sf_runtime:sf_runtime.dll
 0001:0013f78c       sf_set_rtw_dwork_info      000000018014078c f   sf_runtime:sf_runtime.dll
 0001:0013f792       sf_mark_chart_reusable_outputs 0000000180140792 f   sf_runtime:sf_runtime.dll
 0001:0013f798       sf_mark_chart_expressionable_inputs 0000000180140798 f   sf_runtime:sf_runtime.dll
 0001:0013f79e       sf_update_buildInfo        000000018014079e f   sf_runtime:sf_runtime.dll
 0001:0013f7a4       sf_rtw_info_uint_prop      00000001801407a4 f   sf_runtime:sf_runtime.dll
 0001:0013f7aa       sf_is_chart_inlinable      00000001801407aa f   sf_runtime:sf_runtime.dll
 0001:0013f7b0       sim_mode_is_external       00000001801407b0 f   sf_runtime:sf_runtime.dll
 0001:0013f7b6       sim_mode_is_rtw_gen        00000001801407b6 f   sf_runtime:sf_runtime.dll
 0001:0013f7bc       sf_debug_reset_current_state_configuration 00000001801407bc f   sf_runtime:sf_runtime.dll
 0001:0013f7c2       sf_debug_set_instance_data_value_ptr 00000001801407c2 f   sf_runtime:sf_runtime.dll
 0001:0013f7c8       sf_debug_set_chart_data_compiled_props 00000001801407c8 f   sf_runtime:sf_runtime.dll
 0001:0013f7ce       cv_eml_init_switch         00000001801407ce f   sf_runtime:sf_runtime.dll
 0001:0013f7d4       cv_eml_init_fcn            00000001801407d4 f   sf_runtime:sf_runtime.dll
 0001:0013f7da       cv_eml_init_script         00000001801407da f   sf_runtime:sf_runtime.dll
 0001:0013f7e0       sf_debug_cv_init_trans     00000001801407e0 f   sf_runtime:sf_runtime.dll
[...]
 0001:0012e1c0       mdlSetWorkWidths_c146_ICARO3_Onda_bipe_controllonostro_mix_2201 000000018012f1c0 f   c146_ICARO3_Onda_bipe_controllonostro_mix_2201.obj
 0001:0012e690       sf_get_instance_specialization 000000018012f690 f   c146_ICARO3_Onda_bipe_controllonostro_mix_2201.obj
 0001:0012e6a0       mdlStart_c146_ICARO3_Onda_bipe_controllonostro_mix_2201 000000018012f6a0 f   c146_ICARO3_Onda_bipe_controllonostro_mix_2201.obj
 0001:0012e8d0       init_dsm_address_info      000000018012f8d0 f   c146_ICARO3_Onda_bipe_controllonostro_mix_2201.obj
 0001:0012e8e0       chart_debug_initialization 000000018012f8e0 f   c146_ICARO3_Onda_bipe_controllonostro_mix_2201.obj
 0001:0012f050       init_script_number_translation 0000000180130050 f   c146_ICARO3_Onda_bipe_controllonostro_mix_2201.obj
 0001:0012f070       c146_sf_marshallOut        0000000180130070 f   c146_ICARO3_Onda_bipe_controllonostro_mix_2201.obj
 0001:0012f1d0       c146_sf_marshallIn         00000001801301d0 f   c146_ICARO3_Onda_bipe_controllonostro_mix_2201.obj
 0001:0012f2c0       c146_b_sf_marshallOut      00000001801302c0 f   c146_ICARO3_Onda_bipe_controllonostro_mix_2201.obj
 0001:0012f400       sf_opaque_initialize_c146_ICARO3_Onda_bipe_controllonostro_mix_2201 0000000180130400 f   c146_ICARO3_Onda_bipe_controllonostro_mix_2201.obj
 0001:0012f440       initialize_c146_ICARO3_Onda_bipe_controllonostro_mix_2201 0000000180130440 f   c146_ICARO3_Onda_bipe_controllonostro_mix_2201.obj
 0001:0012f490       sf_opaque_enable_c146_ICARO3_Onda_bipe_controllonostro_mix_2201 0000000180130490 f   c146_ICARO3_Onda_bipe_controllonostro_mix_2201.obj
 0001:0012f4b0       enable_c146_ICARO3_Onda_bipe_controllonostro_mix_2201 00000001801304b0 f   c146_ICARO3_Onda_bipe_controllonostro_mix_2201.obj
 0001:0012f4e0       sf_opaque_disable_c146_ICARO3_Onda_bipe_controllonostro_mix_2201 00000001801304e0 f   c146_ICARO3_Onda_bipe_controllonostro_mix_2201.obj
 0001:0012f500       disable_c146_ICARO3_Onda_bipe_controllonostro_mix_2201 0000000180130500 f   c146_ICARO3_Onda_bipe_controllonostro_mix_2201.obj
 0001:0012f530       sf_opaque_gateway_c146_ICARO3_Onda_bipe_controllonostro_mix_2201 0000000180130530 f   c146_ICARO3_Onda_bipe_controllonostro_mix_2201.obj
 0001:0012f550       sf_gateway_c146_ICARO3_Onda_bipe_controllonostro_mix_2201 0000000180130550 f   c146_ICARO3_Onda_bipe_controllonostro_mix_2201.obj
 0001:0012ff60       c146_c_sf_marshallOut      0000000180130f60 f   c146_ICARO3_Onda_bipe_controllonostro_mix_2201.obj
 0001:00130010       c146_b_sf_marshallIn       0000000180131010 f   c146_ICARO3_Onda_bipe_controllonostro_mix_2201.obj
 0001:001300b0       c146_c_emlrt_marshallIn    00000001801310b0 f   c146_ICARO3_Onda_bipe_controllonostro_mix_2201.obj
 0001:00130140       sf_opaque_get_sim_state_c146_ICARO3_Onda_bipe_controllonostro_mix_2201 0000000180131140 f   c146_ICARO3_Onda_bipe_controllonostro_mix_2201.obj
 0001:00130160       sf_opaque_set_sim_state_c146_ICARO3_Onda_bipe_controllonostro_mix_2201 0000000180131160 f   c146_ICARO3_Onda_bipe_controllonostro_mix_2201.obj
 0001:00130190       sf_opaque_terminate_c146_ICARO3_Onda_bipe_controllonostro_mix_2201 0000000180131190 f   c146_ICARO3_Onda_bipe_controllonostro_mix_2201.obj
 0001:00130230       finalize_c146_ICARO3_Onda_bipe_controllonostro_mix_2201 0000000180131230 f   c146_ICARO3_Onda_bipe_controllonostro_mix_2201.obj
 0001:00130240       sf_opaque_init_subchart_simstructs 0000000180131240 f   c146_ICARO3_Onda_bipe_controllonostro_mix_2201.obj
 0001:00130260       initSimStructsc146_ICARO3_Onda_bipe_controllonostro_mix_2201 0000000180131260 f   c146_ICARO3_Onda_bipe_controllonostro_mix_2201.obj
 0001:00130270       mdlRTW_c146_ICARO3_Onda_bipe_controllonostro_mix_2201 0000000180131270 f   c146_ICARO3_Onda_bipe_controllonostro_mix_2201.obj
 0001:00130320       c147_info_helper           0000000180131320 f   c147_ICARO3_Onda_bipe_controllonostro_mix_2201.obj
 0001:00132c70       c147_emlrt_marshallOut     0000000180133c70 f   c147_ICARO3_Onda_bipe_controllonostro_mix_2201.obj
 0001:00132d00       c147_b_emlrt_marshallOut   0000000180133d00 f   c147_ICARO3_Onda_bipe_controllonostro_mix_2201.obj
 0001:00133370       get_sim_state_c147_ICARO3_Onda_bipe_controllonostro_mix_2201 0000000180134370 f   c147_ICARO3_Onda_bipe_controllonostro_mix_2201.obj
 0001:00133550       sf_get_sim_state_info_c147_ICARO3_Onda_bipe_controllonostro_mix_2201 0000000180134550 f   c147_ICARO3_Onda_bipe_controllonostro_mix_2201.obj
 0001:00133720       set_sim_state_c147_ICARO3_Onda_bipe_controllonostro_mix_2201 0000000180134720 f   c147_ICARO3_Onda_bipe_controllonostro_mix_2201.obj
 0001:00133830       c147_update_debugger_state_c147_ICARO3_Onda_bipe_controllonostro 0000000180134830 f   c147_ICARO3_Onda_bipe_controllonostro_mix_2201.obj
 0001:00133840       c147_emlrt_marshallIn      0000000180134840 f   c147_ICARO3_Onda_bipe_controllonostro_mix_2201.obj
 0001:001338b0       c147_b_emlrt_marshallIn    00000001801348b0 f   c147_ICARO3_Onda_bipe_controllonostro_mix_2201.obj
 0001:00133980       c147_e_emlrt_marshallIn    0000000180134980 f   c147_ICARO3_Onda_bipe_controllonostro_mix_2201.obj
 0001:001339e0       c147_f_emlrt_marshallIn    00000001801349e0 f   c147_ICARO3_Onda_bipe_controllonostro_mix_2201.obj
 0001:00133ae0       mdlProcessParameters_c147_ICARO3_Onda_bipe_controllonostro_mix_2201 0000000180134ae0 f   c147_ICARO3_Onda_bipe_controllonostro_mix_2201.obj
 0001:00133bc0       initialize_params_c147_ICARO3_Onda_bipe_controllonostro_mix_2201 0000000180134bc0 f   c147_ICARO3_Onda_bipe_controllonostro_mix_2201.obj
 0001:00133bd0       mdlSetWorkWidths_c147_ICARO3_Onda_bipe_controllonostro_mix_2201 0000000180134bd0 f   c147_ICARO3_Onda_bipe_controllonostro_mix_2201.obj
 0001:001340a0       sf_get_instance_specialization 00000001801350a0 f   c147_ICARO3_Onda_bipe_controllonostro_mix_2201.obj
 0001:001340b0       mdlStart_c147_ICARO3_Onda_bipe_controllonostro_mix_2201 00000001801350b0 f   c147_ICARO3_Onda_bipe_controllonostro_mix_2201.obj
 0001:001342e0       init_dsm_address_info      00000001801352e0 f   c147_ICARO3_Onda_bipe_controllonostro_mix_2201.obj
 0001:001342f0       chart_debug_initialization 00000001801352f0 f   c147_ICARO3_Onda_bipe_controllonostro_mix_2201.obj
 0001:00134b10       init_script_number_translation 0000000180135b10 f   c147_ICARO3_Onda_bipe_controllonostro_mix_2201.obj
 0001:00134b30       c147_sf_marshallOut        0000000180135b30 f   c147_ICARO3_Onda_bipe_controllonostro_mix_2201.obj
 0001:00134c60       c147_sf_marshallIn         0000000180135c60 f   c147_ICARO3_Onda_bipe_controllonostro_mix_2201.obj
 0001:00134d30       c147_b_sf_marshallOut      0000000180135d30 f   c147_ICARO3_Onda_bipe_controllonostro_mix_2201.obj
 0001:00134de0       sf_opaque_initialize_c147_ICARO3_Onda_bipe_controllonostro_mix_2201 0000000180135de0 f   c147_ICARO3_Onda_bipe_controllonostro_mix_2201.obj
 0001:00134e20       initialize_c147_ICARO3_Onda_bipe_controllonostro_mix_2201 0000000180135e20 f   c147_ICARO3_Onda_bipe_controllonostro_mix_2201.obj
 0001:00134e70       sf_opaque_enable_c147_ICARO3_Onda_bipe_controllonostro_mix_2201 0000000180135e70 f   c147_ICARO3_Onda_bipe_controllonostro_mix_2201.obj
 0001:00134e90       enable_c147_ICARO3_Onda_bipe_controllonostro_mix_2201 0000000180135e90 f   c147_ICARO3_Onda_bipe_controllonostro_mix_2201.obj
 0001:00134ec0       sf_opaque_disable_c147_ICARO3_Onda_bipe_controllonostro_mix_2201 0000000180135ec0 f   c147_ICARO3_Onda_bipe_controllonostro_mix_2201.obj
 0001:00134ee0       disable_c147_ICARO3_Onda_bipe_controllonostro_mix_2201 0000000180135ee0 f   c147_ICARO3_Onda_bipe_controllonostro_mix_2201.obj
 0001:00134f10       sf_opaque_gateway_c147_ICARO3_Onda_bipe_controllonostro_mix_2201 0000000180135f10 f   c147_ICARO3_Onda_bipe_controllonostro_mix_2201.obj
 0001:00134f30       sf_gateway_c147_ICARO3_Onda_bipe_controllonostro_mix_2201 0000000180135f30 f   c147_ICARO3_Onda_bipe_controllonostro_mix_2201.obj
 0001:001357f0       c147_c_sf_marshallOut      00000001801367f0 f   c147_ICARO3_Onda_bipe_controllonostro_mix_2201.obj
 0001:001358a0       c147_b_sf_marshallIn       00000001801368a0 f   c147_ICARO3_Onda_bipe_controllonostro_mix_2201.obj
 0001:00135940       c147_c_emlrt_marshallIn    0000000180136940 f   c147_ICARO3_Onda_bipe_controllonostro_mix_2201.obj
 0001:001359d0       sf_opaque_get_sim_state_c147_ICARO3_Onda_bipe_controllonostro_mix_2201 00000001801369d0 f   c147_ICARO3_Onda_bipe_controllonostro_mix_2201.obj
 0001:001359f0       sf_opaque_set_sim_state_c147_ICARO3_Onda_bipe_controllonostro_mix_2201 00000001801369f0 f   c147_ICARO3_Onda_bipe_controllonostro_mix_2201.obj
 0001:00135a20       sf_opaque_terminate_c147_ICARO3_Onda_bipe_controllonostro_mix_2201 0000000180136a20 f   c147_ICARO3_Onda_bipe_controllonostro_mix_2201.obj
 0001:00135ac0       finalize_c147_ICARO3_Onda_bipe_controllonostro_mix_2201 0000000180136ac0 f   c147_ICARO3_Onda_bipe_controllonostro_mix_2201.obj
 0001:00135ad0       sf_opaque_init_subchart_simstructs 0000000180136ad0 f   c147_ICARO3_Onda_bipe_controllonostro_mix_2201.obj
 0001:00135af0       initSimStructsc147_ICARO3_Onda_bipe_controllonostro_mix_2201 0000000180136af0 f   c147_ICARO3_Onda_bipe_controllonostro_mix_2201.obj
 0001:00135b00       mdlRTW_c147_ICARO3_Onda_bipe_controllonostro_mix_2201 0000000180136b00 f   c147_ICARO3_Onda_bipe_controllonostro_mix_2201.obj
 0001:00135bb0       c159_info_helper           0000000180136bb0 f   c159_ICARO3_Onda_bipe_controllonostro_mix_2201.obj
 0001:00136280       c159_emlrt_marshallOut     0000000180137280 f   c159_ICARO3_Onda_bipe_controllonostro_mix_2201.obj
 0001:00136310       c159_b_emlrt_marshallOut   0000000180137310 f   c159_ICARO3_Onda_bipe_controllonostro_mix_2201.obj
 0001:00136980       get_sim_state_c159_ICARO3_Onda_bipe_controllonostro_mix_2201 0000000180137980 f   c159_ICARO3_Onda_bipe_controllonostro_mix_2201.obj
 0001:00136b80       sf_get_sim_state_info_c159_ICARO3_Onda_bipe_controllonostro_mix_2201 0000000180137b80 f   c159_ICARO3_Onda_bipe_controllonostro_mix_2201.obj
 0001:00136d50       set_sim_state_c159_ICARO3_Onda_bipe_controllonostro_mix_2201 0000000180137d50 f   c159_ICARO3_Onda_bipe_controllonostro_mix_2201.obj
 0001:00136e70       c159_update_debugger_state_c159_ICARO3_Onda_bipe_controllonostro 0000000180137e70 f   c159_ICARO3_Onda_bipe_controllonostro_mix_2201.obj
 0001:00136e80       c159_emlrt_marshallIn      0000000180137e80 f   c159_ICARO3_Onda_bipe_controllonostro_mix_2201.obj
 0001:00136ef0       c159_b_emlrt_marshallIn    0000000180137ef0 f   c159_ICARO3_Onda_bipe_controllonostro_mix_2201.obj
 0001:00136fe0       c159_e_emlrt_marshallIn    0000000180137fe0 f   c159_ICARO3_Onda_bipe_controllonostro_mix_2201.obj
 0001:00137040       c159_f_emlrt_marshallIn    0000000180138040 f   c159_ICARO3_Onda_bipe_controllonostro_mix_2201.obj
 0001:00137140       mdlProcessParameters_c159_ICARO3_Onda_bipe_controllonostro_mix_2201 0000000180138140 f   c159_ICARO3_Onda_bipe_controllonostro_mix_2201.obj
 0001:00137220       initialize_params_c159_ICARO3_Onda_bipe_controllonostro_mix_2201 0000000180138220 f   c159_ICARO3_Onda_bipe_controllonostro_mix_2201.obj
 0001:00137230       mdlSetWorkWidths_c159_ICARO3_Onda_bipe_controllonostro_mix_2201 0000000180138230 f   c159_ICARO3_Onda_bipe_controllonostro_mix_2201.obj
 0001:00137700       sf_get_instance_specialization 0000000180138700 f   c159_ICARO3_Onda_bipe_controllonostro_mix_2201.obj
 0001:00137710       mdlStart_c159_ICARO3_Onda_bipe_controllonostro_mix_2201 0000000180138710 f   c159_ICARO3_Onda_bipe_controllonostro_mix_2201.obj
 0001:00137940       init_dsm_address_info      0000000180138940 f   c159_ICARO3_Onda_bipe_controllonostro_mix_2201.obj
 0001:00137950       chart_debug_initialization 0000000180138950 f   c159_ICARO3_Onda_bipe_controllonostro_mix_2201.obj
 0001:001380b0       init_script_number_translation 00000001801390b0 f   c159_ICARO3_Onda_bipe_controllonostro_mix_2201.obj
 0001:001380d0       c159_sf_marshallOut        00000001801390d0 f   c159_ICARO3_Onda_bipe_controllonostro_mix_2201.obj
 0001:00138220       c159_sf_marshallIn         0000000180139220 f   c159_ICARO3_Onda_bipe_controllonostro_mix_2201.obj
 0001:00138310       sf_opaque_initialize_c159_ICARO3_Onda_bipe_controllonostro_mix_2201 0000000180139310 f   c159_ICARO3_Onda_bipe_controllonostro_mix_2201.obj
 0001:00138350       initialize_c159_ICARO3_Onda_bipe_controllonostro_mix_2201 0000000180139350 f   c159_ICARO3_Onda_bipe_controllonostro_mix_2201.obj
 0001:001383a0       sf_opaque_enable_c159_ICARO3_Onda_bipe_controllonostro_mix_2201 00000001801393a0 f   c159_ICARO3_Onda_bipe_controllonostro_mix_2201.obj
 0001:001383c0       enable_c159_ICARO3_Onda_bipe_controllonostro_mix_2201 00000001801393c0 f   c159_ICARO3_Onda_bipe_controllonostro_mix_2201.obj
 0001:001383f0       sf_opaque_disable_c159_ICARO3_Onda_bipe_controllonostro_mix_2201 00000001801393f0 f   c159_ICARO3_Onda_bipe_controllonostro_mix_2201.obj
 0001:00138410       disable_c159_ICARO3_Onda_bipe_controllonostro_mix_2201 0000000180139410 f   c159_ICARO3_Onda_bipe_controllonostro_mix_2201.obj
 0001:00138440       sf_opaque_gateway_c159_ICARO3_Onda_bipe_controllonostro_mix_2201 0000000180139440 f   c159_ICARO3_Onda_bipe_controllonostro_mix_2201.obj
 0001:00138460       sf_gateway_c159_ICARO3_Onda_bipe_controllonostro_mix_2201 0000000180139460 f   c159_ICARO3_Onda_bipe_controllonostro_mix_2201.obj
 0001:00138cb0       c159_b_sf_marshallOut      0000000180139cb0 f   c159_ICARO3_Onda_bipe_controllonostro_mix_2201.obj
 0001:00138d60       c159_b_sf_marshallIn       0000000180139d60 f   c159_ICARO3_Onda_bipe_controllonostro_mix_2201.obj
 0001:00138e00       c159_c_emlrt_marshallIn    0000000180139e00 f   c159_ICARO3_Onda_bipe_controllonostro_mix_2201.obj
 0001:00138e90       c159_c_sf_marshallOut      0000000180139e90 f   c159_ICARO3_Onda_bipe_controllonostro_mix_2201.obj
 0001:001390e0       sf_opaque_get_sim_state_c159_ICARO3_Onda_bipe_controllonostro_mix_2201 000000018013a0e0 f   c159_ICARO3_Onda_bipe_controllonostro_mix_2201.obj
 0001:00139100       sf_opaque_set_sim_state_c159_ICARO3_Onda_bipe_controllonostro_mix_2201 000000018013a100 f   c159_ICARO3_Onda_bipe_controllonostro_mix_2201.obj
 0001:00139130       sf_opaque_terminate_c159_ICARO3_Onda_bipe_controllonostro_mix_2201 000000018013a130 f   c159_ICARO3_Onda_bipe_controllonostro_mix_2201.obj
 0001:001391d0       finalize_c159_ICARO3_Onda_bipe_controllonostro_mix_2201 000000018013a1d0 f   c159_ICARO3_Onda_bipe_controllonostro_mix_2201.obj
 0001:001391e0       sf_opaque_init_subchart_simstructs 000000018013a1e0 f   c159_ICARO3_Onda_bipe_controllonostro_mix_2201.obj
 0001:00139200       initSimStructsc159_ICARO3_Onda_bipe_controllonostro_mix_2201 000000018013a200 f   c159_ICARO3_Onda_bipe_controllonostro_mix_2201.obj
 0001:00139210       mdlRTW_c159_ICARO3_Onda_bipe_controllonostro_mix_2201 000000018013a210 f   c159_ICARO3_Onda_bipe_controllonostro_mix_2201.obj
 0001:00139b80       getChartInfoFromSimStruct  000000018013ab80 f   ICARO3_Onda_bipe_controllonostro_mix_2201_sfun_registry.obj
 0001:0013b220       _ssFatalError              000000018013c220 f   ICARO3_Onda_bipe_controllonostro_mix_2201_sfun_registry.obj
 0001:0013e2d0       ProcessMexSfunctionCmdLineCall 000000018013f2d0 f   ICARO3_Onda_bipe_controllonostro_mix_2201_sfun_registry.obj
 0001:0013e400       sf_debug_api_wrapper       000000018013f400 f   ICARO3_Onda_bipe_controllonostro_mix_2201_sfun_registry.obj
 0001:0013e450       mdlStart                   000000018013f450 f   ICARO3_Onda_bipe_controllonostro_mix_2201_sfun_registry.obj
 0001:0013e480       mdl_start_processing       000000018013f480 f   ICARO3_Onda_bipe_controllonostro_mix_2201_sfun_registry.obj
 0001:0013e510       mdlTerminate               000000018013f510 f   ICARO3_Onda_bipe_controllonostro_mix_2201_sfun_registry.obj
 0001:0013e540       mdl_terminate_processing   000000018013f540 f   ICARO3_Onda_bipe_controllonostro_mix_2201_sfun_registry.obj
 0001:0013e5c0       mdlInitializeSampleTimes   000000018013f5c0 f   ICARO3_Onda_bipe_controllonostro_mix_2201_sfun_registry.obj
 0001:0013e5f0       mdlZeroCrossings           000000018013f5f0 f   ICARO3_Onda_bipe_controllonostro_mix_2201_sfun_registry.obj
 0001:0013e620       mdl_zeroCrossings_processing 000000018013f620 f   ICARO3_Onda_bipe_controllonostro_mix_2201_sfun_registry.obj
 0001:0013e660       mdlDerivatives             000000018013f660 f   ICARO3_Onda_bipe_controllonostro_mix_2201_sfun_registry.obj
 0001:0013e690       mdl_derivatives_processing 000000018013f690 f   ICARO3_Onda_bipe_controllonostro_mix_2201_sfun_registry.obj
 0001:0013e6e0       mdlInitializeConditions    000000018013f6e0 f   ICARO3_Onda_bipe_controllonostro_mix_2201_sfun_registry.obj
 0001:0013e710       mdl_initialize_conditions_processing 000000018013f710 f   ICARO3_Onda_bipe_controllonostro_mix_2201_sfun_registry.obj
 0001:0013e760       mdlEnable                  000000018013f760 f   ICARO3_Onda_bipe_controllonostro_mix_2201_sfun_registry.obj
 0001:0013e790       mdl_enable_processing      000000018013f790 f   ICARO3_Onda_bipe_controllonostro_mix_2201_sfun_registry.obj
 0001:0013e7d0       mdlDisable                 000000018013f7d0 f   ICARO3_Onda_bipe_controllonostro_mix_2201_sfun_registry.obj
 0001:0013e800       mdl_disable_processing     000000018013f800 f   ICARO3_Onda_bipe_controllonostro_mix_2201_sfun_registry.obj
 0001:0013e840       mdlOutputs                 000000018013f840 f   ICARO3_Onda_bipe_controllonostro_mix_2201_sfun_registry.obj
 0001:0013e870       mdl_outputs_processing     000000018013f870 f   ICARO3_Onda_bipe_controllonostro_mix_2201_sfun_registry.obj
 0001:0013e950       mdl_outputs_continuous_legacy 000000018013f950 f   ICARO3_Onda_bipe_controllonostro_mix_2201_sfun_registry.obj
 0001:0013ea40       mdlGetTimeOfNextVarHit     000000018013fa40 f   ICARO3_Onda_bipe_controllonostro_mix_2201_sfun_registry.obj
 0001:0013ea90       _ProcessMexSfunctionCmdLineCall 000000018013fa90 f   ICARO3_Onda_bipe_controllonostro_mix_2201_sfun_registry.obj
 0001:0013f1e0       mdlSetWorkWidths           00000001801401e0 f   ICARO3_Onda_bipe_controllonostro_mix_2201_sfun_registry.obj
 0001:0013f210       mdlProcessParameters       0000000180140210 f   ICARO3_Onda_bipe_controllonostro_mix_2201_sfun_registry.obj
 0001:0013f240       mdlInitializeSizes         0000000180140240 f   ICARO3_Onda_bipe_controllonostro_mix_2201_sfun_registry.obj
 0001:0013f270       mdlExtModeExec             0000000180140270 f   ICARO3_Onda_bipe_controllonostro_mix_2201_sfun_registry.obj
 0001:0013f2a0       mdl_ext_mode_exec_processing 00000001801402a0 f   ICARO3_Onda_bipe_controllonostro_mix_2201_sfun_registry.obj
 0001:0013f2e0       mdlRTW                     00000001801402e0 f   ICARO3_Onda_bipe_controllonostro_mix_2201_sfun_registry.obj
 0001:0013f320       _CreateSimStruct           0000000180140320 f   ICARO3_Onda_bipe_controllonostro_mix_2201_sfun_registry.obj
 0001:0013f4b0       _RegNumInputPortsCB        00000001801404b0 f   ICARO3_Onda_bipe_controllonostro_mix_2201_sfun_registry.obj
 0001:0013f530       _RegNumOutputPortsCB       0000000180140530 f   ICARO3_Onda_bipe_controllonostro_mix_2201_sfun_registry.obj
 0001:0013fac8       pre_c_init                 0000000180140ac8 f   MSVCRT:crtdll.obj
 0001:0013fd84       __DllMainCRTStartup        0000000180140d84 f   MSVCRT:crtdll.obj
 0001:001403f0       __DllMainCRTStartup$filt$0 00000001801413f0 f   MSVCRT:crtdll.obj
 0001:00140420       __DllMainCRTStartup$fin$1  0000000180141420 f   MSVCRT:crtdll.obj
 0001:0014043a       _onexit$fin$0              000000018014143a f   MSVCRT:atonexit.obj
 0001:00140460       _IsNonwritableInCurrentImage$filt$0 0000000180141460 f   MSVCRT:pesect.obj
