 ICARO3_Onda_simple_v2_sfun

 Timestamp is 5def5c2a (Tue Dec 10 09:49:46 2019)

 Preferred load address is 0000000180000000

 Start         Length     Name                   Class
 0001:00000000 0014b624H .text                   CODE
 0001:0014b630 00000092H .text$x                 CODE
 0002:00000000 000004f8H .idata$5                DATA
 0002:000004f8 00000008H .CRT$XCA                DATA
 0002:00000500 00000008H .CRT$XCZ                DATA
 0002:00000508 00000008H .CRT$XIA                DATA
 0002:00000510 00000008H .CRT$XIAA               DATA
 0002:00000518 00000008H .CRT$XIZ                DATA
 0002:00000520 00000b24H .rdata                  DATA
 0002:00001048 00000008H .rtc$IAA                DATA
 0002:00001050 00000008H .rtc$IZZ                DATA
 0002:00001058 00000008H .rtc$TAA                DATA
 0002:00001060 00000008H .rtc$TZZ                DATA
 0002:00001068 00004dc8H .xdata                  DATA
 0002:00005e30 0000008cH .idata$2                DATA
 0002:00005ebc 00000014H .idata$3                DATA
 0002:00005ed0 000004f8H .idata$4                DATA
 0002:000063c8 00000db0H .idata$6                DATA
 0002:00007180 00000060H .edata                  DATA
 0003:00000000 0006ae38H .data                   DATA
 0003:0006ae40 000009b8H .bss                    DATA
 0004:00000000 00006a8cH .pdata                  DATA

  Address         Publics by Value              Rva+Base               Lib:Object

 0000:00000000       ___safe_se_handler_table   0000000000000000     <absolute>
 0000:00000000       ___safe_se_handler_count   0000000000000000     <absolute>
 0000:00000000       __ImageBase                0000000180000000     <linker-defined>
 0001:00000000       ICARO3_Onda_simple_v2_initializer 0000000180001000 f   ICARO3_Onda_simple_v2_sfun.obj
 0001:00000010       ICARO3_Onda_simple_v2_terminator 0000000180001010 f   ICARO3_Onda_simple_v2_sfun.obj
 0001:00000020       sf_ICARO3_Onda_simple_v2_method_dispatcher 0000000180001020 f   ICARO3_Onda_simple_v2_sfun.obj
 0001:000007b0       sf_ICARO3_Onda_simple_v2_process_check_sum_call 00000001800017b0 f   ICARO3_Onda_simple_v2_sfun.obj
 0001:00001050       sf_ICARO3_Onda_simple_v2_autoinheritance_info 0000000180002050 f   ICARO3_Onda_simple_v2_sfun.obj
 0001:00002110       sf_ICARO3_Onda_simple_v2_get_eml_resolved_functions_info 0000000180003110 f   ICARO3_Onda_simple_v2_sfun.obj
 0001:00002ea0       sf_ICARO3_Onda_simple_v2_third_party_uses_info 0000000180003ea0 f   ICARO3_Onda_simple_v2_sfun.obj
 0001:000039d0       sf_ICARO3_Onda_simple_v2_updateBuildInfo_args_info 00000001800049d0 f   ICARO3_Onda_simple_v2_sfun.obj
 0001:00004500       ICARO3_Onda_simple_v2_debug_initialize 0000000180005500 f   ICARO3_Onda_simple_v2_sfun.obj
 0001:00004580       ICARO3_Onda_simple_v2_register_exported_symbols 0000000180005580 f   ICARO3_Onda_simple_v2_sfun.obj
 0001:00004590       load_ICARO3_Onda_simple_v2_optimization_info 0000000180005590 f   ICARO3_Onda_simple_v2_sfun.obj
 0001:000045e0       unload_ICARO3_Onda_simple_v2_optimization_info 00000001800055e0 f   ICARO3_Onda_simple_v2_sfun.obj
 0001:00004610       sf_c1_ICARO3_Onda_simple_v2_get_eml_resolved_functions_info 0000000180005610 f   c1_ICARO3_Onda_simple_v2.obj
 0001:00004690       sf_c1_ICARO3_Onda_simple_v2_get_check_sum 0000000180005690 f   c1_ICARO3_Onda_simple_v2.obj
 0001:00004710       sf_c1_ICARO3_Onda_simple_v2_get_autoinheritance_info 0000000180005710 f   c1_ICARO3_Onda_simple_v2.obj
 0001:00004b30       sf_c1_ICARO3_Onda_simple_v2_third_party_uses_info 0000000180005b30 f   c1_ICARO3_Onda_simple_v2.obj
 0001:00004b60       sf_c1_ICARO3_Onda_simple_v2_updateBuildInfo_args_info 0000000180005b60 f   c1_ICARO3_Onda_simple_v2.obj
 0001:00004b90       sf_internal_get_sim_state_c1_ICARO3_Onda_simple_v2 0000000180005b90 f   c1_ICARO3_Onda_simple_v2.obj
 0001:00004ef0       sf_internal_set_sim_state_c1_ICARO3_Onda_simple_v2 0000000180005ef0 f   c1_ICARO3_Onda_simple_v2.obj
 0001:000052e0       c1_ICARO3_Onda_simple_v2_method_dispatcher 00000001800062e0 f   c1_ICARO3_Onda_simple_v2.obj
 0001:00006fc0       sf_c2_ICARO3_Onda_simple_v2_get_eml_resolved_functions_info 0000000180007fc0 f   c2_ICARO3_Onda_simple_v2.obj
 0001:00009320       sf_c2_ICARO3_Onda_simple_v2_get_check_sum 000000018000a320 f   c2_ICARO3_Onda_simple_v2.obj
 0001:000093a0       sf_c2_ICARO3_Onda_simple_v2_get_autoinheritance_info 000000018000a3a0 f   c2_ICARO3_Onda_simple_v2.obj
 0001:000097c0       sf_c2_ICARO3_Onda_simple_v2_third_party_uses_info 000000018000a7c0 f   c2_ICARO3_Onda_simple_v2.obj
 0001:000097f0       sf_c2_ICARO3_Onda_simple_v2_updateBuildInfo_args_info 000000018000a7f0 f   c2_ICARO3_Onda_simple_v2.obj
 0001:00009820       sf_internal_get_sim_state_c2_ICARO3_Onda_simple_v2 000000018000a820 f   c2_ICARO3_Onda_simple_v2.obj
 0001:00009bd0       sf_internal_set_sim_state_c2_ICARO3_Onda_simple_v2 000000018000abd0 f   c2_ICARO3_Onda_simple_v2.obj
 0001:0000a060       c2_ICARO3_Onda_simple_v2_method_dispatcher 000000018000b060 f   c2_ICARO3_Onda_simple_v2.obj
 0001:0000c250       sf_c3_ICARO3_Onda_simple_v2_get_eml_resolved_functions_info 000000018000d250 f   c3_ICARO3_Onda_simple_v2.obj
 0001:0000e5b0       sf_c3_ICARO3_Onda_simple_v2_get_check_sum 000000018000f5b0 f   c3_ICARO3_Onda_simple_v2.obj
 0001:0000e630       sf_c3_ICARO3_Onda_simple_v2_get_autoinheritance_info 000000018000f630 f   c3_ICARO3_Onda_simple_v2.obj
 0001:0000ea50       sf_c3_ICARO3_Onda_simple_v2_third_party_uses_info 000000018000fa50 f   c3_ICARO3_Onda_simple_v2.obj
 0001:0000ea80       sf_c3_ICARO3_Onda_simple_v2_updateBuildInfo_args_info 000000018000fa80 f   c3_ICARO3_Onda_simple_v2.obj
 0001:0000eab0       sf_internal_get_sim_state_c3_ICARO3_Onda_simple_v2 000000018000fab0 f   c3_ICARO3_Onda_simple_v2.obj
 0001:0000ee70       sf_internal_set_sim_state_c3_ICARO3_Onda_simple_v2 000000018000fe70 f   c3_ICARO3_Onda_simple_v2.obj
 0001:0000f300       c3_ICARO3_Onda_simple_v2_method_dispatcher 0000000180010300 f   c3_ICARO3_Onda_simple_v2.obj
 0001:000114d0       sf_c4_ICARO3_Onda_simple_v2_get_eml_resolved_functions_info 00000001800124d0 f   c4_ICARO3_Onda_simple_v2.obj
 0001:00011550       sf_c4_ICARO3_Onda_simple_v2_get_check_sum 0000000180012550 f   c4_ICARO3_Onda_simple_v2.obj
 0001:000115d0       sf_c4_ICARO3_Onda_simple_v2_get_autoinheritance_info 00000001800125d0 f   c4_ICARO3_Onda_simple_v2.obj
 0001:000119f0       sf_c4_ICARO3_Onda_simple_v2_third_party_uses_info 00000001800129f0 f   c4_ICARO3_Onda_simple_v2.obj
 0001:00011a20       sf_c4_ICARO3_Onda_simple_v2_updateBuildInfo_args_info 0000000180012a20 f   c4_ICARO3_Onda_simple_v2.obj
 0001:00011a50       sf_internal_get_sim_state_c4_ICARO3_Onda_simple_v2 0000000180012a50 f   c4_ICARO3_Onda_simple_v2.obj
 0001:00011e30       sf_internal_set_sim_state_c4_ICARO3_Onda_simple_v2 0000000180012e30 f   c4_ICARO3_Onda_simple_v2.obj
 0001:000122e0       c4_ICARO3_Onda_simple_v2_method_dispatcher 00000001800132e0 f   c4_ICARO3_Onda_simple_v2.obj
 0001:000141c0       sf_c15_ICARO3_Onda_simple_v2_get_eml_resolved_functions_info 00000001800151c0 f   c15_ICARO3_Onda_simple_v2.obj
 0001:00015400       sf_c15_ICARO3_Onda_simple_v2_get_check_sum 0000000180016400 f   c15_ICARO3_Onda_simple_v2.obj
 0001:00015480       sf_c15_ICARO3_Onda_simple_v2_get_autoinheritance_info 0000000180016480 f   c15_ICARO3_Onda_simple_v2.obj
 0001:00016b20       sf_c15_ICARO3_Onda_simple_v2_third_party_uses_info 0000000180017b20 f   c15_ICARO3_Onda_simple_v2.obj
 0001:00016b50       sf_c15_ICARO3_Onda_simple_v2_updateBuildInfo_args_info 0000000180017b50 f   c15_ICARO3_Onda_simple_v2.obj
 0001:00016b80       sf_internal_get_sim_state_c15_ICARO3_Onda_simple_v2 0000000180017b80 f   c15_ICARO3_Onda_simple_v2.obj
 0001:00017010       sf_internal_set_sim_state_c15_ICARO3_Onda_simple_v2 0000000180018010 f   c15_ICARO3_Onda_simple_v2.obj
 0001:000176d0       c15_ICARO3_Onda_simple_v2_method_dispatcher 00000001800186d0 f   c15_ICARO3_Onda_simple_v2.obj
 0001:0001d320       sf_c71_ICARO3_Onda_simple_v2_get_eml_resolved_functions_info 000000018001e320 f   c71_ICARO3_Onda_simple_v2.obj
 0001:000281e0       sf_c71_ICARO3_Onda_simple_v2_get_check_sum 00000001800291e0 f   c71_ICARO3_Onda_simple_v2.obj
 0001:00028260       sf_c71_ICARO3_Onda_simple_v2_get_autoinheritance_info 0000000180029260 f   c71_ICARO3_Onda_simple_v2.obj
 0001:000298d0       sf_c71_ICARO3_Onda_simple_v2_third_party_uses_info 000000018002a8d0 f   c71_ICARO3_Onda_simple_v2.obj
 0001:00029900       sf_c71_ICARO3_Onda_simple_v2_updateBuildInfo_args_info 000000018002a900 f   c71_ICARO3_Onda_simple_v2.obj
 0001:00029930       sf_internal_get_sim_state_c71_ICARO3_Onda_simple_v2 000000018002a930 f   c71_ICARO3_Onda_simple_v2.obj
 0001:0002a390       sf_internal_set_sim_state_c71_ICARO3_Onda_simple_v2 000000018002b390 f   c71_ICARO3_Onda_simple_v2.obj
 0001:0002aee0       c71_ICARO3_Onda_simple_v2_method_dispatcher 000000018002bee0 f   c71_ICARO3_Onda_simple_v2.obj
 0001:00037320       sf_c72_ICARO3_Onda_simple_v2_get_eml_resolved_functions_info 0000000180038320 f   c72_ICARO3_Onda_simple_v2.obj
 0001:00039680       sf_c72_ICARO3_Onda_simple_v2_get_check_sum 000000018003a680 f   c72_ICARO3_Onda_simple_v2.obj
 0001:00039700       sf_c72_ICARO3_Onda_simple_v2_get_autoinheritance_info 000000018003a700 f   c72_ICARO3_Onda_simple_v2.obj
 0001:00039b20       sf_c72_ICARO3_Onda_simple_v2_third_party_uses_info 000000018003ab20 f   c72_ICARO3_Onda_simple_v2.obj
 0001:00039b50       sf_c72_ICARO3_Onda_simple_v2_updateBuildInfo_args_info 000000018003ab50 f   c72_ICARO3_Onda_simple_v2.obj
 0001:00039b80       sf_internal_get_sim_state_c72_ICARO3_Onda_simple_v2 000000018003ab80 f   c72_ICARO3_Onda_simple_v2.obj
 0001:00039ef0       sf_internal_set_sim_state_c72_ICARO3_Onda_simple_v2 000000018003aef0 f   c72_ICARO3_Onda_simple_v2.obj
 0001:0003a2e0       c72_ICARO3_Onda_simple_v2_method_dispatcher 000000018003b2e0 f   c72_ICARO3_Onda_simple_v2.obj
 0001:0003c080       sf_c73_ICARO3_Onda_simple_v2_get_eml_resolved_functions_info 000000018003d080 f   c73_ICARO3_Onda_simple_v2.obj
 0001:0003f780       sf_c73_ICARO3_Onda_simple_v2_get_check_sum 0000000180040780 f   c73_ICARO3_Onda_simple_v2.obj
 0001:0003f800       sf_c73_ICARO3_Onda_simple_v2_get_autoinheritance_info 0000000180040800 f   c73_ICARO3_Onda_simple_v2.obj
 0001:0003fc20       sf_c73_ICARO3_Onda_simple_v2_third_party_uses_info 0000000180040c20 f   c73_ICARO3_Onda_simple_v2.obj
 0001:0003fc50       sf_c73_ICARO3_Onda_simple_v2_updateBuildInfo_args_info 0000000180040c50 f   c73_ICARO3_Onda_simple_v2.obj
 0001:0003fc80       sf_internal_get_sim_state_c73_ICARO3_Onda_simple_v2 0000000180040c80 f   c73_ICARO3_Onda_simple_v2.obj
 0001:0003fff0       sf_internal_set_sim_state_c73_ICARO3_Onda_simple_v2 0000000180040ff0 f   c73_ICARO3_Onda_simple_v2.obj
 0001:000403e0       c73_ICARO3_Onda_simple_v2_method_dispatcher 00000001800413e0 f   c73_ICARO3_Onda_simple_v2.obj
 0001:000421a0       sf_c74_ICARO3_Onda_simple_v2_get_eml_resolved_functions_info 00000001800431a0 f   c74_ICARO3_Onda_simple_v2.obj
 0001:00043170       sf_c74_ICARO3_Onda_simple_v2_get_check_sum 0000000180044170 f   c74_ICARO3_Onda_simple_v2.obj
 0001:000431f0       sf_c74_ICARO3_Onda_simple_v2_get_autoinheritance_info 00000001800441f0 f   c74_ICARO3_Onda_simple_v2.obj
 0001:00043610       sf_c74_ICARO3_Onda_simple_v2_third_party_uses_info 0000000180044610 f   c74_ICARO3_Onda_simple_v2.obj
 0001:00043640       sf_c74_ICARO3_Onda_simple_v2_updateBuildInfo_args_info 0000000180044640 f   c74_ICARO3_Onda_simple_v2.obj
 0001:00043670       sf_internal_get_sim_state_c74_ICARO3_Onda_simple_v2 0000000180044670 f   c74_ICARO3_Onda_simple_v2.obj
 0001:000439d0       sf_internal_set_sim_state_c74_ICARO3_Onda_simple_v2 00000001800449d0 f   c74_ICARO3_Onda_simple_v2.obj
 0001:00043dc0       c74_ICARO3_Onda_simple_v2_method_dispatcher 0000000180044dc0 f   c74_ICARO3_Onda_simple_v2.obj
 0001:00045910       sf_c75_ICARO3_Onda_simple_v2_get_eml_resolved_functions_info 0000000180046910 f   c75_ICARO3_Onda_simple_v2.obj
 0001:00045990       sf_c75_ICARO3_Onda_simple_v2_get_check_sum 0000000180046990 f   c75_ICARO3_Onda_simple_v2.obj
 0001:00045a10       sf_c75_ICARO3_Onda_simple_v2_get_autoinheritance_info 0000000180046a10 f   c75_ICARO3_Onda_simple_v2.obj
 0001:00045f80       sf_c75_ICARO3_Onda_simple_v2_third_party_uses_info 0000000180046f80 f   c75_ICARO3_Onda_simple_v2.obj
 0001:00045fb0       sf_c75_ICARO3_Onda_simple_v2_updateBuildInfo_args_info 0000000180046fb0 f   c75_ICARO3_Onda_simple_v2.obj
 0001:00045fe0       sf_internal_get_sim_state_c75_ICARO3_Onda_simple_v2 0000000180046fe0 f   c75_ICARO3_Onda_simple_v2.obj
 0001:00046340       sf_internal_set_sim_state_c75_ICARO3_Onda_simple_v2 0000000180047340 f   c75_ICARO3_Onda_simple_v2.obj
 0001:00046730       c75_ICARO3_Onda_simple_v2_method_dispatcher 0000000180047730 f   c75_ICARO3_Onda_simple_v2.obj
 0001:00048860       sf_c76_ICARO3_Onda_simple_v2_get_eml_resolved_functions_info 0000000180049860 f   c76_ICARO3_Onda_simple_v2.obj
 0001:000488e0       sf_c76_ICARO3_Onda_simple_v2_get_check_sum 00000001800498e0 f   c76_ICARO3_Onda_simple_v2.obj
 0001:00048960       sf_c76_ICARO3_Onda_simple_v2_get_autoinheritance_info 0000000180049960 f   c76_ICARO3_Onda_simple_v2.obj
 0001:00048ed0       sf_c76_ICARO3_Onda_simple_v2_third_party_uses_info 0000000180049ed0 f   c76_ICARO3_Onda_simple_v2.obj
 0001:00048f00       sf_c76_ICARO3_Onda_simple_v2_updateBuildInfo_args_info 0000000180049f00 f   c76_ICARO3_Onda_simple_v2.obj
 0001:00048f30       sf_internal_get_sim_state_c76_ICARO3_Onda_simple_v2 0000000180049f30 f   c76_ICARO3_Onda_simple_v2.obj
 0001:000492a0       sf_internal_set_sim_state_c76_ICARO3_Onda_simple_v2 000000018004a2a0 f   c76_ICARO3_Onda_simple_v2.obj
 0001:00049690       c76_ICARO3_Onda_simple_v2_method_dispatcher 000000018004a690 f   c76_ICARO3_Onda_simple_v2.obj
 0001:0004b7c0       sf_c77_ICARO3_Onda_simple_v2_get_eml_resolved_functions_info 000000018004c7c0 f   c77_ICARO3_Onda_simple_v2.obj
 0001:0004d8b0       sf_c77_ICARO3_Onda_simple_v2_get_check_sum 000000018004e8b0 f   c77_ICARO3_Onda_simple_v2.obj
 0001:0004d930       sf_c77_ICARO3_Onda_simple_v2_get_autoinheritance_info 000000018004e930 f   c77_ICARO3_Onda_simple_v2.obj
 0001:0004dea0       sf_c77_ICARO3_Onda_simple_v2_third_party_uses_info 000000018004eea0 f   c77_ICARO3_Onda_simple_v2.obj
 0001:0004ded0       sf_c77_ICARO3_Onda_simple_v2_updateBuildInfo_args_info 000000018004eed0 f   c77_ICARO3_Onda_simple_v2.obj
 0001:0004df00       sf_internal_get_sim_state_c77_ICARO3_Onda_simple_v2 000000018004ef00 f   c77_ICARO3_Onda_simple_v2.obj
 0001:0004e260       sf_internal_set_sim_state_c77_ICARO3_Onda_simple_v2 000000018004f260 f   c77_ICARO3_Onda_simple_v2.obj
 0001:0004e650       c77_ICARO3_Onda_simple_v2_method_dispatcher 000000018004f650 f   c77_ICARO3_Onda_simple_v2.obj
 0001:00050850       sf_c94_ICARO3_Onda_simple_v2_get_eml_resolved_functions_info 0000000180051850 f   c94_ICARO3_Onda_simple_v2.obj
 0001:000572c0       sf_c94_ICARO3_Onda_simple_v2_get_check_sum 00000001800582c0 f   c94_ICARO3_Onda_simple_v2.obj
 0001:00057340       sf_c94_ICARO3_Onda_simple_v2_get_autoinheritance_info 0000000180058340 f   c94_ICARO3_Onda_simple_v2.obj
 0001:00057dc0       sf_c94_ICARO3_Onda_simple_v2_third_party_uses_info 0000000180058dc0 f   c94_ICARO3_Onda_simple_v2.obj
 0001:00057df0       sf_c94_ICARO3_Onda_simple_v2_updateBuildInfo_args_info 0000000180058df0 f   c94_ICARO3_Onda_simple_v2.obj
 0001:00057e20       sf_internal_get_sim_state_c94_ICARO3_Onda_simple_v2 0000000180058e20 f   c94_ICARO3_Onda_simple_v2.obj
 0001:00058250       sf_internal_set_sim_state_c94_ICARO3_Onda_simple_v2 0000000180059250 f   c94_ICARO3_Onda_simple_v2.obj
 0001:00058680       c94_ICARO3_Onda_simple_v2_method_dispatcher 0000000180059680 f   c94_ICARO3_Onda_simple_v2.obj
 0001:0005d5d0       sf_c95_ICARO3_Onda_simple_v2_get_eml_resolved_functions_info 000000018005e5d0 f   c95_ICARO3_Onda_simple_v2.obj
 0001:00060a60       sf_c95_ICARO3_Onda_simple_v2_get_check_sum 0000000180061a60 f   c95_ICARO3_Onda_simple_v2.obj
 0001:00060ae0       sf_c95_ICARO3_Onda_simple_v2_get_autoinheritance_info 0000000180061ae0 f   c95_ICARO3_Onda_simple_v2.obj
 0001:000612e0       sf_c95_ICARO3_Onda_simple_v2_third_party_uses_info 00000001800622e0 f   c95_ICARO3_Onda_simple_v2.obj
 0001:00061310       sf_c95_ICARO3_Onda_simple_v2_updateBuildInfo_args_info 0000000180062310 f   c95_ICARO3_Onda_simple_v2.obj
 0001:00061340       sf_internal_get_sim_state_c95_ICARO3_Onda_simple_v2 0000000180062340 f   c95_ICARO3_Onda_simple_v2.obj
 0001:00061760       sf_internal_set_sim_state_c95_ICARO3_Onda_simple_v2 0000000180062760 f   c95_ICARO3_Onda_simple_v2.obj
 0001:00061c80       c95_ICARO3_Onda_simple_v2_method_dispatcher 0000000180062c80 f   c95_ICARO3_Onda_simple_v2.obj
 0001:00065030       sf_c96_ICARO3_Onda_simple_v2_get_eml_resolved_functions_info 0000000180066030 f   c96_ICARO3_Onda_simple_v2.obj
 0001:00066c40       sf_c96_ICARO3_Onda_simple_v2_get_check_sum 0000000180067c40 f   c96_ICARO3_Onda_simple_v2.obj
 0001:00066cc0       sf_c96_ICARO3_Onda_simple_v2_get_autoinheritance_info 0000000180067cc0 f   c96_ICARO3_Onda_simple_v2.obj
 0001:00067270       sf_c96_ICARO3_Onda_simple_v2_third_party_uses_info 0000000180068270 f   c96_ICARO3_Onda_simple_v2.obj
 0001:000672a0       sf_c96_ICARO3_Onda_simple_v2_updateBuildInfo_args_info 00000001800682a0 f   c96_ICARO3_Onda_simple_v2.obj
 0001:000672d0       sf_internal_get_sim_state_c96_ICARO3_Onda_simple_v2 00000001800682d0 f   c96_ICARO3_Onda_simple_v2.obj
 0001:000676a0       sf_internal_set_sim_state_c96_ICARO3_Onda_simple_v2 00000001800686a0 f   c96_ICARO3_Onda_simple_v2.obj
 0001:00067b30       c96_ICARO3_Onda_simple_v2_method_dispatcher 0000000180068b30 f   c96_ICARO3_Onda_simple_v2.obj
 0001:0006aba0       sf_c97_ICARO3_Onda_simple_v2_get_eml_resolved_functions_info 000000018006bba0 f   c97_ICARO3_Onda_simple_v2.obj
 0001:0006e780       sf_c97_ICARO3_Onda_simple_v2_get_check_sum 000000018006f780 f   c97_ICARO3_Onda_simple_v2.obj
 0001:0006e800       sf_c97_ICARO3_Onda_simple_v2_get_autoinheritance_info 000000018006f800 f   c97_ICARO3_Onda_simple_v2.obj
 0001:0006ed70       sf_c97_ICARO3_Onda_simple_v2_third_party_uses_info 000000018006fd70 f   c97_ICARO3_Onda_simple_v2.obj
 0001:0006eda0       sf_c97_ICARO3_Onda_simple_v2_updateBuildInfo_args_info 000000018006fda0 f   c97_ICARO3_Onda_simple_v2.obj
 0001:0006edd0       sf_internal_get_sim_state_c97_ICARO3_Onda_simple_v2 000000018006fdd0 f   c97_ICARO3_Onda_simple_v2.obj
 0001:0006f1a0       sf_internal_set_sim_state_c97_ICARO3_Onda_simple_v2 00000001800701a0 f   c97_ICARO3_Onda_simple_v2.obj
 0001:0006f630       c97_ICARO3_Onda_simple_v2_method_dispatcher 0000000180070630 f   c97_ICARO3_Onda_simple_v2.obj
 0001:00072d50       sf_c98_ICARO3_Onda_simple_v2_get_eml_resolved_functions_info 0000000180073d50 f   c98_ICARO3_Onda_simple_v2.obj
 0001:00076930       sf_c98_ICARO3_Onda_simple_v2_get_check_sum 0000000180077930 f   c98_ICARO3_Onda_simple_v2.obj
 0001:000769b0       sf_c98_ICARO3_Onda_simple_v2_get_autoinheritance_info 00000001800779b0 f   c98_ICARO3_Onda_simple_v2.obj
 0001:000771b0       sf_c98_ICARO3_Onda_simple_v2_third_party_uses_info 00000001800781b0 f   c98_ICARO3_Onda_simple_v2.obj
 0001:000771e0       sf_c98_ICARO3_Onda_simple_v2_updateBuildInfo_args_info 00000001800781e0 f   c98_ICARO3_Onda_simple_v2.obj
 0001:00077210       sf_internal_get_sim_state_c98_ICARO3_Onda_simple_v2 0000000180078210 f   c98_ICARO3_Onda_simple_v2.obj
 0001:00077790       sf_internal_set_sim_state_c98_ICARO3_Onda_simple_v2 0000000180078790 f   c98_ICARO3_Onda_simple_v2.obj
 0001:00077e20       c98_ICARO3_Onda_simple_v2_method_dispatcher 0000000180078e20 f   c98_ICARO3_Onda_simple_v2.obj
 0001:0007c760       sf_c99_ICARO3_Onda_simple_v2_get_eml_resolved_functions_info 000000018007d760 f   c99_ICARO3_Onda_simple_v2.obj
 0001:00080340       sf_c99_ICARO3_Onda_simple_v2_get_check_sum 0000000180081340 f   c99_ICARO3_Onda_simple_v2.obj
 0001:000803c0       sf_c99_ICARO3_Onda_simple_v2_get_autoinheritance_info 00000001800813c0 f   c99_ICARO3_Onda_simple_v2.obj
 0001:00080930       sf_c99_ICARO3_Onda_simple_v2_third_party_uses_info 0000000180081930 f   c99_ICARO3_Onda_simple_v2.obj
 0001:00080960       sf_c99_ICARO3_Onda_simple_v2_updateBuildInfo_args_info 0000000180081960 f   c99_ICARO3_Onda_simple_v2.obj
 0001:00080990       sf_internal_get_sim_state_c99_ICARO3_Onda_simple_v2 0000000180081990 f   c99_ICARO3_Onda_simple_v2.obj
 0001:00080d50       sf_internal_set_sim_state_c99_ICARO3_Onda_simple_v2 0000000180081d50 f   c99_ICARO3_Onda_simple_v2.obj
 0001:000811e0       c99_ICARO3_Onda_simple_v2_method_dispatcher 00000001800821e0 f   c99_ICARO3_Onda_simple_v2.obj
 0001:00084960       sf_c100_ICARO3_Onda_simple_v2_get_eml_resolved_functions_info 0000000180085960 f   c100_ICARO3_Onda_simple_v2.obj
 0001:00088540       sf_c100_ICARO3_Onda_simple_v2_get_check_sum 0000000180089540 f   c100_ICARO3_Onda_simple_v2.obj
 0001:000885c0       sf_c100_ICARO3_Onda_simple_v2_get_autoinheritance_info 00000001800895c0 f   c100_ICARO3_Onda_simple_v2.obj
 0001:00088b30       sf_c100_ICARO3_Onda_simple_v2_third_party_uses_info 0000000180089b30 f   c100_ICARO3_Onda_simple_v2.obj
 0001:00088b60       sf_c100_ICARO3_Onda_simple_v2_updateBuildInfo_args_info 0000000180089b60 f   c100_ICARO3_Onda_simple_v2.obj
 0001:00088b90       sf_internal_get_sim_state_c100_ICARO3_Onda_simple_v2 0000000180089b90 f   c100_ICARO3_Onda_simple_v2.obj
 0001:00088f60       sf_internal_set_sim_state_c100_ICARO3_Onda_simple_v2 0000000180089f60 f   c100_ICARO3_Onda_simple_v2.obj
 0001:000893f0       c100_ICARO3_Onda_simple_v2_method_dispatcher 000000018008a3f0 f   c100_ICARO3_Onda_simple_v2.obj
 0001:0008cab0       sf_c102_ICARO3_Onda_simple_v2_get_eml_resolved_functions_info 000000018008dab0 f   c102_ICARO3_Onda_simple_v2.obj
 0001:0008e930       sf_c102_ICARO3_Onda_simple_v2_get_check_sum 000000018008f930 f   c102_ICARO3_Onda_simple_v2.obj
 0001:0008e9b0       sf_c102_ICARO3_Onda_simple_v2_get_autoinheritance_info 000000018008f9b0 f   c102_ICARO3_Onda_simple_v2.obj
 0001:0008edd0       sf_c102_ICARO3_Onda_simple_v2_third_party_uses_info 000000018008fdd0 f   c102_ICARO3_Onda_simple_v2.obj
 0001:0008ee00       sf_c102_ICARO3_Onda_simple_v2_updateBuildInfo_args_info 000000018008fe00 f   c102_ICARO3_Onda_simple_v2.obj
 0001:0008ee30       sf_internal_get_sim_state_c102_ICARO3_Onda_simple_v2 000000018008fe30 f   c102_ICARO3_Onda_simple_v2.obj
 0001:0008f210       sf_internal_set_sim_state_c102_ICARO3_Onda_simple_v2 0000000180090210 f   c102_ICARO3_Onda_simple_v2.obj
 0001:0008f6d0       c102_ICARO3_Onda_simple_v2_method_dispatcher 00000001800906d0 f   c102_ICARO3_Onda_simple_v2.obj
 0001:00093620       sf_c103_ICARO3_Onda_simple_v2_get_eml_resolved_functions_info 0000000180094620 f   c103_ICARO3_Onda_simple_v2.obj
 0001:00097200       sf_c103_ICARO3_Onda_simple_v2_get_check_sum 0000000180098200 f   c103_ICARO3_Onda_simple_v2.obj
 0001:00097280       sf_c103_ICARO3_Onda_simple_v2_get_autoinheritance_info 0000000180098280 f   c103_ICARO3_Onda_simple_v2.obj
 0001:000977f0       sf_c103_ICARO3_Onda_simple_v2_third_party_uses_info 00000001800987f0 f   c103_ICARO3_Onda_simple_v2.obj
 0001:00097820       sf_c103_ICARO3_Onda_simple_v2_updateBuildInfo_args_info 0000000180098820 f   c103_ICARO3_Onda_simple_v2.obj
 0001:00097850       sf_internal_get_sim_state_c103_ICARO3_Onda_simple_v2 0000000180098850 f   c103_ICARO3_Onda_simple_v2.obj
 0001:00097d10       sf_internal_set_sim_state_c103_ICARO3_Onda_simple_v2 0000000180098d10 f   c103_ICARO3_Onda_simple_v2.obj
 0001:00098240       c103_ICARO3_Onda_simple_v2_method_dispatcher 0000000180099240 f   c103_ICARO3_Onda_simple_v2.obj
 0001:0009ba10       sf_c104_ICARO3_Onda_simple_v2_get_eml_resolved_functions_info 000000018009ca10 f   c104_ICARO3_Onda_simple_v2.obj
 0001:0009e4d0       sf_c104_ICARO3_Onda_simple_v2_get_check_sum 000000018009f4d0 f   c104_ICARO3_Onda_simple_v2.obj
 0001:0009e550       sf_c104_ICARO3_Onda_simple_v2_get_autoinheritance_info 000000018009f550 f   c104_ICARO3_Onda_simple_v2.obj
 0001:0009e970       sf_c104_ICARO3_Onda_simple_v2_third_party_uses_info 000000018009f970 f   c104_ICARO3_Onda_simple_v2.obj
 0001:0009e9a0       sf_c104_ICARO3_Onda_simple_v2_updateBuildInfo_args_info 000000018009f9a0 f   c104_ICARO3_Onda_simple_v2.obj
 0001:0009e9d0       sf_internal_get_sim_state_c104_ICARO3_Onda_simple_v2 000000018009f9d0 f   c104_ICARO3_Onda_simple_v2.obj
 0001:0009ed30       sf_internal_set_sim_state_c104_ICARO3_Onda_simple_v2 000000018009fd30 f   c104_ICARO3_Onda_simple_v2.obj
 0001:0009f110       c104_ICARO3_Onda_simple_v2_method_dispatcher 00000001800a0110 f   c104_ICARO3_Onda_simple_v2.obj
 0001:000a0e90       sf_c105_ICARO3_Onda_simple_v2_get_eml_resolved_functions_info 00000001800a1e90 f   c105_ICARO3_Onda_simple_v2.obj
 0001:000a3950       sf_c105_ICARO3_Onda_simple_v2_get_check_sum 00000001800a4950 f   c105_ICARO3_Onda_simple_v2.obj
 0001:000a39d0       sf_c105_ICARO3_Onda_simple_v2_get_autoinheritance_info 00000001800a49d0 f   c105_ICARO3_Onda_simple_v2.obj
 0001:000a3df0       sf_c105_ICARO3_Onda_simple_v2_third_party_uses_info 00000001800a4df0 f   c105_ICARO3_Onda_simple_v2.obj
 0001:000a3e20       sf_c105_ICARO3_Onda_simple_v2_updateBuildInfo_args_info 00000001800a4e20 f   c105_ICARO3_Onda_simple_v2.obj
 0001:000a3e50       sf_internal_get_sim_state_c105_ICARO3_Onda_simple_v2 00000001800a4e50 f   c105_ICARO3_Onda_simple_v2.obj
 0001:000a41b0       sf_internal_set_sim_state_c105_ICARO3_Onda_simple_v2 00000001800a51b0 f   c105_ICARO3_Onda_simple_v2.obj
 0001:000a4590       c105_ICARO3_Onda_simple_v2_method_dispatcher 00000001800a5590 f   c105_ICARO3_Onda_simple_v2.obj
 0001:000a6300       sf_c106_ICARO3_Onda_simple_v2_get_eml_resolved_functions_info 00000001800a7300 f   c106_ICARO3_Onda_simple_v2.obj
 0001:000a8dc0       sf_c106_ICARO3_Onda_simple_v2_get_check_sum 00000001800a9dc0 f   c106_ICARO3_Onda_simple_v2.obj
 0001:000a8e40       sf_c106_ICARO3_Onda_simple_v2_get_autoinheritance_info 00000001800a9e40 f   c106_ICARO3_Onda_simple_v2.obj
 0001:000a9260       sf_c106_ICARO3_Onda_simple_v2_third_party_uses_info 00000001800aa260 f   c106_ICARO3_Onda_simple_v2.obj
 0001:000a9290       sf_c106_ICARO3_Onda_simple_v2_updateBuildInfo_args_info 00000001800aa290 f   c106_ICARO3_Onda_simple_v2.obj
 0001:000a92c0       sf_internal_get_sim_state_c106_ICARO3_Onda_simple_v2 00000001800aa2c0 f   c106_ICARO3_Onda_simple_v2.obj
 0001:000a9630       sf_internal_set_sim_state_c106_ICARO3_Onda_simple_v2 00000001800aa630 f   c106_ICARO3_Onda_simple_v2.obj
 0001:000a9a10       c106_ICARO3_Onda_simple_v2_method_dispatcher 00000001800aaa10 f   c106_ICARO3_Onda_simple_v2.obj
 0001:000ab790       sf_c107_ICARO3_Onda_simple_v2_get_eml_resolved_functions_info 00000001800ac790 f   c107_ICARO3_Onda_simple_v2.obj
 0001:000ae250       sf_c107_ICARO3_Onda_simple_v2_get_check_sum 00000001800af250 f   c107_ICARO3_Onda_simple_v2.obj
 0001:000ae2d0       sf_c107_ICARO3_Onda_simple_v2_get_autoinheritance_info 00000001800af2d0 f   c107_ICARO3_Onda_simple_v2.obj
 0001:000ae6f0       sf_c107_ICARO3_Onda_simple_v2_third_party_uses_info 00000001800af6f0 f   c107_ICARO3_Onda_simple_v2.obj
 0001:000ae720       sf_c107_ICARO3_Onda_simple_v2_updateBuildInfo_args_info 00000001800af720 f   c107_ICARO3_Onda_simple_v2.obj
 0001:000ae750       sf_internal_get_sim_state_c107_ICARO3_Onda_simple_v2 00000001800af750 f   c107_ICARO3_Onda_simple_v2.obj
 0001:000aeab0       sf_internal_set_sim_state_c107_ICARO3_Onda_simple_v2 00000001800afab0 f   c107_ICARO3_Onda_simple_v2.obj
 0001:000aee90       c107_ICARO3_Onda_simple_v2_method_dispatcher 00000001800afe90 f   c107_ICARO3_Onda_simple_v2.obj
 0001:000b0bf0       sf_c108_ICARO3_Onda_simple_v2_get_eml_resolved_functions_info 00000001800b1bf0 f   c108_ICARO3_Onda_simple_v2.obj
 0001:000b2a70       sf_c108_ICARO3_Onda_simple_v2_get_check_sum 00000001800b3a70 f   c108_ICARO3_Onda_simple_v2.obj
 0001:000b2af0       sf_c108_ICARO3_Onda_simple_v2_get_autoinheritance_info 00000001800b3af0 f   c108_ICARO3_Onda_simple_v2.obj
 0001:000b2f10       sf_c108_ICARO3_Onda_simple_v2_third_party_uses_info 00000001800b3f10 f   c108_ICARO3_Onda_simple_v2.obj
 0001:000b2f40       sf_c108_ICARO3_Onda_simple_v2_updateBuildInfo_args_info 00000001800b3f40 f   c108_ICARO3_Onda_simple_v2.obj
 0001:000b2f70       sf_internal_get_sim_state_c108_ICARO3_Onda_simple_v2 00000001800b3f70 f   c108_ICARO3_Onda_simple_v2.obj
 0001:000b32d0       sf_internal_set_sim_state_c108_ICARO3_Onda_simple_v2 00000001800b42d0 f   c108_ICARO3_Onda_simple_v2.obj
 0001:000b36a0       c108_ICARO3_Onda_simple_v2_method_dispatcher 00000001800b46a0 f   c108_ICARO3_Onda_simple_v2.obj
 0001:000b57d0       sf_c111_ICARO3_Onda_simple_v2_get_eml_resolved_functions_info 00000001800b67d0 f   c111_ICARO3_Onda_simple_v2.obj
 0001:000b7650       sf_c111_ICARO3_Onda_simple_v2_get_check_sum 00000001800b8650 f   c111_ICARO3_Onda_simple_v2.obj
 0001:000b76d0       sf_c111_ICARO3_Onda_simple_v2_get_autoinheritance_info 00000001800b86d0 f   c111_ICARO3_Onda_simple_v2.obj
 0001:000b7af0       sf_c111_ICARO3_Onda_simple_v2_third_party_uses_info 00000001800b8af0 f   c111_ICARO3_Onda_simple_v2.obj
 0001:000b7b20       sf_c111_ICARO3_Onda_simple_v2_updateBuildInfo_args_info 00000001800b8b20 f   c111_ICARO3_Onda_simple_v2.obj
 0001:000b7b50       sf_internal_get_sim_state_c111_ICARO3_Onda_simple_v2 00000001800b8b50 f   c111_ICARO3_Onda_simple_v2.obj
 0001:000b7eb0       sf_internal_set_sim_state_c111_ICARO3_Onda_simple_v2 00000001800b8eb0 f   c111_ICARO3_Onda_simple_v2.obj
 0001:000b8280       c111_ICARO3_Onda_simple_v2_method_dispatcher 00000001800b9280 f   c111_ICARO3_Onda_simple_v2.obj
 0001:000ba3b0       sf_c126_ICARO3_Onda_simple_v2_get_eml_resolved_functions_info 00000001800bb3b0 f   c126_ICARO3_Onda_simple_v2.obj
 0001:000bce70       sf_c126_ICARO3_Onda_simple_v2_get_check_sum 00000001800bde70 f   c126_ICARO3_Onda_simple_v2.obj
 0001:000bcef0       sf_c126_ICARO3_Onda_simple_v2_get_autoinheritance_info 00000001800bdef0 f   c126_ICARO3_Onda_simple_v2.obj
 0001:000bd310       sf_c126_ICARO3_Onda_simple_v2_third_party_uses_info 00000001800be310 f   c126_ICARO3_Onda_simple_v2.obj
 0001:000bd340       sf_c126_ICARO3_Onda_simple_v2_updateBuildInfo_args_info 00000001800be340 f   c126_ICARO3_Onda_simple_v2.obj
 0001:000bd370       sf_internal_get_sim_state_c126_ICARO3_Onda_simple_v2 00000001800be370 f   c126_ICARO3_Onda_simple_v2.obj
 0001:000bd6d0       sf_internal_set_sim_state_c126_ICARO3_Onda_simple_v2 00000001800be6d0 f   c126_ICARO3_Onda_simple_v2.obj
 0001:000bdab0       c126_ICARO3_Onda_simple_v2_method_dispatcher 00000001800beab0 f   c126_ICARO3_Onda_simple_v2.obj
 0001:000bf830       sf_c127_ICARO3_Onda_simple_v2_get_eml_resolved_functions_info 00000001800c0830 f   c127_ICARO3_Onda_simple_v2.obj
 0001:000c22f0       sf_c127_ICARO3_Onda_simple_v2_get_check_sum 00000001800c32f0 f   c127_ICARO3_Onda_simple_v2.obj
 0001:000c2370       sf_c127_ICARO3_Onda_simple_v2_get_autoinheritance_info 00000001800c3370 f   c127_ICARO3_Onda_simple_v2.obj
 0001:000c2790       sf_c127_ICARO3_Onda_simple_v2_third_party_uses_info 00000001800c3790 f   c127_ICARO3_Onda_simple_v2.obj
 0001:000c27c0       sf_c127_ICARO3_Onda_simple_v2_updateBuildInfo_args_info 00000001800c37c0 f   c127_ICARO3_Onda_simple_v2.obj
 0001:000c27f0       sf_internal_get_sim_state_c127_ICARO3_Onda_simple_v2 00000001800c37f0 f   c127_ICARO3_Onda_simple_v2.obj
 0001:000c2b50       sf_internal_set_sim_state_c127_ICARO3_Onda_simple_v2 00000001800c3b50 f   c127_ICARO3_Onda_simple_v2.obj
 0001:000c2f30       c127_ICARO3_Onda_simple_v2_method_dispatcher 00000001800c3f30 f   c127_ICARO3_Onda_simple_v2.obj
 0001:000c4ca0       sf_c128_ICARO3_Onda_simple_v2_get_eml_resolved_functions_info 00000001800c5ca0 f   c128_ICARO3_Onda_simple_v2.obj
 0001:000c7760       sf_c128_ICARO3_Onda_simple_v2_get_check_sum 00000001800c8760 f   c128_ICARO3_Onda_simple_v2.obj
 0001:000c77e0       sf_c128_ICARO3_Onda_simple_v2_get_autoinheritance_info 00000001800c87e0 f   c128_ICARO3_Onda_simple_v2.obj
 0001:000c7c00       sf_c128_ICARO3_Onda_simple_v2_third_party_uses_info 00000001800c8c00 f   c128_ICARO3_Onda_simple_v2.obj
 0001:000c7c30       sf_c128_ICARO3_Onda_simple_v2_updateBuildInfo_args_info 00000001800c8c30 f   c128_ICARO3_Onda_simple_v2.obj
 0001:000c7c60       sf_internal_get_sim_state_c128_ICARO3_Onda_simple_v2 00000001800c8c60 f   c128_ICARO3_Onda_simple_v2.obj
 0001:000c7fc0       sf_internal_set_sim_state_c128_ICARO3_Onda_simple_v2 00000001800c8fc0 f   c128_ICARO3_Onda_simple_v2.obj
 0001:000c83a0       c128_ICARO3_Onda_simple_v2_method_dispatcher 00000001800c93a0 f   c128_ICARO3_Onda_simple_v2.obj
 0001:000ca110       sf_c129_ICARO3_Onda_simple_v2_get_eml_resolved_functions_info 00000001800cb110 f   c129_ICARO3_Onda_simple_v2.obj
 0001:000ccbd0       sf_c129_ICARO3_Onda_simple_v2_get_check_sum 00000001800cdbd0 f   c129_ICARO3_Onda_simple_v2.obj
 0001:000ccc50       sf_c129_ICARO3_Onda_simple_v2_get_autoinheritance_info 00000001800cdc50 f   c129_ICARO3_Onda_simple_v2.obj
 0001:000cd070       sf_c129_ICARO3_Onda_simple_v2_third_party_uses_info 00000001800ce070 f   c129_ICARO3_Onda_simple_v2.obj
 0001:000cd0a0       sf_c129_ICARO3_Onda_simple_v2_updateBuildInfo_args_info 00000001800ce0a0 f   c129_ICARO3_Onda_simple_v2.obj
 0001:000cd0d0       sf_internal_get_sim_state_c129_ICARO3_Onda_simple_v2 00000001800ce0d0 f   c129_ICARO3_Onda_simple_v2.obj
 0001:000cd430       sf_internal_set_sim_state_c129_ICARO3_Onda_simple_v2 00000001800ce430 f   c129_ICARO3_Onda_simple_v2.obj
 0001:000cd810       c129_ICARO3_Onda_simple_v2_method_dispatcher 00000001800ce810 f   c129_ICARO3_Onda_simple_v2.obj
 0001:000cf580       sf_c130_ICARO3_Onda_simple_v2_get_eml_resolved_functions_info 00000001800d0580 f   c130_ICARO3_Onda_simple_v2.obj
 0001:000d7380       sf_c130_ICARO3_Onda_simple_v2_get_check_sum 00000001800d8380 f   c130_ICARO3_Onda_simple_v2.obj
 0001:000d7400       sf_c130_ICARO3_Onda_simple_v2_get_autoinheritance_info 00000001800d8400 f   c130_ICARO3_Onda_simple_v2.obj
 0001:000d7820       sf_c130_ICARO3_Onda_simple_v2_third_party_uses_info 00000001800d8820 f   c130_ICARO3_Onda_simple_v2.obj
 0001:000d7850       sf_c130_ICARO3_Onda_simple_v2_updateBuildInfo_args_info 00000001800d8850 f   c130_ICARO3_Onda_simple_v2.obj
 0001:000d7880       sf_internal_get_sim_state_c130_ICARO3_Onda_simple_v2 00000001800d8880 f   c130_ICARO3_Onda_simple_v2.obj
 0001:000d7be0       sf_internal_set_sim_state_c130_ICARO3_Onda_simple_v2 00000001800d8be0 f   c130_ICARO3_Onda_simple_v2.obj
 0001:000d7fd0       c130_ICARO3_Onda_simple_v2_method_dispatcher 00000001800d8fd0 f   c130_ICARO3_Onda_simple_v2.obj
 0001:000d9c10       sf_c131_ICARO3_Onda_simple_v2_get_eml_resolved_functions_info 00000001800dac10 f   c131_ICARO3_Onda_simple_v2.obj
 0001:000e1a10       sf_c131_ICARO3_Onda_simple_v2_get_check_sum 00000001800e2a10 f   c131_ICARO3_Onda_simple_v2.obj
 0001:000e1a90       sf_c131_ICARO3_Onda_simple_v2_get_autoinheritance_info 00000001800e2a90 f   c131_ICARO3_Onda_simple_v2.obj
 0001:000e1eb0       sf_c131_ICARO3_Onda_simple_v2_third_party_uses_info 00000001800e2eb0 f   c131_ICARO3_Onda_simple_v2.obj
 0001:000e1ee0       sf_c131_ICARO3_Onda_simple_v2_updateBuildInfo_args_info 00000001800e2ee0 f   c131_ICARO3_Onda_simple_v2.obj
 0001:000e1f10       sf_internal_get_sim_state_c131_ICARO3_Onda_simple_v2 00000001800e2f10 f   c131_ICARO3_Onda_simple_v2.obj
 0001:000e2270       sf_internal_set_sim_state_c131_ICARO3_Onda_simple_v2 00000001800e3270 f   c131_ICARO3_Onda_simple_v2.obj
 0001:000e2660       c131_ICARO3_Onda_simple_v2_method_dispatcher 00000001800e3660 f   c131_ICARO3_Onda_simple_v2.obj
 0001:000e4290       sf_c132_ICARO3_Onda_simple_v2_get_eml_resolved_functions_info 00000001800e5290 f   c132_ICARO3_Onda_simple_v2.obj
 0001:000ec090       sf_c132_ICARO3_Onda_simple_v2_get_check_sum 00000001800ed090 f   c132_ICARO3_Onda_simple_v2.obj
 0001:000ec110       sf_c132_ICARO3_Onda_simple_v2_get_autoinheritance_info 00000001800ed110 f   c132_ICARO3_Onda_simple_v2.obj
 0001:000ec530       sf_c132_ICARO3_Onda_simple_v2_third_party_uses_info 00000001800ed530 f   c132_ICARO3_Onda_simple_v2.obj
 0001:000ec560       sf_c132_ICARO3_Onda_simple_v2_updateBuildInfo_args_info 00000001800ed560 f   c132_ICARO3_Onda_simple_v2.obj
 0001:000ec590       sf_internal_get_sim_state_c132_ICARO3_Onda_simple_v2 00000001800ed590 f   c132_ICARO3_Onda_simple_v2.obj
 0001:000ec8f0       sf_internal_set_sim_state_c132_ICARO3_Onda_simple_v2 00000001800ed8f0 f   c132_ICARO3_Onda_simple_v2.obj
 0001:000ecce0       c132_ICARO3_Onda_simple_v2_method_dispatcher 00000001800edce0 f   c132_ICARO3_Onda_simple_v2.obj
 0001:000ee910       sf_c133_ICARO3_Onda_simple_v2_get_eml_resolved_functions_info 00000001800ef910 f   c133_ICARO3_Onda_simple_v2.obj
 0001:000f13d0       sf_c133_ICARO3_Onda_simple_v2_get_check_sum 00000001800f23d0 f   c133_ICARO3_Onda_simple_v2.obj
 0001:000f1450       sf_c133_ICARO3_Onda_simple_v2_get_autoinheritance_info 00000001800f2450 f   c133_ICARO3_Onda_simple_v2.obj
 0001:000f1870       sf_c133_ICARO3_Onda_simple_v2_third_party_uses_info 00000001800f2870 f   c133_ICARO3_Onda_simple_v2.obj
 0001:000f18a0       sf_c133_ICARO3_Onda_simple_v2_updateBuildInfo_args_info 00000001800f28a0 f   c133_ICARO3_Onda_simple_v2.obj
 0001:000f18d0       sf_internal_get_sim_state_c133_ICARO3_Onda_simple_v2 00000001800f28d0 f   c133_ICARO3_Onda_simple_v2.obj
 0001:000f1c70       sf_internal_set_sim_state_c133_ICARO3_Onda_simple_v2 00000001800f2c70 f   c133_ICARO3_Onda_simple_v2.obj
 0001:000f20d0       c133_ICARO3_Onda_simple_v2_method_dispatcher 00000001800f30d0 f   c133_ICARO3_Onda_simple_v2.obj
 0001:000f41a0       sf_c134_ICARO3_Onda_simple_v2_get_eml_resolved_functions_info 00000001800f51a0 f   c134_ICARO3_Onda_simple_v2.obj
 0001:000f6c60       sf_c134_ICARO3_Onda_simple_v2_get_check_sum 00000001800f7c60 f   c134_ICARO3_Onda_simple_v2.obj
 0001:000f6ce0       sf_c134_ICARO3_Onda_simple_v2_get_autoinheritance_info 00000001800f7ce0 f   c134_ICARO3_Onda_simple_v2.obj
 0001:000f7100       sf_c134_ICARO3_Onda_simple_v2_third_party_uses_info 00000001800f8100 f   c134_ICARO3_Onda_simple_v2.obj
 0001:000f7130       sf_c134_ICARO3_Onda_simple_v2_updateBuildInfo_args_info 00000001800f8130 f   c134_ICARO3_Onda_simple_v2.obj
 0001:000f7160       sf_internal_get_sim_state_c134_ICARO3_Onda_simple_v2 00000001800f8160 f   c134_ICARO3_Onda_simple_v2.obj
 0001:000f7500       sf_internal_set_sim_state_c134_ICARO3_Onda_simple_v2 00000001800f8500 f   c134_ICARO3_Onda_simple_v2.obj
 0001:000f7960       c134_ICARO3_Onda_simple_v2_method_dispatcher 00000001800f8960 f   c134_ICARO3_Onda_simple_v2.obj
 0001:000f9a40       sf_c135_ICARO3_Onda_simple_v2_get_eml_resolved_functions_info 00000001800faa40 f   c135_ICARO3_Onda_simple_v2.obj
 0001:000fc500       sf_c135_ICARO3_Onda_simple_v2_get_check_sum 00000001800fd500 f   c135_ICARO3_Onda_simple_v2.obj
 0001:000fc580       sf_c135_ICARO3_Onda_simple_v2_get_autoinheritance_info 00000001800fd580 f   c135_ICARO3_Onda_simple_v2.obj
 0001:000fc9a0       sf_c135_ICARO3_Onda_simple_v2_third_party_uses_info 00000001800fd9a0 f   c135_ICARO3_Onda_simple_v2.obj
 0001:000fc9d0       sf_c135_ICARO3_Onda_simple_v2_updateBuildInfo_args_info 00000001800fd9d0 f   c135_ICARO3_Onda_simple_v2.obj
 0001:000fca00       sf_internal_get_sim_state_c135_ICARO3_Onda_simple_v2 00000001800fda00 f   c135_ICARO3_Onda_simple_v2.obj
 0001:000fcd90       sf_internal_set_sim_state_c135_ICARO3_Onda_simple_v2 00000001800fdd90 f   c135_ICARO3_Onda_simple_v2.obj
 0001:000fd1f0       c135_ICARO3_Onda_simple_v2_method_dispatcher 00000001800fe1f0 f   c135_ICARO3_Onda_simple_v2.obj
 0001:000ff2c0       sf_c136_ICARO3_Onda_simple_v2_get_eml_resolved_functions_info 00000001801002c0 f   c136_ICARO3_Onda_simple_v2.obj
 0001:000ff340       sf_c136_ICARO3_Onda_simple_v2_get_check_sum 0000000180100340 f   c136_ICARO3_Onda_simple_v2.obj
 0001:000ff3c0       sf_c136_ICARO3_Onda_simple_v2_get_autoinheritance_info 00000001801003c0 f   c136_ICARO3_Onda_simple_v2.obj
 0001:000ff7e0       sf_c136_ICARO3_Onda_simple_v2_third_party_uses_info 00000001801007e0 f   c136_ICARO3_Onda_simple_v2.obj
 0001:000ff810       sf_c136_ICARO3_Onda_simple_v2_updateBuildInfo_args_info 0000000180100810 f   c136_ICARO3_Onda_simple_v2.obj
 0001:000ff840       sf_internal_get_sim_state_c136_ICARO3_Onda_simple_v2 0000000180100840 f   c136_ICARO3_Onda_simple_v2.obj
 0001:000ffc20       sf_internal_set_sim_state_c136_ICARO3_Onda_simple_v2 0000000180100c20 f   c136_ICARO3_Onda_simple_v2.obj
 0001:001000b0       c136_ICARO3_Onda_simple_v2_method_dispatcher 00000001801010b0 f   c136_ICARO3_Onda_simple_v2.obj
 0001:00102320       sf_c137_ICARO3_Onda_simple_v2_get_eml_resolved_functions_info 0000000180103320 f   c137_ICARO3_Onda_simple_v2.obj
 0001:00104de0       sf_c137_ICARO3_Onda_simple_v2_get_check_sum 0000000180105de0 f   c137_ICARO3_Onda_simple_v2.obj
 0001:00104e60       sf_c137_ICARO3_Onda_simple_v2_get_autoinheritance_info 0000000180105e60 f   c137_ICARO3_Onda_simple_v2.obj
 0001:00105280       sf_c137_ICARO3_Onda_simple_v2_third_party_uses_info 0000000180106280 f   c137_ICARO3_Onda_simple_v2.obj
 0001:001052b0       sf_c137_ICARO3_Onda_simple_v2_updateBuildInfo_args_info 00000001801062b0 f   c137_ICARO3_Onda_simple_v2.obj
 0001:001052e0       sf_internal_get_sim_state_c137_ICARO3_Onda_simple_v2 00000001801062e0 f   c137_ICARO3_Onda_simple_v2.obj
 0001:00105680       sf_internal_set_sim_state_c137_ICARO3_Onda_simple_v2 0000000180106680 f   c137_ICARO3_Onda_simple_v2.obj
 0001:00105ae0       c137_ICARO3_Onda_simple_v2_method_dispatcher 0000000180106ae0 f   c137_ICARO3_Onda_simple_v2.obj
 0001:00107bc0       sf_c138_ICARO3_Onda_simple_v2_get_eml_resolved_functions_info 0000000180108bc0 f   c138_ICARO3_Onda_simple_v2.obj
 0001:0010a680       sf_c138_ICARO3_Onda_simple_v2_get_check_sum 000000018010b680 f   c138_ICARO3_Onda_simple_v2.obj
 0001:0010a700       sf_c138_ICARO3_Onda_simple_v2_get_autoinheritance_info 000000018010b700 f   c138_ICARO3_Onda_simple_v2.obj
 0001:0010ab20       sf_c138_ICARO3_Onda_simple_v2_third_party_uses_info 000000018010bb20 f   c138_ICARO3_Onda_simple_v2.obj
 0001:0010ab50       sf_c138_ICARO3_Onda_simple_v2_updateBuildInfo_args_info 000000018010bb50 f   c138_ICARO3_Onda_simple_v2.obj
 0001:0010ab80       sf_internal_get_sim_state_c138_ICARO3_Onda_simple_v2 000000018010bb80 f   c138_ICARO3_Onda_simple_v2.obj
 0001:0010af20       sf_internal_set_sim_state_c138_ICARO3_Onda_simple_v2 000000018010bf20 f   c138_ICARO3_Onda_simple_v2.obj
 0001:0010b380       c138_ICARO3_Onda_simple_v2_method_dispatcher 000000018010c380 f   c138_ICARO3_Onda_simple_v2.obj
 0001:0010d460       sf_c139_ICARO3_Onda_simple_v2_get_eml_resolved_functions_info 000000018010e460 f   c139_ICARO3_Onda_simple_v2.obj
 0001:0010ff20       sf_c139_ICARO3_Onda_simple_v2_get_check_sum 0000000180110f20 f   c139_ICARO3_Onda_simple_v2.obj
 0001:0010ffa0       sf_c139_ICARO3_Onda_simple_v2_get_autoinheritance_info 0000000180110fa0 f   c139_ICARO3_Onda_simple_v2.obj
 0001:001103c0       sf_c139_ICARO3_Onda_simple_v2_third_party_uses_info 00000001801113c0 f   c139_ICARO3_Onda_simple_v2.obj
 0001:001103f0       sf_c139_ICARO3_Onda_simple_v2_updateBuildInfo_args_info 00000001801113f0 f   c139_ICARO3_Onda_simple_v2.obj
 0001:00110420       sf_internal_get_sim_state_c139_ICARO3_Onda_simple_v2 0000000180111420 f   c139_ICARO3_Onda_simple_v2.obj
 0001:001107c0       sf_internal_set_sim_state_c139_ICARO3_Onda_simple_v2 00000001801117c0 f   c139_ICARO3_Onda_simple_v2.obj
 0001:00110c20       c139_ICARO3_Onda_simple_v2_method_dispatcher 0000000180111c20 f   c139_ICARO3_Onda_simple_v2.obj
 0001:00112d00       sf_c140_ICARO3_Onda_simple_v2_get_eml_resolved_functions_info 0000000180113d00 f   c140_ICARO3_Onda_simple_v2.obj
 0001:001157c0       sf_c140_ICARO3_Onda_simple_v2_get_check_sum 00000001801167c0 f   c140_ICARO3_Onda_simple_v2.obj
 0001:00115840       sf_c140_ICARO3_Onda_simple_v2_get_autoinheritance_info 0000000180116840 f   c140_ICARO3_Onda_simple_v2.obj
 0001:00115c60       sf_c140_ICARO3_Onda_simple_v2_third_party_uses_info 0000000180116c60 f   c140_ICARO3_Onda_simple_v2.obj
 0001:00115c90       sf_c140_ICARO3_Onda_simple_v2_updateBuildInfo_args_info 0000000180116c90 f   c140_ICARO3_Onda_simple_v2.obj
 0001:00115cc0       sf_internal_get_sim_state_c140_ICARO3_Onda_simple_v2 0000000180116cc0 f   c140_ICARO3_Onda_simple_v2.obj
 0001:00116060       sf_internal_set_sim_state_c140_ICARO3_Onda_simple_v2 0000000180117060 f   c140_ICARO3_Onda_simple_v2.obj
 0001:001164c0       c140_ICARO3_Onda_simple_v2_method_dispatcher 00000001801174c0 f   c140_ICARO3_Onda_simple_v2.obj
 0001:001185a0       sf_c141_ICARO3_Onda_simple_v2_get_eml_resolved_functions_info 00000001801195a0 f   c141_ICARO3_Onda_simple_v2.obj
 0001:00118620       sf_c141_ICARO3_Onda_simple_v2_get_check_sum 0000000180119620 f   c141_ICARO3_Onda_simple_v2.obj
 0001:001186a0       sf_c141_ICARO3_Onda_simple_v2_get_autoinheritance_info 00000001801196a0 f   c141_ICARO3_Onda_simple_v2.obj
 0001:00118ac0       sf_c141_ICARO3_Onda_simple_v2_third_party_uses_info 0000000180119ac0 f   c141_ICARO3_Onda_simple_v2.obj
 0001:00118af0       sf_c141_ICARO3_Onda_simple_v2_updateBuildInfo_args_info 0000000180119af0 f   c141_ICARO3_Onda_simple_v2.obj
 0001:00118b20       sf_internal_get_sim_state_c141_ICARO3_Onda_simple_v2 0000000180119b20 f   c141_ICARO3_Onda_simple_v2.obj
 0001:00118f00       sf_internal_set_sim_state_c141_ICARO3_Onda_simple_v2 0000000180119f00 f   c141_ICARO3_Onda_simple_v2.obj
 0001:00119390       c141_ICARO3_Onda_simple_v2_method_dispatcher 000000018011a390 f   c141_ICARO3_Onda_simple_v2.obj
 0001:0011b5d0       sf_c142_ICARO3_Onda_simple_v2_get_eml_resolved_functions_info 000000018011c5d0 f   c142_ICARO3_Onda_simple_v2.obj
 0001:0011e090       sf_c142_ICARO3_Onda_simple_v2_get_check_sum 000000018011f090 f   c142_ICARO3_Onda_simple_v2.obj
 0001:0011e110       sf_c142_ICARO3_Onda_simple_v2_get_autoinheritance_info 000000018011f110 f   c142_ICARO3_Onda_simple_v2.obj
 0001:0011e530       sf_c142_ICARO3_Onda_simple_v2_third_party_uses_info 000000018011f530 f   c142_ICARO3_Onda_simple_v2.obj
 0001:0011e560       sf_c142_ICARO3_Onda_simple_v2_updateBuildInfo_args_info 000000018011f560 f   c142_ICARO3_Onda_simple_v2.obj
 0001:0011e590       sf_internal_get_sim_state_c142_ICARO3_Onda_simple_v2 000000018011f590 f   c142_ICARO3_Onda_simple_v2.obj
 0001:0011e930       sf_internal_set_sim_state_c142_ICARO3_Onda_simple_v2 000000018011f930 f   c142_ICARO3_Onda_simple_v2.obj
 0001:0011ed90       c142_ICARO3_Onda_simple_v2_method_dispatcher 000000018011fd90 f   c142_ICARO3_Onda_simple_v2.obj
 0001:00120e60       sf_c143_ICARO3_Onda_simple_v2_get_eml_resolved_functions_info 0000000180121e60 f   c143_ICARO3_Onda_simple_v2.obj
 0001:00123920       sf_c143_ICARO3_Onda_simple_v2_get_check_sum 0000000180124920 f   c143_ICARO3_Onda_simple_v2.obj
 0001:001239a0       sf_c143_ICARO3_Onda_simple_v2_get_autoinheritance_info 00000001801249a0 f   c143_ICARO3_Onda_simple_v2.obj
 0001:00123dc0       sf_c143_ICARO3_Onda_simple_v2_third_party_uses_info 0000000180124dc0 f   c143_ICARO3_Onda_simple_v2.obj
 0001:00123df0       sf_c143_ICARO3_Onda_simple_v2_updateBuildInfo_args_info 0000000180124df0 f   c143_ICARO3_Onda_simple_v2.obj
 0001:00123e20       sf_internal_get_sim_state_c143_ICARO3_Onda_simple_v2 0000000180124e20 f   c143_ICARO3_Onda_simple_v2.obj
 0001:001241c0       sf_internal_set_sim_state_c143_ICARO3_Onda_simple_v2 00000001801251c0 f   c143_ICARO3_Onda_simple_v2.obj
 0001:00124620       c143_ICARO3_Onda_simple_v2_method_dispatcher 0000000180125620 f   c143_ICARO3_Onda_simple_v2.obj
 0001:001266e0       sf_c144_ICARO3_Onda_simple_v2_get_eml_resolved_functions_info 00000001801276e0 f   c144_ICARO3_Onda_simple_v2.obj
 0001:001291a0       sf_c144_ICARO3_Onda_simple_v2_get_check_sum 000000018012a1a0 f   c144_ICARO3_Onda_simple_v2.obj
 0001:00129220       sf_c144_ICARO3_Onda_simple_v2_get_autoinheritance_info 000000018012a220 f   c144_ICARO3_Onda_simple_v2.obj
 0001:00129640       sf_c144_ICARO3_Onda_simple_v2_third_party_uses_info 000000018012a640 f   c144_ICARO3_Onda_simple_v2.obj
 0001:00129670       sf_c144_ICARO3_Onda_simple_v2_updateBuildInfo_args_info 000000018012a670 f   c144_ICARO3_Onda_simple_v2.obj
 0001:001296a0       sf_internal_get_sim_state_c144_ICARO3_Onda_simple_v2 000000018012a6a0 f   c144_ICARO3_Onda_simple_v2.obj
 0001:00129a40       sf_internal_set_sim_state_c144_ICARO3_Onda_simple_v2 000000018012aa40 f   c144_ICARO3_Onda_simple_v2.obj
 0001:00129ea0       c144_ICARO3_Onda_simple_v2_method_dispatcher 000000018012aea0 f   c144_ICARO3_Onda_simple_v2.obj
 0001:0012bf70       sf_c145_ICARO3_Onda_simple_v2_get_eml_resolved_functions_info 000000018012cf70 f   c145_ICARO3_Onda_simple_v2.obj
 0001:0012ea30       sf_c145_ICARO3_Onda_simple_v2_get_check_sum 000000018012fa30 f   c145_ICARO3_Onda_simple_v2.obj
 0001:0012eab0       sf_c145_ICARO3_Onda_simple_v2_get_autoinheritance_info 000000018012fab0 f   c145_ICARO3_Onda_simple_v2.obj
 0001:0012eed0       sf_c145_ICARO3_Onda_simple_v2_third_party_uses_info 000000018012fed0 f   c145_ICARO3_Onda_simple_v2.obj
 0001:0012ef00       sf_c145_ICARO3_Onda_simple_v2_updateBuildInfo_args_info 000000018012ff00 f   c145_ICARO3_Onda_simple_v2.obj
 0001:0012ef30       sf_internal_get_sim_state_c145_ICARO3_Onda_simple_v2 000000018012ff30 f   c145_ICARO3_Onda_simple_v2.obj
 0001:0012f2d0       sf_internal_set_sim_state_c145_ICARO3_Onda_simple_v2 00000001801302d0 f   c145_ICARO3_Onda_simple_v2.obj
 0001:0012f730       c145_ICARO3_Onda_simple_v2_method_dispatcher 0000000180130730 f   c145_ICARO3_Onda_simple_v2.obj
 0001:00131800       sf_c146_ICARO3_Onda_simple_v2_get_eml_resolved_functions_info 0000000180132800 f   c146_ICARO3_Onda_simple_v2.obj
 0001:00131880       sf_c146_ICARO3_Onda_simple_v2_get_check_sum 0000000180132880 f   c146_ICARO3_Onda_simple_v2.obj
 0001:00131900       sf_c146_ICARO3_Onda_simple_v2_get_autoinheritance_info 0000000180132900 f   c146_ICARO3_Onda_simple_v2.obj
 0001:00131d20       sf_c146_ICARO3_Onda_simple_v2_third_party_uses_info 0000000180132d20 f   c146_ICARO3_Onda_simple_v2.obj
 0001:00131d50       sf_c146_ICARO3_Onda_simple_v2_updateBuildInfo_args_info 0000000180132d50 f   c146_ICARO3_Onda_simple_v2.obj
 0001:00131d80       sf_internal_get_sim_state_c146_ICARO3_Onda_simple_v2 0000000180132d80 f   c146_ICARO3_Onda_simple_v2.obj
 0001:00132150       sf_internal_set_sim_state_c146_ICARO3_Onda_simple_v2 0000000180133150 f   c146_ICARO3_Onda_simple_v2.obj
 0001:001325e0       c146_ICARO3_Onda_simple_v2_method_dispatcher 00000001801335e0 f   c146_ICARO3_Onda_simple_v2.obj
 0001:00134830       sf_c147_ICARO3_Onda_simple_v2_get_eml_resolved_functions_info 0000000180135830 f   c147_ICARO3_Onda_simple_v2.obj
 0001:001372f0       sf_c147_ICARO3_Onda_simple_v2_get_check_sum 00000001801382f0 f   c147_ICARO3_Onda_simple_v2.obj
 0001:00137370       sf_c147_ICARO3_Onda_simple_v2_get_autoinheritance_info 0000000180138370 f   c147_ICARO3_Onda_simple_v2.obj
 0001:00137790       sf_c147_ICARO3_Onda_simple_v2_third_party_uses_info 0000000180138790 f   c147_ICARO3_Onda_simple_v2.obj
 0001:001377c0       sf_c147_ICARO3_Onda_simple_v2_updateBuildInfo_args_info 00000001801387c0 f   c147_ICARO3_Onda_simple_v2.obj
 0001:001377f0       sf_internal_get_sim_state_c147_ICARO3_Onda_simple_v2 00000001801387f0 f   c147_ICARO3_Onda_simple_v2.obj
 0001:00137b90       sf_internal_set_sim_state_c147_ICARO3_Onda_simple_v2 0000000180138b90 f   c147_ICARO3_Onda_simple_v2.obj
 0001:00137ff0       c147_ICARO3_Onda_simple_v2_method_dispatcher 0000000180138ff0 f   c147_ICARO3_Onda_simple_v2.obj
 0001:0013a0c0       sf_c159_ICARO3_Onda_simple_v2_get_eml_resolved_functions_info 000000018013b0c0 f   c159_ICARO3_Onda_simple_v2.obj
 0001:0013c1b0       sf_c159_ICARO3_Onda_simple_v2_get_check_sum 000000018013d1b0 f   c159_ICARO3_Onda_simple_v2.obj
 0001:0013c230       sf_c159_ICARO3_Onda_simple_v2_get_autoinheritance_info 000000018013d230 f   c159_ICARO3_Onda_simple_v2.obj
 0001:0013c650       sf_c159_ICARO3_Onda_simple_v2_third_party_uses_info 000000018013d650 f   c159_ICARO3_Onda_simple_v2.obj
 0001:0013c680       sf_c159_ICARO3_Onda_simple_v2_updateBuildInfo_args_info 000000018013d680 f   c159_ICARO3_Onda_simple_v2.obj
 0001:0013c6b0       sf_internal_get_sim_state_c159_ICARO3_Onda_simple_v2 000000018013d6b0 f   c159_ICARO3_Onda_simple_v2.obj
 0001:0013ca70       sf_internal_set_sim_state_c159_ICARO3_Onda_simple_v2 000000018013da70 f   c159_ICARO3_Onda_simple_v2.obj
 0001:0013cf00       c159_ICARO3_Onda_simple_v2_method_dispatcher 000000018013df00 f   c159_ICARO3_Onda_simple_v2.obj
 0001:0013f2a0       sf_c160_ICARO3_Onda_simple_v2_get_eml_resolved_functions_info 00000001801402a0 f   c160_ICARO3_Onda_simple_v2.obj
 0001:00141390       sf_c160_ICARO3_Onda_simple_v2_get_check_sum 0000000180142390 f   c160_ICARO3_Onda_simple_v2.obj
 0001:00141410       sf_c160_ICARO3_Onda_simple_v2_get_autoinheritance_info 0000000180142410 f   c160_ICARO3_Onda_simple_v2.obj
 0001:00141830       sf_c160_ICARO3_Onda_simple_v2_third_party_uses_info 0000000180142830 f   c160_ICARO3_Onda_simple_v2.obj
 0001:00141860       sf_c160_ICARO3_Onda_simple_v2_updateBuildInfo_args_info 0000000180142860 f   c160_ICARO3_Onda_simple_v2.obj
 0001:00141890       sf_internal_get_sim_state_c160_ICARO3_Onda_simple_v2 0000000180142890 f   c160_ICARO3_Onda_simple_v2.obj
 0001:00141c60       sf_internal_set_sim_state_c160_ICARO3_Onda_simple_v2 0000000180142c60 f   c160_ICARO3_Onda_simple_v2.obj
 0001:001420f0       c160_ICARO3_Onda_simple_v2_method_dispatcher 00000001801430f0 f   c160_ICARO3_Onda_simple_v2.obj
 0001:00144480       sf_process_check_sum_call  0000000180145480 f   ICARO3_Onda_simple_v2_sfun_registry.obj
 0001:001444d0       sf_process_autoinheritance_call 00000001801454d0 f   ICARO3_Onda_simple_v2_sfun_registry.obj
 0001:00144670       sf_process_get_third_party_uses_info_call 0000000180145670 f   ICARO3_Onda_simple_v2_sfun_registry.obj
 0001:00144810       sf_process_get_updateBuildInfo_args_info_call 0000000180145810 f   ICARO3_Onda_simple_v2_sfun_registry.obj
 0001:001449b0       sf_process_get_eml_resolved_functions_info_call 00000001801459b0 f   ICARO3_Onda_simple_v2_sfun_registry.obj
 0001:00144b30       sf_mex_unlock_call         0000000180145b30 f   ICARO3_Onda_simple_v2_sfun_registry.obj
 0001:00144be0       sf_machine_global_initializer_called 0000000180145be0 f   ICARO3_Onda_simple_v2_sfun_registry.obj
 0001:00144c10       sf_machine_global_method_dispatcher 0000000180145c10 f   ICARO3_Onda_simple_v2_sfun_registry.obj
 0001:00144c70       sf_machine_global_terminator 0000000180145c70 f   ICARO3_Onda_simple_v2_sfun_registry.obj
 0001:00144cc0       sf_register_machine_exported_symbols 0000000180145cc0 f   ICARO3_Onda_simple_v2_sfun_registry.obj
 0001:00144ce0       callCustomFcn              0000000180145ce0 f   ICARO3_Onda_simple_v2_sfun_registry.obj
 0001:00144cf0       sf_machine_global_initializer 0000000180145cf0 f   ICARO3_Onda_simple_v2_sfun_registry.obj
 0001:00144d70       mdlGetSimState             0000000180145d70 f   ICARO3_Onda_simple_v2_sfun_registry.obj
 0001:00144df0       mdlSetSimState             0000000180145df0 f   ICARO3_Onda_simple_v2_sfun_registry.obj
 0001:00144e30       _ssSetStateAbsTol          0000000180145e30 f   ICARO3_Onda_simple_v2_sfun_registry.obj
 0001:00144f10       _ssGetAbsTol               0000000180145f10 f   ICARO3_Onda_simple_v2_sfun_registry.obj
 0001:00144f80       _ssSetInputPortMatrixDimensions 0000000180145f80 f   ICARO3_Onda_simple_v2_sfun_registry.obj
 0001:00145090       _ssSetOutputPortMatrixDimensions 0000000180146090 f   ICARO3_Onda_simple_v2_sfun_registry.obj
 0001:001451a0       _ssSetInputPortVectorDimension 00000001801461a0 f   ICARO3_Onda_simple_v2_sfun_registry.obj
 0001:00145270       _ssSetOutputPortVectorDimension 0000000180146270 f   ICARO3_Onda_simple_v2_sfun_registry.obj
 0001:00145340       ssIsRunTimeParamTunable    0000000180146340 f   ICARO3_Onda_simple_v2_sfun_registry.obj
 0001:001453b0       ssGetSFuncBlockHandle      00000001801463b0 f   ICARO3_Onda_simple_v2_sfun_registry.obj
 0001:00145420       _ssGetCurrentInputPortWidth 0000000180146420 f   ICARO3_Onda_simple_v2_sfun_registry.obj
 0001:00145540       _ssGetCurrentOutputPortWidth 0000000180146540 f   ICARO3_Onda_simple_v2_sfun_registry.obj
 0001:00145660       _ssGetCallSystemNumFcnCallDestinations 0000000180146660 f   ICARO3_Onda_simple_v2_sfun_registry.obj
 0001:001456d0       ssWarning                  00000001801466d0 f   ICARO3_Onda_simple_v2_sfun_registry.obj
 0001:001457e0       ssGetIsZeroCrossControlDisabled 00000001801467e0 f   ICARO3_Onda_simple_v2_sfun_registry.obj
 0001:00145850       ssSetIsInputPortUsedForContZcSignal 0000000180146850 f   ICARO3_Onda_simple_v2_sfun_registry.obj
 0001:001458c0       ssSetZcSignalIsZcElementDisc 00000001801468c0 f   ICARO3_Onda_simple_v2_sfun_registry.obj
 0001:00145970       ssSetZcSignalName          0000000180146970 f   ICARO3_Onda_simple_v2_sfun_registry.obj
 0001:001459e0       ssSetZcSignalWidth         00000001801469e0 f   ICARO3_Onda_simple_v2_sfun_registry.obj
 0001:00145a50       ssSetZcSignalZcEventType   0000000180146a50 f   ICARO3_Onda_simple_v2_sfun_registry.obj
 0001:00145ac0       ssSetZcSignalType          0000000180146ac0 f   ICARO3_Onda_simple_v2_sfun_registry.obj
 0001:00145b30       ssSetZcSignalZcTol         0000000180146b30 f   ICARO3_Onda_simple_v2_sfun_registry.obj
 0001:00145ba0       ssSetZcSignalNeedsEventNotification 0000000180146ba0 f   ICARO3_Onda_simple_v2_sfun_registry.obj
 0001:00145c10       ssCreateAndAddZcSignalInfo 0000000180146c10 f   ICARO3_Onda_simple_v2_sfun_registry.obj
 0001:00145c80       ssCloneAndAddZcSignalInfo  0000000180146c80 f   ICARO3_Onda_simple_v2_sfun_registry.obj
 0001:00145cf0       ssGetNumZcSignals          0000000180146cf0 f   ICARO3_Onda_simple_v2_sfun_registry.obj
 0001:00145d60       ssGetZcSignalVector        0000000180146d60 f   ICARO3_Onda_simple_v2_sfun_registry.obj
 0001:00145dd0       ssGetZcSignalZcEvents      0000000180146dd0 f   ICARO3_Onda_simple_v2_sfun_registry.obj
 0001:00145e40       ssGetZcSignalName          0000000180146e40 f   ICARO3_Onda_simple_v2_sfun_registry.obj
 0001:00145eb0       ssGetZcSignalWidth         0000000180146eb0 f   ICARO3_Onda_simple_v2_sfun_registry.obj
 0001:00145f20       ssGetZcSignalZcEventType   0000000180146f20 f   ICARO3_Onda_simple_v2_sfun_registry.obj
 0001:00145f90       ssGetZcSignalType          0000000180146f90 f   ICARO3_Onda_simple_v2_sfun_registry.obj
 0001:00146000       ssGetZcSignalZcTol         0000000180147000 f   ICARO3_Onda_simple_v2_sfun_registry.obj
 0001:00146080       ssGetZcSignalNeedsEventNotification 0000000180147080 f   ICARO3_Onda_simple_v2_sfun_registry.obj
 0001:001460f0       ssGetZcSignalIsZcElementDisc 00000001801470f0 f   ICARO3_Onda_simple_v2_sfun_registry.obj
 0001:00146190       ssGetIsInputPortElementContinuous 0000000180147190 f   ICARO3_Onda_simple_v2_sfun_registry.obj
 0001:00146230       _ssGetInputPortSignalPtrsFcn 0000000180147230 f   ICARO3_Onda_simple_v2_sfun_registry.obj
 0001:001464f0       _ssGetInputPortSignalFcn   00000001801474f0 f   ICARO3_Onda_simple_v2_sfun_registry.obj
 0001:00146710       _ssSetInputPortDirectFeedThroughFcn 0000000180147710 f   ICARO3_Onda_simple_v2_sfun_registry.obj
 0001:00146870       _ssSetInputPortReusableFcn 0000000180147870 f   ICARO3_Onda_simple_v2_sfun_registry.obj
 0001:00146960       _ssSetOutputPortReusableFcn 0000000180147960 f   ICARO3_Onda_simple_v2_sfun_registry.obj
 0001:00146a40       ssGetDTypeIdFromMxArray    0000000180147a40 f   ICARO3_Onda_simple_v2_sfun_registry.obj
 0001:00146b60       ssWriteRTWStr              0000000180147b60 f   ICARO3_Onda_simple_v2_sfun_registry.obj
 0001:00146bc0       ssWriteRTWMxVectParam      0000000180147bc0 f   ICARO3_Onda_simple_v2_sfun_registry.obj
 0001:00146c20       ssWriteRTWMx2dMatParam     0000000180147c20 f   ICARO3_Onda_simple_v2_sfun_registry.obj
 0001:00146ca0       ssWriteRTWNameValuePair    0000000180147ca0 f   ICARO3_Onda_simple_v2_sfun_registry.obj
 0001:00147190       ssWriteRTWParameters       0000000180148190 f   ICARO3_Onda_simple_v2_sfun_registry.obj
 0001:00147790       ssWriteRTWParamSettings    0000000180148790 f   ICARO3_Onda_simple_v2_sfun_registry.obj
 0001:00147e60       ssWriteRTWWorkVect         0000000180148e60 f   ICARO3_Onda_simple_v2_sfun_registry.obj
 0001:00148360       mexFunction                0000000180149360 f   ICARO3_Onda_simple_v2_sfun_registry.obj
 0001:0014a7e0       ProcessMexSfunctionEveryCall 000000018014b7e0 f   ICARO3_Onda_simple_v2_sfun_registry.obj
 0001:0014a962       sf_debug_set_machine_data_thresholds 000000018014b962 f   sf_runtime:sf_runtime.dll
 0001:0014a968       sf_debug_set_machine_event_thresholds 000000018014b968 f   sf_runtime:sf_runtime.dll
 0001:0014a96e       sf_debug_initialize_machine 000000018014b96e f   sf_runtime:sf_runtime.dll
 0001:0014a974       sf_load_rtw_optimization_info 000000018014b974 f   sf_runtime:sf_runtime.dll
 0001:0014a97a       sf_mex_assign              000000018014b97a f   sf_runtime:sf_runtime.dll
 0001:0014a980       sf_mex_create              000000018014b980 f   sf_runtime:sf_runtime.dll
 0001:0014a986       sf_mex_error_message       000000018014b986 f   sf_runtime:sf_runtime.dll
 0001:0014a98c       sf_mex_call_matlab         000000018014b98c f   sf_runtime:sf_runtime.dll
 0001:0014a992       sf_mex_setcell             000000018014b992 f   sf_runtime:sf_runtime.dll
 0001:0014a998       sf_mex_createcellmatrix    000000018014b998 f   sf_runtime:sf_runtime.dll
 0001:0014a99e       sf_mex_decode_encoded_mx_struct_array 000000018014b99e f   sf_runtime:sf_runtime.dll
 0001:0014a9a4       sf_mex_destroy             000000018014b9a4 f   sf_runtime:sf_runtime.dll
 0001:0014a9aa       sf_mex_getcell             000000018014b9aa f   sf_runtime:sf_runtime.dll
 0001:0014a9b0       sf_mex_dup                 000000018014b9b0 f   sf_runtime:sf_runtime.dll
 0001:0014a9b6       sf_mex_import              000000018014b9b6 f   sf_runtime:sf_runtime.dll
 0001:0014a9bc       sf_set_rtw_dwork_info      000000018014b9bc f   sf_runtime:sf_runtime.dll
 0001:0014a9c2       sf_mark_chart_reusable_outputs 000000018014b9c2 f   sf_runtime:sf_runtime.dll
 0001:0014a9c8       sf_mark_chart_expressionable_inputs 000000018014b9c8 f   sf_runtime:sf_runtime.dll
 0001:0014a9ce       sf_update_buildInfo        000000018014b9ce f   sf_runtime:sf_runtime.dll
 0001:0014a9d4       sf_rtw_info_uint_prop      000000018014b9d4 f   sf_runtime:sf_runtime.dll
 0001:0014a9da       sf_is_chart_inlinable      000000018014b9da f   sf_runtime:sf_runtime.dll
 0001:0014a9e0       sim_mode_is_external       000000018014b9e0 f   sf_runtime:sf_runtime.dll
 0001:0014a9e6       sim_mode_is_rtw_gen        000000018014b9e6 f   sf_runtime:sf_runtime.dll
 0001:0014a9ec       sf_debug_reset_current_state_configuration 000000018014b9ec f   sf_runtime:sf_runtime.dll
 0001:0014a9f2       sf_debug_set_instance_data_value_ptr 000000018014b9f2 f   sf_runtime:sf_runtime.dll
 0001:0014a9f8       sf_debug_set_chart_data_compiled_props 000000018014b9f8 f   sf_runtime:sf_runtime.dll
 0001:0014a9fe       cv_eml_init_switch         000000018014b9fe f   sf_runtime:sf_runtime.dll
 0001:0014aa04       cv_eml_init_fcn            000000018014ba04 f   sf_runtime:sf_runtime.dll
 0001:0014aa0a       cv_eml_init_script         000000018014ba0a f   sf_runtime:sf_runtime.dll
 0001:0014aa10       sf_debug_cv_init_trans     000000018014ba10 f   sf_runtime:sf_runtime.dll
 0001:0014aa16       sf_debug_cv_init_state     000000018014ba16 f   sf_runtime:sf_runtime.dll
 0001:0014aa1c       sf_debug_cv_init_chart     000000018014ba1c f   sf_runtime:sf_runtime.dll
 0001:0014aa22       sf_debug_set_chart_decomposition 000000018014ba22 f   sf_runtime:sf_runtime.dll
 0001:0014aa28       sf_debug_set_chart_substate_count 000000018014ba28 f   sf_runtime:sf_runtime.dll
 0001:0014aa2e       sf_debug_set_chart_state_info 000000018014ba2e f   sf_runtime:sf_runtime.dll
 0001:0014aa34       sf_debug_set_chart_data_props 000000018014ba34 f   sf_runtime:sf_runtime.dll
 0001:0014aa3a       sf_debug_set_chart_event_thresholds 000000018014ba3a f   sf_runtime:sf_runtime.dll
 0001:0014aa40       sf_debug_set_chart_disable_implicit_casting 000000018014ba40 f   sf_runtime:sf_runtime.dll
 0001:0014aa46       sf_debug_initialize_chart  000000018014ba46 f   sf_runtime:sf_runtime.dll
 0001:0014aa4c       sf_get_time                000000018014ba4c f   sf_runtime:sf_runtime.dll
 0001:0014aa52       sf_debug_check_for_state_inconsistency 000000018014ba52 f   sf_runtime:sf_runtime.dll
 0001:0014aa58       sf_debug_symbol_scope_pop  000000018014ba58 f   sf_runtime:sf_runtime.dll
 0001:0014aa5e       sf_debug_integer_check     000000018014ba5e f   sf_runtime:sf_runtime.dll
 0001:0014aa64       eml_debug_line_call        000000018014ba64 f   sf_runtime:sf_runtime.dll
 0001:0014aa6a       cv_eml_eval                000000018014ba6a f   sf_runtime:sf_runtime.dll
 0001:0014aa70       sf_debug_symbol_scope_add_eml 000000018014ba70 f   sf_runtime:sf_runtime.dll
 0001:0014aa76       sf_debug_symbol_scope_add_eml_importable 000000018014ba76 f   sf_runtime:sf_runtime.dll
 0001:0014aa7c       sf_debug_symbol_scope_push_eml 000000018014ba7c f   sf_runtime:sf_runtime.dll
 0001:0014aa82       sf_debug_data_range_wrapper 000000018014ba82 f   sf_runtime:sf_runtime.dll
 0001:0014aa88       sf_debug_call              000000018014ba88 f   sf_runtime:sf_runtime.dll
 0001:0014aa8e       sf_debug_symbol_scope_push 000000018014ba8e f   sf_runtime:sf_runtime.dll
 0001:0014aa94       sf_clear_rtw_identifier    000000018014ba94 f   sf_runtime:sf_runtime.dll
 0001:0014aa9a       sf_mex_emlrtNameCapturePostProcessR2012a 000000018014ba9a f   sf_runtime:sf_runtime.dll
 0001:0014aaa0       sf_mex_createstruct        000000018014baa0 f   sf_runtime:sf_runtime.dll
 0001:0014aaa6       sf_mex_duplicatearraysafe  000000018014baa6 f   sf_runtime:sf_runtime.dll
 0001:0014aaac       sf_mex_addfield            000000018014baac f   sf_runtime:sf_runtime.dll
 0001:0014aab2       sf_mex_import_named        000000018014bab2 f   sf_runtime:sf_runtime.dll
 0001:0014aab8       sf_mex_get_sfun_param      000000018014bab8 f   sf_runtime:sf_runtime.dll
 0001:0014aabe       cv_eml_init_if             000000018014babe f   sf_runtime:sf_runtime.dll
 0001:0014aac4       sf_debug_eml_data_array_bounds_error_check 000000018014bac4 f   sf_runtime:sf_runtime.dll
 0001:0014aaca       sf_mex_call_debug          000000018014baca f   sf_runtime:sf_runtime.dll
 0001:0014aad0       cv_eml_init_mcdc           000000018014bad0 f   sf_runtime:sf_runtime.dll
 0001:0014aad6       cv_eml_init_saturation     000000018014bad6 f   sf_runtime:sf_runtime.dll
 0001:0014aadc       cv_eval_saturation         000000018014badc f   sf_runtime:sf_runtime.dll
 0001:0014aae2       sf_debug_symbol_switch     000000018014bae2 f   sf_runtime:sf_runtime.dll
 0001:0014aae8       sf_debug_terminate         000000018014bae8 f   sf_runtime:sf_runtime.dll
 0001:0014aaee       sf_debug_create_debug_instance_struct 000000018014baee f   sf_runtime:sf_runtime.dll
 0001:0014aaf4       sf_debug_api               000000018014baf4 f   sf_runtime:sf_runtime.dll
 0001:0014aafa       callMdlMethodAndReportError 000000018014bafa f   sf_runtime:sf_runtime.dll
 0001:0014ab00       call_sf_machine_global_method_dispatcher 000000018014bb00 f   sf_runtime:sf_runtime.dll
 0001:0014ab06       sf_clear_error_manager_info 000000018014bb06 f   sf_runtime:sf_runtime.dll
 0001:0014ab0c       sf_mex_error_direct_call   000000018014bb0c f   sf_runtime:sf_runtime.dll
 0001:0014ab12       mxGetScalar                000000018014bb12 f   libmx:libmx.dll
 0001:0014ab18       mxGetPr                    000000018014bb18 f   libmx:libmx.dll
 0001:0014ab1e       mxCreateDoubleMatrix_730   000000018014bb1e f   libmx:libmx.dll
 0001:0014ab24       mxGetString_730            000000018014bb24 f   libmx:libmx.dll
 0001:0014ab2a       mxIsChar                   000000018014bb2a f   libmx:libmx.dll
 0001:0014ab30       mxDestroyArray             000000018014bb30 f   libmx:libmx.dll
 0001:0014ab36       mxDuplicateArray           000000018014bb36 f   libmx:libmx.dll
 0001:0014ab3c       mxCreateDoubleScalar       000000018014bb3c f   libmx:libmx.dll
 0001:0014ab42       mxSetField_730             000000018014bb42 f   libmx:libmx.dll
 0001:0014ab48       mxCreateString             000000018014bb48 f   libmx:libmx.dll
 0001:0014ab4e       mxCreateStructMatrix_730   000000018014bb4e f   libmx:libmx.dll
 0001:0014ab54       mxCreateCellMatrix_730     000000018014bb54 f   libmx:libmx.dll
 0001:0014ab5a       mxIsEmpty                  000000018014bb5a f   libmx:libmx.dll
 0001:0014ab60       mxGetClassID               000000018014bb60 f   libmx:libmx.dll
 0001:0014ab66       mxIsNumeric                000000018014bb66 f   libmx:libmx.dll
 0001:0014ab6c       mxIsComplex                000000018014bb6c f   libmx:libmx.dll
 0001:0014ab72       mxGetN                     000000018014bb72 f   libmx:libmx.dll
 0001:0014ab78       mxGetM                     000000018014bb78 f   libmx:libmx.dll
 0001:0014ab7e       mxCalloc                   000000018014bb7e f   libmx:libmx.dll
 0001:0014ab84       mexMakeArrayPersistent     000000018014bb84 f   libmex:libmex.dll
 0001:0014ab8a       mexUnlock                  000000018014bb8a f   libmex:libmex.dll
 0001:0014ab90       mexIsLocked                000000018014bb90 f   libmex:libmex.dll
 0001:0014ab96       mexWarnMsgTxt              000000018014bb96 f   libmex:libmex.dll
 0001:0014ab9c       mexCallMATLAB              000000018014bb9c f   libmex:libmex.dll
 0001:0014aba2       mexErrMsgTxt               000000018014bba2 f   libmex:libmex.dll
 0001:0014aba8       mexLock                    000000018014bba8 f   libmex:libmex.dll
 0001:0014abae       utMalloc                   000000018014bbae f   libut:libut.dll
 0001:0014abb4       utFree                     000000018014bbb4 f   libut:libut.dll
 0001:0014abba       muSingleScalarSqrt         000000018014bbba f   libmwmathutil:libmwmathutil.dll
 0001:0014abc0       muSingleScalarAbs          000000018014bbc0 f   libmwmathutil:libmwmathutil.dll
 0001:0014abc6       muSingleScalarAtan2        000000018014bbc6 f   libmwmathutil:libmwmathutil.dll
 0001:0014abcc       muDoubleScalarFloor        000000018014bbcc f   libmwmathutil:libmwmathutil.dll
 0001:0014abd2       muDoubleScalarAbs          000000018014bbd2 f   libmwmathutil:libmwmathutil.dll
 0001:0014abd8       muDoubleScalarRound        000000018014bbd8 f   libmwmathutil:libmwmathutil.dll
 0001:0014abde       muDoubleScalarSqrt         000000018014bbde f   libmwmathutil:libmwmathutil.dll
 0001:0014abe4       muDoubleScalarAtan2        000000018014bbe4 f   libmwmathutil:libmwmathutil.dll
 0001:0014abea       muDoubleScalarSign         000000018014bbea f   libmwmathutil:libmwmathutil.dll
 0001:0014abf0       muSingleScalarPower        000000018014bbf0 f   libmwmathutil:libmwmathutil.dll
 0001:0014abf6       muSingleScalarFloor        000000018014bbf6 f   libmwmathutil:libmwmathutil.dll
 0001:0014abfc       muSingleScalarRound        000000018014bbfc f   libmwmathutil:libmwmathutil.dll
 0001:0014ac02       muDoubleScalarCos          000000018014bc02 f   libmwmathutil:libmwmathutil.dll
 0001:0014ac08       muDoubleScalarSin          000000018014bc08 f   libmwmathutil:libmwmathutil.dll
 0001:0014ac10       __GSHandlerCheckCommon     000000018014bc10 f   MSVCRT:gshandler.obj
 0001:0014ac74       __GSHandlerCheck           000000018014bc74 f   MSVCRT:gshandler.obj
 0001:0014ac92       strcmp                     000000018014bc92 f   MSVCRT:MSVCR100.dll
 0001:0014acb0       __security_check_cookie    000000018014bcb0 f   MSVCRT:amdsecgs.obj
 0001:0014acd0       memset                     000000018014bcd0 f   MSVCRT:MSVCR100.dll
 0001:0014acd6       strlen                     000000018014bcd6 f   MSVCRT:MSVCR100.dll
 0001:0014acdc       memcpy                     000000018014bcdc f   MSVCRT:MSVCR100.dll
 0001:0014ace2       free                       000000018014bce2 f   MSVCRT:MSVCR100.dll
 0001:0014ace8       sprintf                    000000018014bce8 f   MSVCRT:MSVCR100.dll
 0001:0014acee       malloc                     000000018014bcee f   MSVCRT:MSVCR100.dll
 0001:0014acf4       strcat                     000000018014bcf4 f   MSVCRT:MSVCR100.dll
 0001:0014acfc       NtCurrentTeb               000000018014bcfc f i MSVCRT:crtdll.obj
 0001:0014ad68       _CRT_INIT                  000000018014bd68 f   MSVCRT:crtdll.obj
 0001:0014b100       _DllMainCRTStartup         000000018014c100 f   MSVCRT:crtdll.obj
 0001:0014b140       __report_gsfailure         000000018014c140 f   MSVCRT:gs_report.obj
 0001:0014b28c       __clean_type_info_names    000000018014c28c f   MSVCRT:tncleanup.obj
 0001:0014b298       _onexit                    000000018014c298 f   MSVCRT:atonexit.obj
 0001:0014b348       atexit                     000000018014c348 f   MSVCRT:atonexit.obj
 0001:0014b360       _RTC_Initialize            000000018014c360 f   MSVCRT:_initsect_.obj
 0001:0014b398       _RTC_Terminate             000000018014c398 f   MSVCRT:_initsect_.obj
 0001:0014b3d0       _malloc_crt                000000018014c3d0 f   MSVCRT:MSVCR100.dll
 0001:0014b3e0       _ValidateImageBase         000000018014c3e0 f   MSVCRT:pesect.obj
 0001:0014b410       _FindPESection             000000018014c410 f   MSVCRT:pesect.obj
 0001:0014b460       _IsNonwritableInCurrentImage 000000018014c460 f   MSVCRT:pesect.obj
 0001:0014b4a2       _initterm                  000000018014c4a2 f   MSVCRT:MSVCR100.dll
 0001:0014b4a8       _initterm_e                000000018014c4a8 f   MSVCRT:MSVCR100.dll
 0001:0014b4ae       _encoded_null              000000018014c4ae f   MSVCRT:MSVCR100.dll
 0001:0014b4b4       _amsg_exit                 000000018014c4b4 f   MSVCRT:MSVCR100.dll
 0001:0014b4ba       __C_specific_handler       000000018014c4ba f   MSVCRT:MSVCR100.dll
 0001:0014b4c0       __CppXcptFilter            000000018014c4c0 f   MSVCRT:MSVCR100.dll
 0001:0014b4c8       DllMain                    000000018014c4c8 f   MSVCRT:dllmain.obj
 0001:0014b4ec       __security_init_cookie     000000018014c4ec f   MSVCRT:gs_support.obj
 0001:0014b5a0       __crt_debugger_hook        000000018014c5a0 f   MSVCRT:MSVCR100.dll
 0001:0014b5a6       __clean_type_info_names_internal 000000018014c5a6 f   MSVCRT:MSVCR100.dll
 0001:0014b5ac       _unlock                    000000018014c5ac f   MSVCRT:MSVCR100.dll
 0001:0014b5b2       __dllonexit                000000018014c5b2 f   MSVCRT:MSVCR100.dll
 0001:0014b5b8       _lock                      000000018014c5b8 f   MSVCRT:MSVCR100.dll
 0001:0014b5be       EncodePointer              000000018014c5be f   kernel32:KERNEL32.dll
 0001:0014b5c4       DecodePointer              000000018014c5c4 f   kernel32:KERNEL32.dll
 0001:0014b5ca       Sleep                      000000018014c5ca f   kernel32:KERNEL32.dll
 0001:0014b5d0       TerminateProcess           000000018014c5d0 f   kernel32:KERNEL32.dll
 0001:0014b5d6       GetCurrentProcess          000000018014c5d6 f   kernel32:KERNEL32.dll
 0001:0014b5dc       UnhandledExceptionFilter   000000018014c5dc f   kernel32:KERNEL32.dll
 0001:0014b5e2       SetUnhandledExceptionFilter 000000018014c5e2 f   kernel32:KERNEL32.dll
 0001:0014b5e8       IsDebuggerPresent          000000018014c5e8 f   kernel32:KERNEL32.dll
 0001:0014b5ee       RtlVirtualUnwind           000000018014c5ee f   kernel32:KERNEL32.dll
 0001:0014b5f4       RtlLookupFunctionEntry     000000018014c5f4 f   kernel32:KERNEL32.dll
 0001:0014b5fa       RtlCaptureContext          000000018014c5fa f   kernel32:KERNEL32.dll
 0001:0014b600       DisableThreadLibraryCalls  000000018014c600 f   kernel32:KERNEL32.dll
 0001:0014b606       QueryPerformanceCounter    000000018014c606 f   kernel32:KERNEL32.dll
 0001:0014b60c       GetTickCount               000000018014c60c f   kernel32:KERNEL32.dll
 0001:0014b612       GetCurrentThreadId         000000018014c612 f   kernel32:KERNEL32.dll
 0001:0014b618       GetCurrentProcessId        000000018014c618 f   kernel32:KERNEL32.dll
 0001:0014b61e       GetSystemTimeAsFileTime    000000018014c61e f   kernel32:KERNEL32.dll
 0002:00000000       __imp_GetSystemTimeAsFileTime 000000018014d000     kernel32:KERNEL32.dll
 0002:00000008       __imp_GetCurrentProcessId  000000018014d008     kernel32:KERNEL32.dll
 0002:00000010       __imp_GetCurrentThreadId   000000018014d010     kernel32:KERNEL32.dll
 0002:00000018       __imp_GetTickCount         000000018014d018     kernel32:KERNEL32.dll
 0002:00000020       __imp_QueryPerformanceCounter 000000018014d020     kernel32:KERNEL32.dll
 0002:00000028       __imp_DisableThreadLibraryCalls 000000018014d028     kernel32:KERNEL32.dll
 0002:00000030       __imp_RtlCaptureContext    000000018014d030     kernel32:KERNEL32.dll
 0002:00000038       __imp_RtlLookupFunctionEntry 000000018014d038     kernel32:KERNEL32.dll
 0002:00000040       __imp_RtlVirtualUnwind     000000018014d040     kernel32:KERNEL32.dll
 0002:00000048       __imp_IsDebuggerPresent    000000018014d048     kernel32:KERNEL32.dll
 0002:00000050       __imp_SetUnhandledExceptionFilter 000000018014d050     kernel32:KERNEL32.dll
 0002:00000058       __imp_UnhandledExceptionFilter 000000018014d058     kernel32:KERNEL32.dll
 0002:00000060       __imp_GetCurrentProcess    000000018014d060     kernel32:KERNEL32.dll
 0002:00000068       __imp_TerminateProcess     000000018014d068     kernel32:KERNEL32.dll
 0002:00000070       __imp_Sleep                000000018014d070     kernel32:KERNEL32.dll
 0002:00000078       __imp_DecodePointer        000000018014d078     kernel32:KERNEL32.dll
 0002:00000080       __imp_EncodePointer        000000018014d080     kernel32:KERNEL32.dll
 0002:00000088       \177KERNEL32_NULL_THUNK_DATA 000000018014d088     kernel32:KERNEL32.dll
 0002:00000090       __imp__onexit              000000018014d090     MSVCRT:MSVCR100.dll
 0002:00000098       __imp__lock                000000018014d098     MSVCRT:MSVCR100.dll
 0002:000000a0       __imp___dllonexit          000000018014d0a0     MSVCRT:MSVCR100.dll
 0002:000000a8       __imp__unlock              000000018014d0a8     MSVCRT:MSVCR100.dll
 0002:000000b0       __imp___clean_type_info_names_internal 000000018014d0b0     MSVCRT:MSVCR100.dll
 0002:000000b8       __imp___crt_debugger_hook  000000018014d0b8     MSVCRT:MSVCR100.dll
 0002:000000c0       __imp___CppXcptFilter      000000018014d0c0     MSVCRT:MSVCR100.dll
 0002:000000c8       __imp___C_specific_handler 000000018014d0c8     MSVCRT:MSVCR100.dll
 0002:000000d0       __imp__amsg_exit           000000018014d0d0     MSVCRT:MSVCR100.dll
[...]
 0001:00133840       c146_b_sf_marshallOut      0000000180134840 f   c146_ICARO3_Onda_simple_v2.obj
 0001:00133980       sf_opaque_initialize_c146_ICARO3_Onda_simple_v2 0000000180134980 f   c146_ICARO3_Onda_simple_v2.obj
 0001:001339c0       initialize_c146_ICARO3_Onda_simple_v2 00000001801349c0 f   c146_ICARO3_Onda_simple_v2.obj
 0001:00133a10       sf_opaque_enable_c146_ICARO3_Onda_simple_v2 0000000180134a10 f   c146_ICARO3_Onda_simple_v2.obj
 0001:00133a30       enable_c146_ICARO3_Onda_simple_v2 0000000180134a30 f   c146_ICARO3_Onda_simple_v2.obj
 0001:00133a60       sf_opaque_disable_c146_ICARO3_Onda_simple_v2 0000000180134a60 f   c146_ICARO3_Onda_simple_v2.obj
 0001:00133a80       disable_c146_ICARO3_Onda_simple_v2 0000000180134a80 f   c146_ICARO3_Onda_simple_v2.obj
 0001:00133ab0       sf_opaque_gateway_c146_ICARO3_Onda_simple_v2 0000000180134ab0 f   c146_ICARO3_Onda_simple_v2.obj
 0001:00133ad0       sf_gateway_c146_ICARO3_Onda_simple_v2 0000000180134ad0 f   c146_ICARO3_Onda_simple_v2.obj
 0001:001344e0       c146_c_sf_marshallOut      00000001801354e0 f   c146_ICARO3_Onda_simple_v2.obj
 0001:00134590       c146_b_sf_marshallIn       0000000180135590 f   c146_ICARO3_Onda_simple_v2.obj
 0001:00134630       c146_c_emlrt_marshallIn    0000000180135630 f   c146_ICARO3_Onda_simple_v2.obj
 0001:001346c0       sf_opaque_get_sim_state_c146_ICARO3_Onda_simple_v2 00000001801356c0 f   c146_ICARO3_Onda_simple_v2.obj
 0001:001346e0       sf_opaque_set_sim_state_c146_ICARO3_Onda_simple_v2 00000001801356e0 f   c146_ICARO3_Onda_simple_v2.obj
 0001:00134710       sf_opaque_terminate_c146_ICARO3_Onda_simple_v2 0000000180135710 f   c146_ICARO3_Onda_simple_v2.obj
 0001:001347b0       finalize_c146_ICARO3_Onda_simple_v2 00000001801357b0 f   c146_ICARO3_Onda_simple_v2.obj
 0001:001347c0       sf_opaque_init_subchart_simstructs 00000001801357c0 f   c146_ICARO3_Onda_simple_v2.obj
 0001:001347e0       initSimStructsc146_ICARO3_Onda_simple_v2 00000001801357e0 f   c146_ICARO3_Onda_simple_v2.obj
 0001:001347f0       mdlRTW_c146_ICARO3_Onda_simple_v2 00000001801357f0 f   c146_ICARO3_Onda_simple_v2.obj
 0001:001348a0       c147_info_helper           00000001801358a0 f   c147_ICARO3_Onda_simple_v2.obj
 0001:001371f0       c147_emlrt_marshallOut     00000001801381f0 f   c147_ICARO3_Onda_simple_v2.obj
 0001:00137280       c147_b_emlrt_marshallOut   0000000180138280 f   c147_ICARO3_Onda_simple_v2.obj
 0001:001378f0       get_sim_state_c147_ICARO3_Onda_simple_v2 00000001801388f0 f   c147_ICARO3_Onda_simple_v2.obj
 0001:00137ad0       sf_get_sim_state_info_c147_ICARO3_Onda_simple_v2 0000000180138ad0 f   c147_ICARO3_Onda_simple_v2.obj
 0001:00137ca0       set_sim_state_c147_ICARO3_Onda_simple_v2 0000000180138ca0 f   c147_ICARO3_Onda_simple_v2.obj
 0001:00137db0       c147_update_debugger_state_c147_ICARO3_Onda_simple_v2 0000000180138db0 f   c147_ICARO3_Onda_simple_v2.obj
 0001:00137dc0       c147_emlrt_marshallIn      0000000180138dc0 f   c147_ICARO3_Onda_simple_v2.obj
 0001:00137e30       c147_b_emlrt_marshallIn    0000000180138e30 f   c147_ICARO3_Onda_simple_v2.obj
 0001:00137f00       c147_e_emlrt_marshallIn    0000000180138f00 f   c147_ICARO3_Onda_simple_v2.obj
 0001:00137f60       c147_f_emlrt_marshallIn    0000000180138f60 f   c147_ICARO3_Onda_simple_v2.obj
 0001:00138060       mdlProcessParameters_c147_ICARO3_Onda_simple_v2 0000000180139060 f   c147_ICARO3_Onda_simple_v2.obj
 0001:00138140       initialize_params_c147_ICARO3_Onda_simple_v2 0000000180139140 f   c147_ICARO3_Onda_simple_v2.obj
 0001:00138150       mdlSetWorkWidths_c147_ICARO3_Onda_simple_v2 0000000180139150 f   c147_ICARO3_Onda_simple_v2.obj
 0001:00138620       sf_get_instance_specialization 0000000180139620 f   c147_ICARO3_Onda_simple_v2.obj
 0001:00138630       mdlStart_c147_ICARO3_Onda_simple_v2 0000000180139630 f   c147_ICARO3_Onda_simple_v2.obj
 0001:00138860       init_dsm_address_info      0000000180139860 f   c147_ICARO3_Onda_simple_v2.obj
 0001:00138870       chart_debug_initialization 0000000180139870 f   c147_ICARO3_Onda_simple_v2.obj
 0001:00139090       init_script_number_translation 000000018013a090 f   c147_ICARO3_Onda_simple_v2.obj
 0001:001390b0       c147_sf_marshallOut        000000018013a0b0 f   c147_ICARO3_Onda_simple_v2.obj
 0001:001391e0       c147_sf_marshallIn         000000018013a1e0 f   c147_ICARO3_Onda_simple_v2.obj
 0001:001392b0       c147_b_sf_marshallOut      000000018013a2b0 f   c147_ICARO3_Onda_simple_v2.obj
 0001:00139360       sf_opaque_initialize_c147_ICARO3_Onda_simple_v2 000000018013a360 f   c147_ICARO3_Onda_simple_v2.obj
 0001:001393a0       initialize_c147_ICARO3_Onda_simple_v2 000000018013a3a0 f   c147_ICARO3_Onda_simple_v2.obj
 0001:001393f0       sf_opaque_enable_c147_ICARO3_Onda_simple_v2 000000018013a3f0 f   c147_ICARO3_Onda_simple_v2.obj
 0001:00139410       enable_c147_ICARO3_Onda_simple_v2 000000018013a410 f   c147_ICARO3_Onda_simple_v2.obj
 0001:00139440       sf_opaque_disable_c147_ICARO3_Onda_simple_v2 000000018013a440 f   c147_ICARO3_Onda_simple_v2.obj
 0001:00139460       disable_c147_ICARO3_Onda_simple_v2 000000018013a460 f   c147_ICARO3_Onda_simple_v2.obj
 0001:00139490       sf_opaque_gateway_c147_ICARO3_Onda_simple_v2 000000018013a490 f   c147_ICARO3_Onda_simple_v2.obj
 0001:001394b0       sf_gateway_c147_ICARO3_Onda_simple_v2 000000018013a4b0 f   c147_ICARO3_Onda_simple_v2.obj
 0001:00139d70       c147_c_sf_marshallOut      000000018013ad70 f   c147_ICARO3_Onda_simple_v2.obj
 0001:00139e20       c147_b_sf_marshallIn       000000018013ae20 f   c147_ICARO3_Onda_simple_v2.obj
 0001:00139ec0       c147_c_emlrt_marshallIn    000000018013aec0 f   c147_ICARO3_Onda_simple_v2.obj
 0001:00139f50       sf_opaque_get_sim_state_c147_ICARO3_Onda_simple_v2 000000018013af50 f   c147_ICARO3_Onda_simple_v2.obj
 0001:00139f70       sf_opaque_set_sim_state_c147_ICARO3_Onda_simple_v2 000000018013af70 f   c147_ICARO3_Onda_simple_v2.obj
 0001:00139fa0       sf_opaque_terminate_c147_ICARO3_Onda_simple_v2 000000018013afa0 f   c147_ICARO3_Onda_simple_v2.obj
 0001:0013a040       finalize_c147_ICARO3_Onda_simple_v2 000000018013b040 f   c147_ICARO3_Onda_simple_v2.obj
 0001:0013a050       sf_opaque_init_subchart_simstructs 000000018013b050 f   c147_ICARO3_Onda_simple_v2.obj
 0001:0013a070       initSimStructsc147_ICARO3_Onda_simple_v2 000000018013b070 f   c147_ICARO3_Onda_simple_v2.obj
 0001:0013a080       mdlRTW_c147_ICARO3_Onda_simple_v2 000000018013b080 f   c147_ICARO3_Onda_simple_v2.obj
 0001:0013a130       c159_info_helper           000000018013b130 f   c159_ICARO3_Onda_simple_v2.obj
 0001:0013c0b0       c159_emlrt_marshallOut     000000018013d0b0 f   c159_ICARO3_Onda_simple_v2.obj
 0001:0013c140       c159_b_emlrt_marshallOut   000000018013d140 f   c159_ICARO3_Onda_simple_v2.obj
 0001:0013c7b0       get_sim_state_c159_ICARO3_Onda_simple_v2 000000018013d7b0 f   c159_ICARO3_Onda_simple_v2.obj
 0001:0013c9b0       sf_get_sim_state_info_c159_ICARO3_Onda_simple_v2 000000018013d9b0 f   c159_ICARO3_Onda_simple_v2.obj
 0001:0013cb80       set_sim_state_c159_ICARO3_Onda_simple_v2 000000018013db80 f   c159_ICARO3_Onda_simple_v2.obj
 0001:0013cca0       c159_update_debugger_state_c159_ICARO3_Onda_simple_v2 000000018013dca0 f   c159_ICARO3_Onda_simple_v2.obj
 0001:0013ccb0       c159_emlrt_marshallIn      000000018013dcb0 f   c159_ICARO3_Onda_simple_v2.obj
 0001:0013cd20       c159_b_emlrt_marshallIn    000000018013dd20 f   c159_ICARO3_Onda_simple_v2.obj
 0001:0013ce10       c159_e_emlrt_marshallIn    000000018013de10 f   c159_ICARO3_Onda_simple_v2.obj
 0001:0013ce70       c159_f_emlrt_marshallIn    000000018013de70 f   c159_ICARO3_Onda_simple_v2.obj
 0001:0013cf70       mdlProcessParameters_c159_ICARO3_Onda_simple_v2 000000018013df70 f   c159_ICARO3_Onda_simple_v2.obj
 0001:0013d050       initialize_params_c159_ICARO3_Onda_simple_v2 000000018013e050 f   c159_ICARO3_Onda_simple_v2.obj
 0001:0013d060       mdlSetWorkWidths_c159_ICARO3_Onda_simple_v2 000000018013e060 f   c159_ICARO3_Onda_simple_v2.obj
 0001:0013d530       sf_get_instance_specialization 000000018013e530 f   c159_ICARO3_Onda_simple_v2.obj
 0001:0013d540       mdlStart_c159_ICARO3_Onda_simple_v2 000000018013e540 f   c159_ICARO3_Onda_simple_v2.obj
 0001:0013d770       init_dsm_address_info      000000018013e770 f   c159_ICARO3_Onda_simple_v2.obj
 0001:0013d780       chart_debug_initialization 000000018013e780 f   c159_ICARO3_Onda_simple_v2.obj
 0001:0013dee0       init_script_number_translation 000000018013eee0 f   c159_ICARO3_Onda_simple_v2.obj
 0001:0013df00       c159_sf_marshallOut        000000018013ef00 f   c159_ICARO3_Onda_simple_v2.obj
 0001:0013e070       c159_sf_marshallIn         000000018013f070 f   c159_ICARO3_Onda_simple_v2.obj
 0001:0013e170       sf_opaque_initialize_c159_ICARO3_Onda_simple_v2 000000018013f170 f   c159_ICARO3_Onda_simple_v2.obj
 0001:0013e1b0       initialize_c159_ICARO3_Onda_simple_v2 000000018013f1b0 f   c159_ICARO3_Onda_simple_v2.obj
 0001:0013e200       sf_opaque_enable_c159_ICARO3_Onda_simple_v2 000000018013f200 f   c159_ICARO3_Onda_simple_v2.obj
 0001:0013e220       enable_c159_ICARO3_Onda_simple_v2 000000018013f220 f   c159_ICARO3_Onda_simple_v2.obj
 0001:0013e250       sf_opaque_disable_c159_ICARO3_Onda_simple_v2 000000018013f250 f   c159_ICARO3_Onda_simple_v2.obj
 0001:0013e270       disable_c159_ICARO3_Onda_simple_v2 000000018013f270 f   c159_ICARO3_Onda_simple_v2.obj
 0001:0013e2a0       sf_opaque_gateway_c159_ICARO3_Onda_simple_v2 000000018013f2a0 f   c159_ICARO3_Onda_simple_v2.obj
 0001:0013e2c0       sf_gateway_c159_ICARO3_Onda_simple_v2 000000018013f2c0 f   c159_ICARO3_Onda_simple_v2.obj
 0001:0013ec10       c159_b_sf_marshallOut      000000018013fc10 f   c159_ICARO3_Onda_simple_v2.obj
 0001:0013ecc0       c159_b_sf_marshallIn       000000018013fcc0 f   c159_ICARO3_Onda_simple_v2.obj
 0001:0013ed60       c159_c_emlrt_marshallIn    000000018013fd60 f   c159_ICARO3_Onda_simple_v2.obj
 0001:0013edf0       c159_c_sf_marshallOut      000000018013fdf0 f   c159_ICARO3_Onda_simple_v2.obj
 0001:0013f040       c159_eml_scalar_eg         0000000180140040 f   c159_ICARO3_Onda_simple_v2.obj
 0001:0013f050       c159_b_eml_xgemm           0000000180140050 f   c159_ICARO3_Onda_simple_v2.obj
 0001:0013f130       sf_opaque_get_sim_state_c159_ICARO3_Onda_simple_v2 0000000180140130 f   c159_ICARO3_Onda_simple_v2.obj
 0001:0013f150       sf_opaque_set_sim_state_c159_ICARO3_Onda_simple_v2 0000000180140150 f   c159_ICARO3_Onda_simple_v2.obj
 0001:0013f180       sf_opaque_terminate_c159_ICARO3_Onda_simple_v2 0000000180140180 f   c159_ICARO3_Onda_simple_v2.obj
 0001:0013f220       finalize_c159_ICARO3_Onda_simple_v2 0000000180140220 f   c159_ICARO3_Onda_simple_v2.obj
 0001:0013f230       sf_opaque_init_subchart_simstructs 0000000180140230 f   c159_ICARO3_Onda_simple_v2.obj
 0001:0013f250       initSimStructsc159_ICARO3_Onda_simple_v2 0000000180140250 f   c159_ICARO3_Onda_simple_v2.obj
 0001:0013f260       mdlRTW_c159_ICARO3_Onda_simple_v2 0000000180140260 f   c159_ICARO3_Onda_simple_v2.obj
 0001:0013f310       c160_info_helper           0000000180140310 f   c160_ICARO3_Onda_simple_v2.obj
 0001:00141290       c160_emlrt_marshallOut     0000000180142290 f   c160_ICARO3_Onda_simple_v2.obj
 0001:00141320       c160_b_emlrt_marshallOut   0000000180142320 f   c160_ICARO3_Onda_simple_v2.obj
 0001:00141990       get_sim_state_c160_ICARO3_Onda_simple_v2 0000000180142990 f   c160_ICARO3_Onda_simple_v2.obj
 0001:00141ba0       sf_get_sim_state_info_c160_ICARO3_Onda_simple_v2 0000000180142ba0 f   c160_ICARO3_Onda_simple_v2.obj
 0001:00141d70       set_sim_state_c160_ICARO3_Onda_simple_v2 0000000180142d70 f   c160_ICARO3_Onda_simple_v2.obj
 0001:00141e90       c160_update_debugger_state_c160_ICARO3_Onda_simple_v2 0000000180142e90 f   c160_ICARO3_Onda_simple_v2.obj
 0001:00141ea0       c160_emlrt_marshallIn      0000000180142ea0 f   c160_ICARO3_Onda_simple_v2.obj
 0001:00141f10       c160_b_emlrt_marshallIn    0000000180142f10 f   c160_ICARO3_Onda_simple_v2.obj
 0001:00142000       c160_e_emlrt_marshallIn    0000000180143000 f   c160_ICARO3_Onda_simple_v2.obj
 0001:00142060       c160_f_emlrt_marshallIn    0000000180143060 f   c160_ICARO3_Onda_simple_v2.obj
 0001:00142160       mdlProcessParameters_c160_ICARO3_Onda_simple_v2 0000000180143160 f   c160_ICARO3_Onda_simple_v2.obj
 0001:00142240       initialize_params_c160_ICARO3_Onda_simple_v2 0000000180143240 f   c160_ICARO3_Onda_simple_v2.obj
 0001:00142250       mdlSetWorkWidths_c160_ICARO3_Onda_simple_v2 0000000180143250 f   c160_ICARO3_Onda_simple_v2.obj
 0001:00142720       sf_get_instance_specialization 0000000180143720 f   c160_ICARO3_Onda_simple_v2.obj
 0001:00142730       mdlStart_c160_ICARO3_Onda_simple_v2 0000000180143730 f   c160_ICARO3_Onda_simple_v2.obj
 0001:00142960       init_dsm_address_info      0000000180143960 f   c160_ICARO3_Onda_simple_v2.obj
 0001:00142970       chart_debug_initialization 0000000180143970 f   c160_ICARO3_Onda_simple_v2.obj
 0001:001430d0       init_script_number_translation 00000001801440d0 f   c160_ICARO3_Onda_simple_v2.obj
 0001:001430f0       c160_sf_marshallOut        00000001801440f0 f   c160_ICARO3_Onda_simple_v2.obj
 0001:00143260       c160_sf_marshallIn         0000000180144260 f   c160_ICARO3_Onda_simple_v2.obj
 0001:00143360       sf_opaque_initialize_c160_ICARO3_Onda_simple_v2 0000000180144360 f   c160_ICARO3_Onda_simple_v2.obj
 0001:001433a0       initialize_c160_ICARO3_Onda_simple_v2 00000001801443a0 f   c160_ICARO3_Onda_simple_v2.obj
 0001:001433f0       sf_opaque_enable_c160_ICARO3_Onda_simple_v2 00000001801443f0 f   c160_ICARO3_Onda_simple_v2.obj
 0001:00143410       enable_c160_ICARO3_Onda_simple_v2 0000000180144410 f   c160_ICARO3_Onda_simple_v2.obj
 0001:00143440       sf_opaque_disable_c160_ICARO3_Onda_simple_v2 0000000180144440 f   c160_ICARO3_Onda_simple_v2.obj
 0001:00143460       disable_c160_ICARO3_Onda_simple_v2 0000000180144460 f   c160_ICARO3_Onda_simple_v2.obj
 0001:00143490       sf_opaque_gateway_c160_ICARO3_Onda_simple_v2 0000000180144490 f   c160_ICARO3_Onda_simple_v2.obj
 0001:001434b0       sf_gateway_c160_ICARO3_Onda_simple_v2 00000001801444b0 f   c160_ICARO3_Onda_simple_v2.obj
 0001:00143e00       c160_b_sf_marshallOut      0000000180144e00 f   c160_ICARO3_Onda_simple_v2.obj
 0001:00143eb0       c160_b_sf_marshallIn       0000000180144eb0 f   c160_ICARO3_Onda_simple_v2.obj
 0001:00143f50       c160_c_emlrt_marshallIn    0000000180144f50 f   c160_ICARO3_Onda_simple_v2.obj
 0001:00143fe0       c160_c_sf_marshallOut      0000000180144fe0 f   c160_ICARO3_Onda_simple_v2.obj
 0001:00144220       c160_eml_scalar_eg         0000000180145220 f   c160_ICARO3_Onda_simple_v2.obj
 0001:00144230       c160_b_eml_xgemm           0000000180145230 f   c160_ICARO3_Onda_simple_v2.obj
 0001:00144310       sf_opaque_get_sim_state_c160_ICARO3_Onda_simple_v2 0000000180145310 f   c160_ICARO3_Onda_simple_v2.obj
 0001:00144330       sf_opaque_set_sim_state_c160_ICARO3_Onda_simple_v2 0000000180145330 f   c160_ICARO3_Onda_simple_v2.obj
 0001:00144360       sf_opaque_terminate_c160_ICARO3_Onda_simple_v2 0000000180145360 f   c160_ICARO3_Onda_simple_v2.obj
 0001:00144400       finalize_c160_ICARO3_Onda_simple_v2 0000000180145400 f   c160_ICARO3_Onda_simple_v2.obj
 0001:00144410       sf_opaque_init_subchart_simstructs 0000000180145410 f   c160_ICARO3_Onda_simple_v2.obj
 0001:00144430       initSimStructsc160_ICARO3_Onda_simple_v2 0000000180145430 f   c160_ICARO3_Onda_simple_v2.obj
 0001:00144440       mdlRTW_c160_ICARO3_Onda_simple_v2 0000000180145440 f   c160_ICARO3_Onda_simple_v2.obj
 0001:00144db0       getChartInfoFromSimStruct  0000000180145db0 f   ICARO3_Onda_simple_v2_sfun_registry.obj
 0001:00146450       _ssFatalError              0000000180147450 f   ICARO3_Onda_simple_v2_sfun_registry.obj
 0001:00149500       ProcessMexSfunctionCmdLineCall 000000018014a500 f   ICARO3_Onda_simple_v2_sfun_registry.obj
 0001:00149630       sf_debug_api_wrapper       000000018014a630 f   ICARO3_Onda_simple_v2_sfun_registry.obj
 0001:00149680       mdlStart                   000000018014a680 f   ICARO3_Onda_simple_v2_sfun_registry.obj
 0001:001496b0       mdl_start_processing       000000018014a6b0 f   ICARO3_Onda_simple_v2_sfun_registry.obj
 0001:00149740       mdlTerminate               000000018014a740 f   ICARO3_Onda_simple_v2_sfun_registry.obj
 0001:00149770       mdl_terminate_processing   000000018014a770 f   ICARO3_Onda_simple_v2_sfun_registry.obj
 0001:001497f0       mdlInitializeSampleTimes   000000018014a7f0 f   ICARO3_Onda_simple_v2_sfun_registry.obj
 0001:00149820       mdlZeroCrossings           000000018014a820 f   ICARO3_Onda_simple_v2_sfun_registry.obj
 0001:00149850       mdl_zeroCrossings_processing 000000018014a850 f   ICARO3_Onda_simple_v2_sfun_registry.obj
 0001:00149890       mdlDerivatives             000000018014a890 f   ICARO3_Onda_simple_v2_sfun_registry.obj
 0001:001498c0       mdl_derivatives_processing 000000018014a8c0 f   ICARO3_Onda_simple_v2_sfun_registry.obj
 0001:00149910       mdlInitializeConditions    000000018014a910 f   ICARO3_Onda_simple_v2_sfun_registry.obj
 0001:00149940       mdl_initialize_conditions_processing 000000018014a940 f   ICARO3_Onda_simple_v2_sfun_registry.obj
 0001:00149990       mdlEnable                  000000018014a990 f   ICARO3_Onda_simple_v2_sfun_registry.obj
 0001:001499c0       mdl_enable_processing      000000018014a9c0 f   ICARO3_Onda_simple_v2_sfun_registry.obj
 0001:00149a00       mdlDisable                 000000018014aa00 f   ICARO3_Onda_simple_v2_sfun_registry.obj
 0001:00149a30       mdl_disable_processing     000000018014aa30 f   ICARO3_Onda_simple_v2_sfun_registry.obj
 0001:00149a70       mdlOutputs                 000000018014aa70 f   ICARO3_Onda_simple_v2_sfun_registry.obj
 0001:00149aa0       mdl_outputs_processing     000000018014aaa0 f   ICARO3_Onda_simple_v2_sfun_registry.obj
 0001:00149b80       mdl_outputs_continuous_legacy 000000018014ab80 f   ICARO3_Onda_simple_v2_sfun_registry.obj
 0001:00149c70       mdlGetTimeOfNextVarHit     000000018014ac70 f   ICARO3_Onda_simple_v2_sfun_registry.obj
 0001:00149cc0       _ProcessMexSfunctionCmdLineCall 000000018014acc0 f   ICARO3_Onda_simple_v2_sfun_registry.obj
 0001:0014a410       mdlSetWorkWidths           000000018014b410 f   ICARO3_Onda_simple_v2_sfun_registry.obj
 0001:0014a440       mdlProcessParameters       000000018014b440 f   ICARO3_Onda_simple_v2_sfun_registry.obj
 0001:0014a470       mdlInitializeSizes         000000018014b470 f   ICARO3_Onda_simple_v2_sfun_registry.obj
 0001:0014a4a0       mdlExtModeExec             000000018014b4a0 f   ICARO3_Onda_simple_v2_sfun_registry.obj
 0001:0014a4d0       mdl_ext_mode_exec_processing 000000018014b4d0 f   ICARO3_Onda_simple_v2_sfun_registry.obj
 0001:0014a510       mdlRTW                     000000018014b510 f   ICARO3_Onda_simple_v2_sfun_registry.obj
 0001:0014a550       _CreateSimStruct           000000018014b550 f   ICARO3_Onda_simple_v2_sfun_registry.obj
 0001:0014a6e0       _RegNumInputPortsCB        000000018014b6e0 f   ICARO3_Onda_simple_v2_sfun_registry.obj
 0001:0014a760       _RegNumOutputPortsCB       000000018014b760 f   ICARO3_Onda_simple_v2_sfun_registry.obj
 0001:0014ad08       pre_c_init                 000000018014bd08 f   MSVCRT:crtdll.obj
 0001:0014afc4       __DllMainCRTStartup        000000018014bfc4 f   MSVCRT:crtdll.obj
 0001:0014b630       __DllMainCRTStartup$filt$0 000000018014c630 f   MSVCRT:crtdll.obj
 0001:0014b660       __DllMainCRTStartup$fin$1  000000018014c660 f   MSVCRT:crtdll.obj
 0001:0014b67a       _onexit$fin$0              000000018014c67a f   MSVCRT:atonexit.obj
 0001:0014b6a0       _IsNonwritableInCurrentImage$filt$0 000000018014c6a0 f   MSVCRT:pesect.obj
