Component: ARM Compiler 5.05 (build 41) Tool: armlink [4d0eb9]

==============================================================================

Section Cross References

    tasks.o(i.prvAddCurrentTaskToDelayedList) refers to list.o(i.vListInsert) for vListInsert
    tasks.o(i.prvAddCurrentTaskToDelayedList) refers to tasks.o(.data) for .data
    tasks.o(i.prvCheckTasksWaitingTermination) refers to tasks.o(i.vTaskSuspendAll) for vTaskSuspendAll
    tasks.o(i.prvCheckTasksWaitingTermination) refers to tasks.o(i.xTaskResumeAll) for xTaskResumeAll
    tasks.o(i.prvCheckTasksWaitingTermination) refers to port.o(i.vPortEnterCritical) for vPortEnterCritical
    tasks.o(i.prvCheckTasksWaitingTermination) refers to list.o(i.uxListRemove) for uxListRemove
    tasks.o(i.prvCheckTasksWaitingTermination) refers to port.o(i.vPortExitCritical) for vPortExitCritical
    tasks.o(i.prvCheckTasksWaitingTermination) refers to heap_4.o(i.vPortFree) for vPortFree
    tasks.o(i.prvCheckTasksWaitingTermination) refers to tasks.o(.bss) for .bss
    tasks.o(i.prvCheckTasksWaitingTermination) refers to tasks.o(.data) for .data
    tasks.o(i.prvIdleTask) refers to tasks.o(i.prvCheckTasksWaitingTermination) for prvCheckTasksWaitingTermination
    tasks.o(i.prvIdleTask) refers to tasks.o(.bss) for .bss
    tasks.o(i.prvListTaskWithinSingleList) refers to tasks.o(i.prvTaskCheckFreeStackSpace) for prvTaskCheckFreeStackSpace
    tasks.o(i.prvResetNextTaskUnblockTime) refers to tasks.o(.data) for .data
    tasks.o(i.prvTaskIsTaskSuspended) refers to tasks.o(.bss) for .bss
    tasks.o(i.pvTaskIncrementMutexHeldCount) refers to tasks.o(.data) for .data
    tasks.o(i.ulTaskNotifyTake) refers to port.o(i.vPortEnterCritical) for vPortEnterCritical
    tasks.o(i.ulTaskNotifyTake) refers to list.o(i.uxListRemove) for uxListRemove
    tasks.o(i.ulTaskNotifyTake) refers to tasks.o(i.prvAddCurrentTaskToDelayedList) for prvAddCurrentTaskToDelayedList
    tasks.o(i.ulTaskNotifyTake) refers to port.o(i.vPortExitCritical) for vPortExitCritical
    tasks.o(i.ulTaskNotifyTake) refers to list.o(i.vListInsertEnd) for vListInsertEnd
    tasks.o(i.ulTaskNotifyTake) refers to tasks.o(.data) for .data
    tasks.o(i.ulTaskNotifyTake) refers to tasks.o(.bss) for .bss
    tasks.o(i.uxTaskGetNumberOfTasks) refers to tasks.o(.data) for .data
    tasks.o(i.uxTaskGetStackHighWaterMark) refers to tasks.o(i.prvTaskCheckFreeStackSpace) for prvTaskCheckFreeStackSpace
    tasks.o(i.uxTaskGetStackHighWaterMark) refers to tasks.o(.data) for .data
    tasks.o(i.uxTaskGetSystemState) refers to tasks.o(i.vTaskSuspendAll) for vTaskSuspendAll
    tasks.o(i.uxTaskGetSystemState) refers to tasks.o(i.prvListTaskWithinSingleList) for prvListTaskWithinSingleList
    tasks.o(i.uxTaskGetSystemState) refers to tasks.o(i.xTaskResumeAll) for xTaskResumeAll
    tasks.o(i.uxTaskGetSystemState) refers to tasks.o(.data) for .data
    tasks.o(i.uxTaskGetSystemState) refers to tasks.o(.bss) for .bss
    tasks.o(i.uxTaskPriorityGet) refers to port.o(i.vPortEnterCritical) for vPortEnterCritical
    tasks.o(i.uxTaskPriorityGet) refers to port.o(i.vPortExitCritical) for vPortExitCritical
    tasks.o(i.uxTaskPriorityGet) refers to tasks.o(.data) for .data
    tasks.o(i.uxTaskPriorityGetFromISR) refers to port.o(i.vPortValidateInterruptPriority) for vPortValidateInterruptPriority
    tasks.o(i.uxTaskPriorityGetFromISR) refers to tasks.o(.data) for .data
    tasks.o(i.uxTaskResetEventItemValue) refers to tasks.o(.data) for .data
    tasks.o(i.vTaskDelay) refers to tasks.o(i.vTaskSuspendAll) for vTaskSuspendAll
    tasks.o(i.vTaskDelay) refers to list.o(i.uxListRemove) for uxListRemove
    tasks.o(i.vTaskDelay) refers to tasks.o(i.prvAddCurrentTaskToDelayedList) for prvAddCurrentTaskToDelayedList
    tasks.o(i.vTaskDelay) refers to tasks.o(i.xTaskResumeAll) for xTaskResumeAll
    tasks.o(i.vTaskDelay) refers to tasks.o(.data) for .data
    tasks.o(i.vTaskDelete) refers to port.o(i.vPortEnterCritical) for vPortEnterCritical
    tasks.o(i.vTaskDelete) refers to list.o(i.uxListRemove) for uxListRemove
    tasks.o(i.vTaskDelete) refers to list.o(i.vListInsertEnd) for vListInsertEnd
    tasks.o(i.vTaskDelete) refers to port.o(i.vPortExitCritical) for vPortExitCritical
    tasks.o(i.vTaskDelete) refers to tasks.o(i.prvResetNextTaskUnblockTime) for prvResetNextTaskUnblockTime
    tasks.o(i.vTaskDelete) refers to tasks.o(.data) for .data
    tasks.o(i.vTaskDelete) refers to tasks.o(.bss) for .bss
    tasks.o(i.vTaskEndScheduler) refers to port.o(i.vPortEndScheduler) for vPortEndScheduler
    tasks.o(i.vTaskEndScheduler) refers to tasks.o(.data) for .data
    tasks.o(i.vTaskMissedYield) refers to tasks.o(.data) for .data
    tasks.o(i.vTaskNotifyGiveFromISR) refers to port.o(i.vPortValidateInterruptPriority) for vPortValidateInterruptPriority
    tasks.o(i.vTaskNotifyGiveFromISR) refers to list.o(i.vListInsertEnd) for vListInsertEnd
[...]
    telemetry_type_serialize                 0x0800c475   Thumb Code    34  packet_telemetry_type.o(i.telemetry_type_serialize)
    terminateTask                            0x0800c49d   Thumb Code    92  main.o(i.terminateTask)
    uxListRemove                             0x0800c521   Thumb Code    36  list.o(i.uxListRemove)
    uxTaskGetStackHighWaterMark              0x0800c545   Thumb Code    12  tasks.o(i.uxTaskGetStackHighWaterMark)
    vListInitialise                          0x0800c555   Thumb Code    22  list.o(i.vListInitialise)
    vListInitialiseItem                      0x0800c56b   Thumb Code     6  list.o(i.vListInitialiseItem)
    vListInsert                              0x0800c571   Thumb Code    48  list.o(i.vListInsert)
    vListInsertEnd                           0x0800c5a1   Thumb Code    24  list.o(i.vListInsertEnd)
    vPortEnterCritical                       0x0800c5b9   Thumb Code    54  port.o(i.vPortEnterCritical)
    vPortExitCritical                        0x0800c5f9   Thumb Code    34  port.o(i.vPortExitCritical)
    vPortFree                                0x0800c621   Thumb Code    88  heap_4.o(i.vPortFree)
    vPortSetupTimerInterrupt                 0x0800c67d   Thumb Code    26  port.o(i.vPortSetupTimerInterrupt)
    vPortValidateInterruptPriority           0x0800c69d   Thumb Code    74  port.o(i.vPortValidateInterruptPriority)
    vQueueAddToRegistry                      0x0800c6f1   Thumb Code    34  queue.o(i.vQueueAddToRegistry)
    vQueueDelete                             0x0800c719   Thumb Code    36  queue.o(i.vQueueDelete)
    vQueueUnregisterQueue                    0x0800c73d   Thumb Code    30  queue.o(i.vQueueUnregisterQueue)
    vQueueWaitForMessageRestricted           0x0800c761   Thumb Code    56  queue.o(i.vQueueWaitForMessageRestricted)
    vTaskDelete                              0x0800c799   Thumb Code   148  tasks.o(i.vTaskDelete)
    vTaskMissedYield                         0x0800c83d   Thumb Code     8  tasks.o(i.vTaskMissedYield)
    vTaskPlaceOnEventList                    0x0800c849   Thumb Code    90  tasks.o(i.vTaskPlaceOnEventList)
    vTaskPlaceOnEventListRestricted          0x0800c8ad   Thumb Code    72  tasks.o(i.vTaskPlaceOnEventListRestricted)
    vTaskPriorityInherit                     0x0800c8f9   Thumb Code   124  tasks.o(i.vTaskPriorityInherit)
    vTaskSetTimeOutState                     0x0800c97d   Thumb Code    30  tasks.o(i.vTaskSetTimeOutState)
    vTaskStartScheduler                      0x0800c9a1   Thumb Code    88  tasks.o(i.vTaskStartScheduler)
    vTaskSuspendAll                          0x0800ca09   Thumb Code    10  tasks.o(i.vTaskSuspendAll)
    vTaskSwitchContext                       0x0800ca19   Thumb Code    82  tasks.o(i.vTaskSwitchContext)
    waypoint_ack_deserialize                 0x0800ca75   Thumb Code    26  packet_waypoint.o(i.waypoint_ack_deserialize)
    waypoint_ack_req_deserialize             0x0800ca95   Thumb Code    26  packet_waypoint.o(i.waypoint_ack_req_deserialize)
    waypoint_ack_req_reset                   0x0800cab5   Thumb Code     2  packet_waypoint.o(i.waypoint_ack_req_reset)
    waypoint_ack_req_serialize               0x0800cab9   Thumb Code    34  packet_waypoint.o(i.waypoint_ack_req_serialize)
    waypoint_ack_reset                       0x0800cae1   Thumb Code     2  packet_waypoint.o(i.waypoint_ack_reset)
    waypoint_ack_serialize                   0x0800cae5   Thumb Code    34  packet_waypoint.o(i.waypoint_ack_serialize)
    waypoint_cmd_deserialize                 0x0800cb0d   Thumb Code    26  packet_waypoint.o(i.waypoint_cmd_deserialize)
    waypoint_cmd_reset                       0x0800cb2d   Thumb Code     2  packet_waypoint.o(i.waypoint_cmd_reset)
    waypoint_cmd_serialize                   0x0800cb31   Thumb Code    34  packet_waypoint.o(i.waypoint_cmd_serialize)
    waypoint_deserialize                     0x0800cb59   Thumb Code    26  packet_waypoint.o(i.waypoint_deserialize)
    waypoint_ext_deserialize                 0x0800cb7d   Thumb Code    26  packet_waypoint.o(i.waypoint_ext_deserialize)
    waypoint_ext_rcv_deserialize             0x0800cba1   Thumb Code    26  packet_waypoint.o(i.waypoint_ext_rcv_deserialize)
    waypoint_ext_rcv_reset                   0x0800cbc5   Thumb Code     2  packet_waypoint.o(i.waypoint_ext_rcv_reset)
    waypoint_ext_rcv_serialize               0x0800cbc9   Thumb Code    34  packet_waypoint.o(i.waypoint_ext_rcv_serialize)
    waypoint_ext_reset                       0x0800cbf5   Thumb Code     2  packet_waypoint.o(i.waypoint_ext_reset)
    waypoint_ext_serialize                   0x0800cbf9   Thumb Code    34  packet_waypoint.o(i.waypoint_ext_serialize)
    waypoint_reset                           0x0800cc25   Thumb Code     2  packet_waypoint.o(i.waypoint_reset)
    waypoint_serialize                       0x0800cc29   Thumb Code    34  packet_waypoint.o(i.waypoint_serialize)
    wrap_ADC_Receive_output_fcn              0x0800cc55   Thumb Code    44  wrap_adc_receive.o(i.wrap_ADC_Receive_output_fcn)
    wrap_ADC_Receive_start_fcn               0x0800cc89   Thumb Code    36  wrap_adc_receive.o(i.wrap_ADC_Receive_start_fcn)
    wrap_CAN_Receive_output_fcn              0x0800ccb1   Thumb Code   186  wrap_can_receive.o(i.wrap_CAN_Receive_output_fcn)
    wrap_CAN_Receive_start_fcn               0x0800cd7d   Thumb Code    90  wrap_can_receive.o(i.wrap_CAN_Receive_start_fcn)
    wrap_CAN_Transmit_output_fcn             0x0800cde1   Thumb Code   100  wrap_can_transmit.o(i.wrap_CAN_Transmit_output_fcn)
    wrap_CAN_Transmit_start_fcn              0x0800ce49   Thumb Code     2  wrap_can_transmit.o(i.wrap_CAN_Transmit_start_fcn)
    wrap_I2C1_sensors_loop_output_fcn        0x0800ce4d   Thumb Code   606  wrap_i2c1_sensors_loop.o(i.wrap_I2C1_sensors_loop_output_fcn)
    wrap_I2C1_sensors_loop_start_fcn         0x0800d0e9   Thumb Code   120  wrap_i2c1_sensors_loop.o(i.wrap_I2C1_sensors_loop_start_fcn)
    wrap_PWM_output_fcn                      0x0800d171   Thumb Code    30  wrap_pwm_capture.o(i.wrap_PWM_output_fcn)
    wrap_PWM_servomotor_output_fcn           0x0800d195   Thumb Code   204  wrap_pwm_servomotor.o(i.wrap_PWM_servomotor_output_fcn)
    wrap_PWM_servomotor_start_fcn            0x0800d275   Thumb Code   386  wrap_pwm_servomotor.o(i.wrap_PWM_servomotor_start_fcn)
    wrap_PWM_start_fcn                       0x0800d40d   Thumb Code   230  wrap_pwm_capture.o(i.wrap_PWM_start_fcn)
    wrap_USART2_Init_start_fcn               0x0800d4fd   Thumb Code     4  wrap_usart2_init.o(i.wrap_USART2_Init_start_fcn)
    wrap_USART3_Init_start_fcn               0x0800d501   Thumb Code     4  wrap_usart3_init.o(i.wrap_USART3_Init_start_fcn)
    wrap_USART4_Init_start_fcn               0x0800d505   Thumb Code     4  wrap_usart4_init.o(i.wrap_USART4_Init_start_fcn)
    wrap_USART5_Init_start_fcn               0x0800d509   Thumb Code     4  wrap_usart5_init.o(i.wrap_USART5_Init_start_fcn)
    wrap_arduinoparser_output_fcn            0x0800d50d   Thumb Code   150  wrap_arduinoparser.o(i.wrap_arduinoparser_output_fcn)
    wrap_arduinoparser_start_fcn             0x0800d5ad   Thumb Code    22  wrap_arduinoparser.o(i.wrap_arduinoparser_start_fcn)
    wrap_gpsparser_UBLOX_output_fcn          0x0800d5cd   Thumb Code   244  wrap_gpsparser_ublox.o(i.wrap_gpsparser_UBLOX_output_fcn)
    wrap_gpsparser_UBLOX_start_fcn           0x0800d6d1   Thumb Code    20  wrap_gpsparser_ublox.o(i.wrap_gpsparser_UBLOX_start_fcn)
    wrap_pm_init_car_output_fcn              0x0800d6e9   Thumb Code     2  wrap_pm_init_car.o(i.wrap_pm_init_car_output_fcn)
    wrap_pm_init_car_start_fcn               0x0800d6ed   Thumb Code   328  wrap_pm_init_car.o(i.wrap_pm_init_car_start_fcn)
    wrap_recv_from_bs_output_fcn             0x0800d979   Thumb Code    34  wrap_recv_from_bs.o(i.wrap_recv_from_bs_output_fcn)
    wrap_recv_from_bs_start_fcn              0x0800d9a1   Thumb Code   110  wrap_recv_from_bs.o(i.wrap_recv_from_bs_start_fcn)
    wrap_save_to_datalogger_output_fcn       0x0800da1d   Thumb Code    94  wrap_save_to_datalogger.o(i.wrap_save_to_datalogger_output_fcn)
    wrap_save_to_datalogger_start_fcn        0x0800da99   Thumb Code    38  wrap_save_to_datalogger.o(i.wrap_save_to_datalogger_start_fcn)
    wrap_send_to_bs_output_fcn               0x0800dac5   Thumb Code   320  wrap_send_to_bs.o(i.wrap_send_to_bs_output_fcn)
    wrap_send_to_bs_start_fcn                0x0800dc19   Thumb Code     2  wrap_send_to_bs.o(i.wrap_send_to_bs_start_fcn)
    xPortGetFreeHeapSize                     0x0800dc1d   Thumb Code     6  heap_4.o(i.xPortGetFreeHeapSize)
    xPortStartScheduler                      0x0800dc29   Thumb Code   202  port.o(i.xPortStartScheduler)
    xPortSysTickHandler                      0x0800dd09   Thumb Code    38  port.o(i.xPortSysTickHandler)
    xQueueCreateCountingSemaphore            0x0800dd35   Thumb Code    72  queue.o(i.xQueueCreateCountingSemaphore)
    xQueueGenericCreate                      0x0800dd7d   Thumb Code   100  queue.o(i.xQueueGenericCreate)
    xQueueGenericReceive                     0x0800dde1   Thumb Code   358  queue.o(i.xQueueGenericReceive)
    xQueueGenericReset                       0x0800df4d   Thumb Code   126  queue.o(i.xQueueGenericReset)
    xQueueGenericSend                        0x0800dfd1   Thumb Code   348  queue.o(i.xQueueGenericSend)
    xQueueGenericSendFromISR                 0x0800e131   Thumb Code   182  queue.o(i.xQueueGenericSendFromISR)
    xQueueGiveFromISR                        0x0800e1e7   Thumb Code   156  queue.o(i.xQueueGiveFromISR)
    xQueueReceiveFromISR                     0x0800e283   Thumb Code   142  queue.o(i.xQueueReceiveFromISR)
    xTaskCheckForTimeOut                     0x0800e311   Thumb Code   102  tasks.o(i.xTaskCheckForTimeOut)
    xTaskGenericCreate                       0x0800e37d   Thumb Code   426  tasks.o(i.xTaskGenericCreate)
    xTaskGetCurrentTaskHandle                0x0800e539   Thumb Code     6  tasks.o(i.xTaskGetCurrentTaskHandle)
    xTaskGetSchedulerState                   0x0800e545   Thumb Code    22  tasks.o(i.xTaskGetSchedulerState)
    xTaskGetTickCount                        0x0800e561   Thumb Code     6  tasks.o(i.xTaskGetTickCount)
    xTaskGetTickCountFromISR                 0x0800e56d   Thumb Code    12  tasks.o(i.xTaskGetTickCountFromISR)
    xTaskIncrementTick                       0x0800e57d   Thumb Code   194  tasks.o(i.xTaskIncrementTick)
    xTaskPriorityDisinherit                  0x0800e649   Thumb Code   144  tasks.o(i.xTaskPriorityDisinherit)
    xTaskRemoveFromEventList                 0x0800e6e1   Thumb Code   106  tasks.o(i.xTaskRemoveFromEventList)
    xTaskResumeAll                           0x0800e759   Thumb Code   182  tasks.o(i.xTaskResumeAll)
    xTimerCreate                             0x0800e81d   Thumb Code    72  timers.o(i.xTimerCreate)
    xTimerCreateTimerTask                    0x0800e865   Thumb Code    62  timers.o(i.xTimerCreateTimerTask)
    xTimerGenericCommand                     0x0800e8b5   Thumb Code    68  timers.o(i.xTimerGenericCommand)
    xTimerIsTimerActive                      0x0800e8fd   Thumb Code    26  timers.o(i.xTimerIsTimerActive)
    APBAHBPrescTable                         0x0800e91e   Data          16  stm32f4xx_hal_rcc.o(.constdata)
    ICARO3_M1_v1_M                           0x0800e930   Data           4  icaro3_m1_v1.o(.constdata)
    __mathlib_zero                           0x0800eae0   Data           8  qnan.o(.constdata)
    Region$$Table$$Base                      0x0800ebd8   Number         0  anon$$obj.o(Region$$Table)
    Region$$Table$$Limit                     0x0800ebf8   Number         0  anon$$obj.o(Region$$Table)
    pxCurrentTCB                             0x20000000   Data           4  tasks.o(.data)
    runModel                                 0x2000006c   Data           1  main.o(.data)
    terminatingmodel                         0x20000078   Data           4  main.o(.data)
    BaseRate_stack_size                      0x2000007c   Data           4  main.o(.data)
    stato                                    0x20000080   Data           4  main.o(.data)
    BaseRate_emptystacksize                  0x20000084   Data           4  main.o(.data)
    SubRates_stack_size                      0x20000090   Data          32  main.o(.data)
    SystemCoreClock                          0x200000b4   Data           4  system_stm32f4xx.o(.data)
    temp_task_name                           0x200000b8   Data           2  mw_thread.o(.data)
    I2C1_ProcSensor                          0x200000c5   Data           1  stm32f4_i2c1_sensors.o(.data)
    HMC5883L_Prescaler                       0x200000c6   Data           1  stm32f4_i2c1_sensors.o(.data)
    BMP085_Prescaler                         0x200000c7   Data           1  stm32f4_i2c1_sensors.o(.data)
    BMP085_oss                               0x200000c8   Data           1  stm32f4_i2c1_sensors.o(.data)
    BMP085_CommandSent                       0x200000ca   Data           1  stm32f4_i2c1_sensors.o(.data)
    BMP085_TempBuffer                        0x200000cb   Data           2  stm32f4_i2c1_sensors.o(.data)
    I2C1_MeasFlag                            0x200000ce   Data           2  stm32f4_i2c1_sensors.o(.data)
    BMP085_PressBuffer                       0x200000d0   Data           3  stm32f4_i2c1_sensors.o(.data)
    I2C1_SensorEnabled                       0x200000d3   Data           5  stm32f4_i2c1_sensors.o(.data)
    ITG3200_Buffer                           0x200000d8   Data           6  stm32f4_i2c1_sensors.o(.data)
    ADXL345_Buffer                           0x200000de   Data           6  stm32f4_i2c1_sensors.o(.data)
    HMC5883L_Buffer                          0x200000e4   Data           6  stm32f4_i2c1_sensors.o(.data)
    I2C1_ResetCount                          0x200000f0   Data           4  stm32f4_i2c1_peripheral.o(.data)
    I2C1_ResetCount_SDA_LOW                  0x200000f4   Data           4  stm32f4_i2c1_peripheral.o(.data)
    I2C1_ResetCount_SCL_LOW                  0x200000f8   Data           4  stm32f4_i2c1_peripheral.o(.data)
    I2C1_ResetCount_SDA_SCL_LOW              0x200000fc   Data           4  stm32f4_i2c1_peripheral.o(.data)
    waypoint_ack_data                        0x20000100   Data           2  packet_waypoint.o(.data)
    waypoint_cmd_data                        0x20000102   Data           2  packet_waypoint.o(.data)
    waypoint_ack_req_data                    0x20000104   Data           2  packet_waypoint.o(.data)
    command_data                             0x20000140   Data           4  packet_command.o(.data)
    telemetry_type_data                      0x20000144   Data           2  packet_telemetry_type.o(.data)
    I2C1_HAL_Err_Status                      0x20000151   Data           1  wrap_i2c1_sensors_loop.o(.data)
    ecef_ref_wires                           0x2000016c   Data           4  wrap_recv_from_bs.o(.data)
    position_target                          0x20000170   Data           4  wrap_recv_from_bs.o(.data)
    velocity_target                          0x20000174   Data           4  wrap_recv_from_bs.o(.data)
    waypoint_wires                           0x20000178   Data           4  wrap_recv_from_bs.o(.data)
    cmd_wires                                0x2000017c   Data           4  wrap_recv_from_bs.o(.data)
    mode_wires                               0x20000180   Data           4  wrap_recv_from_bs.o(.data)
    gain_pid_wires                           0x20000184   Data           4  wrap_recv_from_bs.o(.data)
    new_packet_wires                         0x20000188   Data           4  wrap_recv_from_bs.o(.data)
    adc_data_ready                           0x200001a8   Data           1  wrap_adc_receive.o(.data)
    telemetry_data                           0x200001bc   Data           6  packet_telemetry.o(.data)
    new_packet_callback                      0x200001e0   Data           4  packet_manager.o(.data)
    error_deserialize_callback               0x200001e4   Data           4  packet_manager.o(.data)
    error_serialize_callback                 0x200001e8   Data           4  packet_manager.o(.data)
    command_tel_data                         0x200001fc   Data           4  packet_command_tel.o(.data)
    Statistics_i2c_telemetry_data            0x20000208   Data           7  packet_statistics_i2c_telemetry.o(.data)
    gps_status_data                          0x20000248   Data           4  packet_gps.o(.data)
    rtInfF                                   0x20000250   Data           4  rt_nonfinite.o(.data)
    rtMinusInfF                              0x20000254   Data           4  rt_nonfinite.o(.data)
    rtNaNF                                   0x20000258   Data           4  rt_nonfinite.o(.data)
    rtInf                                    0x20000260   Data           8  rt_nonfinite.o(.data)
    rtMinusInf                               0x20000268   Data           8  rt_nonfinite.o(.data)
    rtNaN                                    0x20000270   Data           8  rt_nonfinite.o(.data)
    sel                                      0x2000027c   Data           4  wrap_can_receive.o(.data)
    num_id                                   0x20000284   Data           4  wrap_can_receive.o(.data)
    fuzzyGuidanceEnable_data                 0x20000288   Data           2  packet_fuzzyguidance.o(.data)
    ECEF_PX                                  0x200002a0   Data           8  wrap_gpsparser_ublox.o(.data)
    ECEF_PY                                  0x200002a8   Data           8  wrap_gpsparser_ublox.o(.data)
    ECEF_PZ                                  0x200002b0   Data           8  wrap_gpsparser_ublox.o(.data)
    ECEF_SX                                  0x200002b8   Data           8  wrap_gpsparser_ublox.o(.data)
    ECEF_SY                                  0x200002c0   Data           8  wrap_gpsparser_ublox.o(.data)
    ECEF_SZ                                  0x200002c8   Data           8  wrap_gpsparser_ublox.o(.data)
    gps_fix                                  0x200002d0   Data           8  wrap_gpsparser_ublox.o(.data)
    flags                                    0x200002d8   Data           8  wrap_gpsparser_ublox.o(.data)
    attitude_data                            0x200002e8   Data           6  packet_attitude.o(.data)
    ICARO3_M1_v1_P                           0x200002f0   Data         968  icaro3_m1_v1_data.o(.data)
    uwIC2Value                               0x200006c0   Data           8  wrap_pwm_capture.o(.data)
    uwIC1Value                               0x200006c8   Data           8  wrap_pwm_capture.o(.data)
    uwDutyCycle                              0x200006d0   Data           8  wrap_pwm_capture.o(.data)
    uwTimeOn                                 0x200006d8   Data           8  wrap_pwm_capture.o(.data)
    uwFrequency                              0x200006e0   Data           8  wrap_pwm_capture.o(.data)
    state                                    0x200006e8   Data           1  wrap_arduinoparser.o(.data)
    payload_index                            0x200006ec   Data           4  wrap_arduinoparser.o(.data)
    __stdout                                 0x200006f0   Data           4  stdout.o(.data)
    xQueueRegistry                           0x200045dc   Data          64  queue.o(.bss)
    baserateTaskSem                          0x20004644   Data          16  main.o(.bss)
    subrateTaskSem                           0x20004654   Data          64  main.o(.bss)
    threadJoinStatus                         0x20004694   Data          32  main.o(.bss)
    subRateThread                            0x200046b4   Data          96  main.o(.bss)
    SubRate_emptystacksize                   0x20004714   Data          16  main.o(.bss)
    taskId                                   0x20004724   Data          20  main.o(.bss)
    baseRateThread                           0x20004738   Data          24  main.o(.bss)
    mw_scheduler_timer_def                   0x20004750   Data          28  cmsis_rtos_init.o(.bss)
    gps_time_data                            0x2000476c   Data          32  packet_gps_time.o(.bss)
    MPU9150_Buffer                           0x2000478c   Data          14  stm32f4_i2c1_sensors.o(.bss)
    I2CHandle                                0x2000479c   Data          60  stm32f4_i2c1_peripheral.o(.bss)
    waypoint_data                            0x200047d8   Data          12  packet_waypoint.o(.bss)
    waypoint_ext_data                        0x200047e4   Data          20  packet_waypoint.o(.bss)
    waypoint_ext_rcv_data                    0x200047f8   Data          20  packet_waypoint.o(.bss)
    hadc1                                    0x2000480c   Data          68  wrap_adc_receive.o(.bss)
    hdma1                                    0x20004850   Data          88  wrap_adc_receive.o(.bss)
    uhADCxConvertedValue                     0x200048a8   Data          16  wrap_adc_receive.o(.bss)
    pc_to_car_data                           0x200048b8   Data          40  packet_pc_to_car.o(.bss)
    Statistics_telemetry_data                0x200048e0   Data           9  packet_statistics_telemetry.o(.bss)
    pmgr                                     0x200048ec   Data         484  packet_manager.o(.bss)
    status_data                              0x20004ad0   Data          12  packet_status.o(.bss)
    ICARO3_M1_v1_B                           0x20004ae0   Data        2856  icaro3_m1_v1.o(.bss)
    ICARO3_M1_v1_DWork                       0x20005608   Data         288  icaro3_m1_v1.o(.bss)
    ICARO3_M1_v1_M_                          0x20005728   Data          28  icaro3_m1_v1.o(.bss)
    bs_telemetry_data                        0x20005744   Data         104  packet_bs_telemetry.o(.bss)
    telemetry_LF_data                        0x200057ac   Data          15  packet_telemetry_lf.o(.bss)
    car_telemetry_data                       0x200057bc   Data          68  packet_car_telemetry.o(.bss)
    startstop_seeker_data                    0x20005800   Data          28  packet_startstop_seeker.o(.bss)
    debug_6_floats_data                      0x2000581c   Data          24  packet_debug_6_floats.o(.bss)
    gps_data                                 0x20005834   Data          12  packet_gps.o(.bss)
    msgA                                     0x20005840   Data          36  wrap_can_receive.o(.bss)
    msgB                                     0x20005864   Data          36  wrap_can_receive.o(.bss)
    CAN_HandleStructure                      0x20005888   Data          64  wrap_can_receive.o(.bss)
    msg_memA                                 0x200058c8   Data          80  wrap_can_receive.o(.bss)
    msg_memB                                 0x20005918   Data          80  wrap_can_receive.o(.bss)
    ids                                      0x20005968   Data          40  wrap_can_receive.o(.bss)
    ORE_count                                0x20005990   Data          28  stm32f4_custom_usart.o(.bss)
    Uart2Handle                              0x2000622c   Data          64  stm32f4_custom_usart.o(.bss)
    Uart3Handle                              0x2000626c   Data          64  stm32f4_custom_usart.o(.bss)
    Uart4Handle                              0x200062ac   Data          64  stm32f4_custom_usart.o(.bss)
    Uart5Handle                              0x200062ec   Data          64  stm32f4_custom_usart.o(.bss)
    fuzzyGuidance_data                       0x2000632c   Data          12  packet_fuzzyguidance.o(.bss)
    IWork                                    0x20006338   Data         220  wrap_gpsparser_ublox.o(.bss)
    startstop_seeker_init_data               0x20006414   Data          28  packet_startstop_seeker_init.o(.bss)
    TimHandle                                0x20006430   Data          60  wrap_pwm_capture.o(.bss)
    sConfig                                  0x2000646c   Data          16  wrap_pwm_capture.o(.bss)
    sSlaveConfig                             0x2000647c   Data          20  wrap_pwm_capture.o(.bss)
    packet                                   0x20006490   Data          15  wrap_arduinoparser.o(.bss)
    __initial_sp                             0x200163a0   Data           0  startup_stm32f407xx.o(STACK)



==============================================================================

Memory Map of the image

  Image Entry point : 0x08000189

  Load Region LR_IROM1 (Base: 0x08000000, Size: 0x0000f2f0, Max: 0x00100000, ABSOLUTE, COMPRESSED[0x0000ed58])

    Execution Region ER_IROM1 (Base: 0x08000000, Size: 0x0000ebf8, Max: 0x00100000, ABSOLUTE)

    Base Addr    Size         Type   Attr      Idx    E Section Name        Object

    0x08000000   0x00000188   Data   RO         1492    RESET               startup_stm32f407xx.o
    0x08000188   0x00000000   Code   RO         6908  * .ARM.Collect$$$$00000000  mc_w.l(entry.o)
    0x08000188   0x00000004   Code   RO         7266    .ARM.Collect$$$$00000001  mc_w.l(entry2.o)
    0x0800018c   0x00000004   Code   RO         7269    .ARM.Collect$$$$00000004  mc_w.l(entry5.o)
    0x08000190   0x00000000   Code   RO         7271    .ARM.Collect$$$$00000008  mc_w.l(entry7b.o)
    0x08000190   0x00000000   Code   RO         7273    .ARM.Collect$$$$0000000A  mc_w.l(entry8b.o)
    0x08000190   0x00000008   Code   RO         7274    .ARM.Collect$$$$0000000B  mc_w.l(entry9a.o)
    0x08000198   0x00000000   Code   RO         7276    .ARM.Collect$$$$0000000D  mc_w.l(entry10a.o)
    0x08000198   0x00000000   Code   RO         7278    .ARM.Collect$$$$0000000F  mc_w.l(entry11a.o)
    0x08000198   0x00000004   Code   RO         7267    .ARM.Collect$$$$00002712  mc_w.l(entry2.o)
    0x0800019c   0x000000ba   Code   RO          339    .emb_text           port.o
    0x08000256   0x00000002   PAD
    0x08000258   0x00000024   Code   RO         1493    .text               startup_stm32f407xx.o
    0x0800027c   0x00000024   Code   RO         6914    .text               mc_w.l(memcpya.o)
    0x080002a0   0x00000024   Code   RO         6916    .text               mc_w.l(memseta.o)
    0x080002c4   0x0000014e   Code   RO         7209    .text               mf_w.l(dadd.o)
    0x08000412   0x000000e4   Code   RO         7211    .text               mf_w.l(dmul.o)
    0x080004f6   0x000000de   Code   RO         7213    .text               mf_w.l(ddiv.o)
    0x080005d4   0x00000022   Code   RO         7217    .text               mf_w.l(dflti.o)
    0x080005f6   0x0000001a   Code   RO         7219    .text               mf_w.l(dfltui.o)
    0x08000610   0x0000003e   Code   RO         7221    .text               mf_w.l(dfixi.o)
    0x0800064e   0x00000032   Code   RO         7223    .text               mf_w.l(dfixui.o)
    0x08000680   0x00000026   Code   RO         7225    .text               mf_w.l(f2d.o)
    0x080006a6   0x00000002   PAD
    0x080006a8   0x00000030   Code   RO         7227    .text               mf_w.l(cdcmple.o)
    0x080006d8   0x00000030   Code   RO         7229    .text               mf_w.l(cdrcmple.o)
    0x08000708   0x00000038   Code   RO         7231    .text               mf_w.l(d2f.o)
    0x08000740   0x0000002c   Code   RO         7282    .text               mc_w.l(uidiv.o)
    0x0800076c   0x00000062   Code   RO         7284    .text               mc_w.l(uldiv.o)
    0x080007ce   0x0000001e   Code   RO         7286    .text               mc_w.l(llshl.o)
    0x080007ec   0x00000020   Code   RO         7288    .text               mc_w.l(llushr.o)
    0x0800080c   0x00000024   Code   RO         7290    .text               mc_w.l(llsshr.o)
    0x08000830   0x00000000   Code   RO         7301    .text               mc_w.l(iusefp.o)
    0x08000830   0x0000006e   Code   RO         7302    .text               mf_w.l(fepilogue.o)
    0x0800089e   0x000000ba   Code   RO         7304    .text               mf_w.l(depilogue.o)
    0x08000958   0x0000002e   Code   RO         7306    .text               mf_w.l(dscalb.o)
    0x08000986   0x000000a2   Code   RO         7308    .text               mf_w.l(dsqrt.o)
    0x08000a28   0x00000086   Code   RO         7310    .text               mf_w.l(drem.o)
    0x08000aae   0x00000030   Code   RO         7312    .text               mf_w.l(dfixul.o)
    0x08000ade   0x00000002   PAD
    0x08000ae0   0x00000024   Code   RO         7314    .text               mc_w.l(init.o)
    0x08000b04   0x00000000   Code   RO         7316    .text               mc_w.l(semi.o)
    0x08000b04   0x00000000   Code   RO         7317    .text               mc_w.l(iusesemip.o)
    0x08000b04   0x00000056   Code   RO         7326    .text               mc_w.l(__dczerorl2.o)
    0x08000b5a   0x00000002   PAD
    0x08000b5c   0x00000094   Code   RO         3953    i.ADC1_Init         wrap_adc_receive.o
    0x08000bf0   0x000000bc   Code   RO         3954    i.ADC_Config        wrap_adc_receive.o
    0x08000cac   0x0000001e   Code   RO         6510    i.ADC_DMAConvCplt   stm32f4xx_hal_adc.o
    0x08000cca   0x00000018   Code   RO         6511    i.ADC_DMAError      stm32f4xx_hal_adc.o
    0x08000ce2   0x0000000a   Code   RO         6512    i.ADC_DMAHalfConvCplt  stm32f4xx_hal_adc.o
    0x08000cec   0x00000134   Code   RO         6513    i.ADC_Init          stm32f4xx_hal_adc.o
    0x08000e20   0x0000007c   Code   RO         2777    i.ADXL345_Init      stm32f4_i2c1_sensors.o
    0x08000e9c   0x00000028   Code   RO         2778    i.BMP085_Init       stm32f4_i2c1_sensors.o
    0x08000ec4   0x00000144   Code   RO         5462    i.CAN1_RX0_IRQHandler  wrap_can_receive.o
    0x08001008   0x000000c4   Code   RO         5463    i.CAN_Config        wrap_can_receive.o
    0x080010cc   0x0000000c   Code   RO         3067    i.CircularBuffer_Init  circular_buffer.o
    0x080010d8   0x0000001c   Code   RO         3069    i.CircularBuffer_IsFull  circular_buffer.o
    0x080010f4   0x00000026   Code   RO         3070    i.CircularBuffer_Read  circular_buffer.o
    0x0800111a   0x0000002a   Code   RO         3071    i.CircularBuffer_Write  circular_buffer.o
    0x08001144   0x0000000c   Code   RO         3955    i.DMA2_Stream0_IRQHandler  wrap_adc_receive.o
    0x08001150   0x00000028   Code   RO         2144    i.DMA_CalcBaseAndBitshift  stm32f4xx_hal_dma.o
    0x08001178   0x00000028   Code   RO         2145    i.DMA_SetConfig     stm32f4xx_hal_dma.o
    0x080011a0   0x0000000a   Code   RO         5507    i.Error_Handler     stm32f4_custom_usart.o
    0x080011aa   0x00000002   PAD
    0x080011ac   0x00000150   Code   RO         6515    i.HAL_ADC_ConfigChannel  stm32f4xx_hal_adc.o
    0x080012fc   0x00000014   Code   RO         3956    i.HAL_ADC_ConvCpltCallback  wrap_adc_receive.o
    0x08001310   0x00000002   Code   RO         6517    i.HAL_ADC_ConvHalfCpltCallback  stm32f4xx_hal_adc.o
    0x08001312   0x00000002   Code   RO         6519    i.HAL_ADC_ErrorCallback  stm32f4xx_hal_adc.o
    0x08001314   0x0000003a   Code   RO         6524    i.HAL_ADC_Init      stm32f4xx_hal_adc.o
    0x0800134e   0x00000002   Code   RO         6527    i.HAL_ADC_MspInit   stm32f4xx_hal_adc.o
    0x08001350   0x000000b0   Code   RO         6531    i.HAL_ADC_Start_DMA  stm32f4xx_hal_adc.o
    0x08001400   0x00000032   Code   RO         6534    i.HAL_ADC_Stop_DMA  stm32f4xx_hal_adc.o
    0x08001432   0x00000002   PAD
    0x08001434   0x000000e4   Code   RO         5069    i.HAL_CAN_ConfigFilter  stm32f4xx_hal_can.o
    0x08001518   0x00000020   Code   RO         5070    i.HAL_CAN_DeInit    stm32f4xx_hal_can.o
    0x08001538   0x00000148   Code   RO         5075    i.HAL_CAN_Init      stm32f4xx_hal_can.o
    0x08001680   0x00000002   Code   RO         5076    i.HAL_CAN_MspDeInit  stm32f4xx_hal_can.o
    0x08001682   0x00000002   Code   RO         5077    i.HAL_CAN_MspInit   stm32f4xx_hal_can.o
    0x08001684   0x0000014a   Code   RO         5078    i.HAL_CAN_Receive   stm32f4xx_hal_can.o
    0x080017ce   0x00000002   PAD
    0x080017d0   0x00000184   Code   RO         5082    i.HAL_CAN_Transmit  stm32f4xx_hal_can.o
    0x08001954   0x00000054   Code   RO         2146    i.HAL_DMA_Abort     stm32f4xx_hal_dma.o
    0x080019a8   0x000001a0   Code   RO         2150    i.HAL_DMA_IRQHandler  stm32f4xx_hal_dma.o
    0x08001b48   0x00000078   Code   RO         2151    i.HAL_DMA_Init      stm32f4xx_hal_dma.o
    0x08001bc0   0x0000004e   Code   RO         2154    i.HAL_DMA_Start_IT  stm32f4xx_hal_dma.o
    0x08001c0e   0x00000002   PAD
    0x08001c10   0x000001c0   Code   RO         2407    i.HAL_GPIO_Init     stm32f4xx_hal_gpio.o
    0x08001dd0   0x0000000a   Code   RO         2409    i.HAL_GPIO_ReadPin  stm32f4xx_hal_gpio.o
    0x08001dda   0x00000008   Code   RO         2410    i.HAL_GPIO_TogglePin  stm32f4xx_hal_gpio.o
    0x08001de2   0x0000000a   Code   RO         2411    i.HAL_GPIO_WritePin  stm32f4xx_hal_gpio.o
    0x08001dec   0x0000000c   Code   RO         1677    i.HAL_GetTick       stm32f4xx_hal.o
    0x08001df8   0x0000002e   Code   RO         5978    i.HAL_I2C_DeInit    stm32f4xx_hal_i2c.o
    0x08001e26   0x000000d8   Code   RO         5979    i.HAL_I2C_ER_IRQHandler  stm32f4xx_hal_i2c.o
    0x08001efe   0x00000196   Code   RO         5980    i.HAL_I2C_EV_IRQHandler  stm32f4xx_hal_i2c.o
    0x08002094   0x00000010   Code   RO         2842    i.HAL_I2C_ErrorCallback  stm32f4_i2c1_peripheral.o
    0x080020a4   0x00000100   Code   RO         5984    i.HAL_I2C_Init      stm32f4xx_hal_i2c.o
    0x080021a4   0x00000002   Code   RO         5986    i.HAL_I2C_MasterRxCpltCallback  stm32f4xx_hal_i2c.o
    0x080021a6   0x00000002   Code   RO         5987    i.HAL_I2C_MasterTxCpltCallback  stm32f4xx_hal_i2c.o
    0x080021a8   0x00000020   Code   RO         2843    i.HAL_I2C_MemRxCpltCallback  stm32f4_i2c1_peripheral.o
    0x080021c8   0x00000020   Code   RO         2844    i.HAL_I2C_MemTxCpltCallback  stm32f4_i2c1_peripheral.o
    0x080021e8   0x000001c4   Code   RO         5996    i.HAL_I2C_Mem_Read  stm32f4xx_hal_i2c.o
    0x080023ac   0x000000e8   Code   RO         5998    i.HAL_I2C_Mem_Read_IT  stm32f4xx_hal_i2c.o
    0x08002494   0x000000ec   Code   RO         5999    i.HAL_I2C_Mem_Write  stm32f4xx_hal_i2c.o
    0x08002580   0x00000098   Code   RO         6001    i.HAL_I2C_Mem_Write_IT  stm32f4xx_hal_i2c.o
    0x08002618   0x00000002   Code   RO         6002    i.HAL_I2C_MspDeInit  stm32f4xx_hal_i2c.o
    0x0800261a   0x00000002   Code   RO         6003    i.HAL_I2C_MspInit   stm32f4xx_hal_i2c.o
    0x0800261c   0x00000002   Code   RO         6004    i.HAL_I2C_SlaveRxCpltCallback  stm32f4xx_hal_i2c.o
    0x0800261e   0x00000002   Code   RO         6005    i.HAL_I2C_SlaveTxCpltCallback  stm32f4xx_hal_i2c.o
    0x08002620   0x00000010   Code   RO         1678    i.HAL_IncTick       stm32f4xx_hal.o
    0x08002630   0x00000034   Code   RO         1679    i.HAL_Init          stm32f4xx_hal.o
    0x08002664   0x00000022   Code   RO         1680    i.HAL_InitTick      stm32f4xx_hal.o
    0x08002686   0x00000016   Code   RO         1469    i.HAL_MspInit       stm32f4xx_hal_msp.o
    0x0800269c   0x00000016   Code   RO         1502    i.HAL_NVIC_DisableIRQ  stm32f4xx_hal_cortex.o
    0x080026b2   0x00000016   Code   RO         1503    i.HAL_NVIC_EnableIRQ  stm32f4xx_hal_cortex.o
    0x080026c8   0x00000040   Code   RO         1509    i.HAL_NVIC_SetPriority  stm32f4xx_hal_cortex.o
    0x08002708   0x00000024   Code   RO         1510    i.HAL_NVIC_SetPriorityGrouping  stm32f4xx_hal_cortex.o
    0x0800272c   0x0000020c   Code   RO         2300    i.HAL_RCC_ClockConfig  stm32f4xx_hal_rcc.o
    0x08002938   0x00000034   Code   RO         2305    i.HAL_RCC_GetHCLKFreq  stm32f4xx_hal_rcc.o
    0x0800296c   0x0000002c   Code   RO         2307    i.HAL_RCC_GetPCLK1Freq  stm32f4xx_hal_rcc.o
    0x08002998   0x0000002c   Code   RO         2308    i.HAL_RCC_GetPCLK2Freq  stm32f4xx_hal_rcc.o
    0x080029c4   0x00000074   Code   RO         2309    i.HAL_RCC_GetSysClockFreq  stm32f4xx_hal_rcc.o
    0x08002a38   0x0000033c   Code   RO         2312    i.HAL_RCC_OscConfig  stm32f4xx_hal_rcc.o
    0x08002d74   0x00000018   Code   RO         1512    i.HAL_SYSTICK_CLKSourceConfig  stm32f4xx_hal_cortex.o
    0x08002d8c   0x00000028   Code   RO         1514    i.HAL_SYSTICK_Config  stm32f4xx_hal_cortex.o
    0x08002db4   0x00000002   Code   RO         5636    i.HAL_TIMEx_BreakCallback  stm32f4xx_hal_tim_ex.o
    0x08002db6   0x00000002   Code   RO         5637    i.HAL_TIMEx_CommutationCallback  stm32f4xx_hal_tim_ex.o
    0x08002db8   0x000000f4   Code   RO         6680    i.HAL_TIM_IC_CaptureCallback  wrap_pwm_capture.o
    0x08002eac   0x0000011e   Code   RO         3219    i.HAL_TIM_IC_ConfigChannel  stm32f4xx_hal_tim.o
    0x08002fca   0x00000036   Code   RO         3222    i.HAL_TIM_IC_Init   stm32f4xx_hal_tim.o
    0x08003000   0x00000002   Code   RO         3224    i.HAL_TIM_IC_MspInit  stm32f4xx_hal_tim.o
    0x08003002   0x0000004c   Code   RO         3227    i.HAL_TIM_IC_Start_IT  stm32f4xx_hal_tim.o
    0x0800304e   0x00000166   Code   RO         3231    i.HAL_TIM_IRQHandler  stm32f4xx_hal_tim.o
    0x080031b4   0x00000002   Code   RO         3234    i.HAL_TIM_OC_DelayElapsedCallback  stm32f4xx_hal_tim.o
    0x080031b6   0x000000d0   Code   RO         3255    i.HAL_TIM_PWM_ConfigChannel  stm32f4xx_hal_tim.o
    0x08003286   0x00000036   Code   RO         3258    i.HAL_TIM_PWM_Init  stm32f4xx_hal_tim.o
    0x080032bc   0x00000002   Code   RO         3260    i.HAL_TIM_PWM_MspInit  stm32f4xx_hal_tim.o
    0x080032be   0x00000002   Code   RO         3261    i.HAL_TIM_PWM_PulseFinishedCallback  stm32f4xx_hal_tim.o
    0x080032c0   0x00000038   Code   RO         3262    i.HAL_TIM_PWM_Start  stm32f4xx_hal_tim.o
    0x080032f8   0x00000002   Code   RO         3268    i.HAL_TIM_PeriodElapsedCallback  stm32f4xx_hal_tim.o
    0x080032fa   0x00000044   Code   RO         3269    i.HAL_TIM_ReadCapturedValue  stm32f4xx_hal_tim.o
    0x0800333e   0x00000042   Code   RO         3270    i.HAL_TIM_SlaveConfigSynchronization  stm32f4xx_hal_tim.o
    0x08003380   0x00000002   Code   RO         3272    i.HAL_TIM_TriggerCallback  stm32f4xx_hal_tim.o
    0x08003382   0x0000005e   Code   RO         4051    i.HAL_UART_Init     stm32f4xx_hal_uart.o
    0x080033e0   0x00000002   Code   RO         4053    i.HAL_UART_MspInit  stm32f4xx_hal_uart.o
    0x080033e2   0x00000002   PAD
    0x080033e4   0x00000048   Code   RO         2779    i.HMC5883L_Init     stm32f4_i2c1_sensors.o
    0x0800342c   0x0000000c   Code   RO         2845    i.I2C1_ER_IRQHandler  stm32f4_i2c1_peripheral.o
    0x08003438   0x0000000c   Code   RO         2846    i.I2C1_EV_IRQHandler  stm32f4_i2c1_peripheral.o
    0x08003444   0x000000a4   Code   RO         2847    i.I2C1_Init         stm32f4_i2c1_peripheral.o
    0x080034e8   0x000001cc   Code   RO         2780    i.I2C1_ReadSensor   stm32f4_i2c1_sensors.o
    0x080036b4   0x000001bc   Code   RO         2848    i.I2C1_Reset        stm32f4_i2c1_peripheral.o
    0x08003870   0x00000080   Code   RO         6019    i.I2C_MasterReceive_BTF  stm32f4xx_hal_i2c.o
    0x080038f0   0x00000064   Code   RO         6020    i.I2C_MasterReceive_RXNE  stm32f4xx_hal_i2c.o
    0x08003954   0x000000e0   Code   RO         6023    i.I2C_RequestMemoryRead  stm32f4xx_hal_i2c.o
    0x08003a34   0x00000090   Code   RO         6024    i.I2C_RequestMemoryWrite  stm32f4xx_hal_i2c.o
    0x08003ac4   0x0000008a   Code   RO         6025    i.I2C_WaitOnFlagUntilTimeout  stm32f4xx_hal_i2c.o
    0x08003b4e   0x00000002   PAD
    0x08003b50   0x00000088   Code   RO         6026    i.I2C_WaitOnMasterAddressFlagUntilTimeout  stm32f4xx_hal_i2c.o
    0x08003bd8   0x0000005c   Code   RO         4835    i.ICARO3_M1_v1_Compensateforsensormount_acc  icaro3_m1_v1.o
    0x08003c34   0x00000012   Code   RO         4836    i.ICARO3_M1_v1_MATLABFunctioncomputegyroxyz1  icaro3_m1_v1.o
    0x08003c46   0x00000008   Code   RO         4837    i.ICARO3_M1_v1_MATLABFunctioncomputegyroxyz1_e  icaro3_m1_v1.o
    0x08003c4e   0x0000002e   Code   RO         4838    i.ICARO3_M1_v1_MATLABFunctioncomputegyroxyz1_j  icaro3_m1_v1.o
    0x08003c7c   0x00000054   Code   RO         4839    i.ICARO3_M1_v1_MATLABFunctioncomputegyroxyz4  icaro3_m1_v1.o
    0x08003cd0   0x00000040   Code   RO         4840    i.ICARO3_M1_v1_SetEventsForThisBaseStep  icaro3_m1_v1.o
    0x08003d10   0x00000034   Code   RO         4843    i.ICARO3_M1_v1_clocklatch_m  icaro3_m1_v1.o
    0x08003d44   0x00000258   Code   RO         4845    i.ICARO3_M1_v1_initialize  icaro3_m1_v1.o
    0x08003f9c   0x00000024   Code   RO         4846    i.ICARO3_M1_v1_step  icaro3_m1_v1.o
    0x08003fc0   0x0000044e   Code   RO         4847    i.ICARO3_M1_v1_step0  icaro3_m1_v1.o
    0x0800440e   0x00000002   PAD
    0x08004410   0x00001424   Code   RO         4848    i.ICARO3_M1_v1_step1  icaro3_m1_v1.o
    0x08005834   0x0000140c   Code   RO         4849    i.ICARO3_M1_v1_step2  icaro3_m1_v1.o
    0x08006c40   0x00000330   Code   RO         4850    i.ICARO3_M1_v1_step3  icaro3_m1_v1.o
    0x08006f70   0x00000014   Code   RO         4851    i.ICARO3_M1_v1_step4  icaro3_m1_v1.o
    0x08006f84   0x00000048   Code   RO         2781    i.ITG3200_Init      stm32f4_i2c1_sensors.o
    0x08006fcc   0x000000ac   Code   RO         2782    i.MPU9150_Init      stm32f4_i2c1_sensors.o
    0x08007078   0x00000020   Code   RO         1516    i.NVIC_SetPriority  stm32f4xx_hal_cortex.o
    0x08007098   0x0000003c   Code   RO         5508    i.SetLed            stm32f4_custom_usart.o
    0x080070d4   0x00000020   Code   RO         4800    i.Statistics_i2c_telemetry_deserialize  packet_statistics_i2c_telemetry.o
    0x080070f4   0x00000002   Code   RO         4801    i.Statistics_i2c_telemetry_reset  packet_statistics_i2c_telemetry.o
    0x080070f6   0x00000002   PAD
    0x080070f8   0x00000028   Code   RO         4802    i.Statistics_i2c_telemetry_serialize  packet_statistics_i2c_telemetry.o
    0x08007120   0x00000024   Code   RO         4559    i.Statistics_telemetry_deserialize  packet_statistics_telemetry.o
    0x08007144   0x00000002   Code   RO         4560    i.Statistics_telemetry_reset  packet_statistics_telemetry.o
    0x08007146   0x00000002   PAD
    0x08007148   0x0000002c   Code   RO         4561    i.Statistics_telemetry_serialize  packet_statistics_telemetry.o
    0x08007174   0x0000000e   Code   RO         1433    i.SysTick_Handler   stm32f4xx_it.o
    0x08007182   0x00000002   PAD
    0x08007184   0x0000008c   Code   RO         1193    i.SystemClock_Config  main.o
    0x08007210   0x00000054   Code   RO         2471    i.SystemInit        system_stm32f4xx.o
    0x08007264   0x0000000c   Code   RO         6681    i.TIM3_IRQHandler   wrap_pwm_capture.o
    0x08007270   0x000000c0   Code   RO         3273    i.TIM_Base_SetConfig  stm32f4xx_hal_tim.o
    0x08007330   0x00000016   Code   RO         3274    i.TIM_CCxChannelCmd  stm32f4xx_hal_tim.o
    0x08007346   0x00000014   Code   RO         3280    i.TIM_ETR_SetConfig  stm32f4xx_hal_tim.o
    0x0800735a   0x00000002   PAD
    0x0800735c   0x00000084   Code   RO         6682    i.TIM_IC_Config     wrap_pwm_capture.o
    0x080073e0   0x00000058   Code   RO         3282    i.TIM_OC1_SetConfig  stm32f4xx_hal_tim.o
    0x08007438   0x00000064   Code   RO         3283    i.TIM_OC2_SetConfig  stm32f4xx_hal_tim.o
    0x0800749c   0x00000060   Code   RO         3284    i.TIM_OC3_SetConfig  stm32f4xx_hal_tim.o
    0x080074fc   0x00000050   Code   RO         3285    i.TIM_OC4_SetConfig  stm32f4xx_hal_tim.o
    0x0800754c   0x0000007c   Code   RO         3286    i.TIM_SlaveTimer_SetConfig  stm32f4xx_hal_tim.o
    0x080075c8   0x00000022   Code   RO         3287    i.TIM_TI1_ConfigInputStage  stm32f4xx_hal_tim.o
    0x080075ea   0x00000002   PAD
    0x080075ec   0x00000084   Code   RO         3288    i.TIM_TI1_SetConfig  stm32f4xx_hal_tim.o
    0x08007670   0x00000024   Code   RO         3289    i.TIM_TI2_ConfigInputStage  stm32f4xx_hal_tim.o
    0x08007694   0x00000036   Code   RO         3290    i.TIM_TI2_SetConfig  stm32f4xx_hal_tim.o
    0x080076ca   0x00000002   PAD
    0x080076cc   0x00000094   Code   RO         5509    i.UART4_IRQHandler  stm32f4_custom_usart.o
    0x08007760   0x00000094   Code   RO         5510    i.UART5_IRQHandler  stm32f4_custom_usart.o
    0x080077f4   0x00000178   Code   RO         4070    i.UART_SetConfig    stm32f4xx_hal_uart.o
    0x0800796c   0x000000f0   Code   RO         5511    i.USART2_IRQHandler  stm32f4_custom_usart.o
    0x08007a5c   0x000000d8   Code   RO         5512    i.USART2_Init       stm32f4_custom_usart.o
    0x08007b34   0x0000000c   Code   RO         5513    i.USART2_Receive    stm32f4_custom_usart.o
    0x08007b40   0x00000028   Code   RO         5514    i.USART2_Send       stm32f4_custom_usart.o
    0x08007b68   0x00000094   Code   RO         5515    i.USART3_IRQHandler  stm32f4_custom_usart.o
    0x08007bfc   0x000000d8   Code   RO         5516    i.USART3_Init       stm32f4_custom_usart.o
    0x08007cd4   0x0000000c   Code   RO         5517    i.USART3_Receive    stm32f4_custom_usart.o
    0x08007ce0   0x00000028   Code   RO         5518    i.USART3_Send       stm32f4_custom_usart.o
    0x08007d08   0x000000dc   Code   RO         5519    i.USART4_Init       stm32f4_custom_usart.o
    0x08007de4   0x0000000c   Code   RO         5520    i.USART4_Receive    stm32f4_custom_usart.o
    0x08007df0   0x000000ec   Code   RO         5522    i.USART5_Init       stm32f4_custom_usart.o
    0x08007edc   0x00000020   Code   RO         7153    i.__0printf         mc_w.l(printfa.o)
    0x08007efc   0x00000028   Code   RO         7155    i.__0sprintf        mc_w.l(printfa.o)
    0x08007f24   0x00000030   Code   RO         7250    i.__ARM_fpclassify  m_wm.l(fpclassify.o)
    0x08007f54   0x00000004   PAD
    0x08007f58   0x000002d8   Code   RO         6802    i.__hardfp_atan     m_wm.l(atan.o)
    0x08008230   0x000001f0   Code   RO         6816    i.__hardfp_atan2    m_wm.l(atan2.o)
    0x08008420   0x00000118   Code   RO         6828    i.__hardfp_ceil     m_wm.l(ceil.o)
    0x08008538   0x000000c8   Code   RO         6834    i.__hardfp_cos      m_wm.l(cos.o)
    0x08008600   0x00000014   Code   RO         6846    i.__hardfp_fabs     m_wm.l(fabs.o)
    0x08008614   0x00000004   PAD
    0x08008618   0x00000118   Code   RO         6852    i.__hardfp_floor    m_wm.l(floor.o)
    0x08008730   0x00000104   Code   RO         6858    i.__hardfp_fmod     m_wm.l(fmod.o)
    0x08008834   0x00000004   PAD
    0x08008838   0x00000c38   Code   RO         6870    i.__hardfp_pow      m_wm.l(pow.o)
    0x08009470   0x000000c8   Code   RO         6884    i.__hardfp_sin      m_wm.l(sin.o)
    0x08009538   0x0000007a   Code   RO         6896    i.__hardfp_sqrt     m_wm.l(sqrt.o)
    0x080095b2   0x00000006   PAD
    0x080095b8   0x00000438   Code   RO         7255    i.__ieee754_rem_pio2  m_wm.l(rred.o)
    0x080099f0   0x00000170   Code   RO         7233    i.__kernel_cos      m_wm.l(cos_i.o)
    0x08009b60   0x000000f8   Code   RO         7252    i.__kernel_poly     m_wm.l(poly.o)
    0x08009c58   0x00000130   Code   RO         7260    i.__kernel_sin      m_wm.l(sin_i.o)
    0x08009d88   0x00000030   Code   RO         7236    i.__mathlib_dbl_divzero  m_wm.l(dunder.o)
    0x08009db8   0x00000014   Code   RO         7237    i.__mathlib_dbl_infnan  m_wm.l(dunder.o)
    0x08009dcc   0x00000014   Code   RO         7238    i.__mathlib_dbl_infnan2  m_wm.l(dunder.o)
    0x08009de0   0x00000020   Code   RO         7239    i.__mathlib_dbl_invalid  m_wm.l(dunder.o)
    0x08009e00   0x00000020   Code   RO         7240    i.__mathlib_dbl_overflow  m_wm.l(dunder.o)
    0x08009e20   0x00000020   Code   RO         7242    i.__mathlib_dbl_underflow  m_wm.l(dunder.o)
    0x08009e40   0x0000000e   Code   RO         7320    i.__scatterload_copy  mc_w.l(handlers.o)
    0x08009e4e   0x00000002   Code   RO         7321    i.__scatterload_null  mc_w.l(handlers.o)
    0x08009e50   0x0000000e   Code   RO         7322    i.__scatterload_zeroinit  mc_w.l(handlers.o)
    0x08009e5e   0x00000002   PAD
    0x08009e60   0x0000000c   Code   RO         7296    i.__set_errno       mc_w.l(errno.o)
    0x08009e6c   0x00000164   Code   RO         7160    i._fp_digits        mc_w.l(printfa.o)
    0x08009fd0   0x0000008c   Code   RO         4650    i._pm_process_byte  packet_manager.o
    0x0800a05c   0x000000b8   Code   RO         4651    i._pm_send_byte     packet_manager.o
    0x0800a114   0x000006dc   Code   RO         7161    i._printf_core      mc_w.l(printfa.o)
    0x0800a7f0   0x00000024   Code   RO         7162    i._printf_post_padding  mc_w.l(printfa.o)
    0x0800a814   0x0000002e   Code   RO         7163    i._printf_pre_padding  mc_w.l(printfa.o)
    0x0800a842   0x0000000a   Code   RO         7165    i._sputc            mc_w.l(printfa.o)
    0x0800a84c   0x00000016   Code   RO         6732    i.assembleUInt32    wrap_arduinoparser.o
    0x0800a862   0x00000010   Code   RO         6804    i.atan              m_wm.l(atan.o)
    0x0800a872   0x00000002   PAD
    0x0800a874   0x00000020   Code   RO         6331    i.attitude_deserialize  packet_attitude.o
    0x0800a894   0x00000002   Code   RO         6332    i.attitude_reset    packet_attitude.o
    0x0800a896   0x00000002   PAD
    0x0800a898   0x00000028   Code   RO         6333    i.attitude_serialize  packet_attitude.o
    0x0800a8c0   0x00000088   Code   RO         1194    i.baseRateTask      main.o
    0x0800a948   0x00000024   Code   RO         4994    i.bs_telemetry_deserialize  packet_bs_telemetry.o
    0x0800a96c   0x00000002   Code   RO         4995    i.bs_telemetry_reset  packet_bs_telemetry.o
    0x0800a96e   0x00000002   PAD
    0x0800a970   0x0000002c   Code   RO         4996    i.bs_telemetry_serialize  packet_bs_telemetry.o
    0x0800a99c   0x00000024   Code   RO         5229    i.car_telemetry_deserialize  packet_car_telemetry.o
    0x0800a9c0   0x00000002   Code   RO         5230    i.car_telemetry_reset  packet_car_telemetry.o
    0x0800a9c2   0x00000002   PAD
    0x0800a9c4   0x0000002c   Code   RO         5231    i.car_telemetry_serialize  packet_car_telemetry.o
    0x0800a9f0   0x0000003c   Code   RO         3113    i.command_deserialize  packet_command.o
    0x0800aa2c   0x00000002   Code   RO         3114    i.command_reset     packet_command.o
    0x0800aa2e   0x00000002   PAD
    0x0800aa30   0x00000028   Code   RO         3115    i.command_serialize  packet_command.o
    0x0800aa58   0x00000020   Code   RO         4767    i.command_tel_deserialize  packet_command_tel.o
    0x0800aa78   0x00000002   Code   RO         4768    i.command_tel_reset  packet_command_tel.o
    0x0800aa7a   0x00000002   PAD
    0x0800aa7c   0x00000028   Code   RO         4769    i.command_tel_serialize  packet_command_tel.o
    0x0800aaa4   0x00000024   Code   RO         5297    i.debug_6_floats_deserialize  packet_debug_6_floats.o
    0x0800aac8   0x00000002   Code   RO         5298    i.debug_6_floats_reset  packet_debug_6_floats.o
    0x0800aaca   0x00000002   PAD
    0x0800aacc   0x0000002c   Code   RO         5299    i.debug_6_floats_serialize  packet_debug_6_floats.o
    0x0800aaf8   0x00000002   Code   RO         3877    i.err_d             wrap_recv_from_bs.o
    0x0800aafa   0x00000002   Code   RO         3878    i.err_s             wrap_recv_from_bs.o
    0x0800aafc   0x00000018   Code   RO         6848    i.fabs              m_wm.l(fabs.o)
    0x0800ab14   0x00000028   Code   RO         4652    i.find_packet_idx_from_id  packet_manager.o
    0x0800ab3c   0x00000012   Code   RO         7280    i.fputc             mc_w.l(fputc.o)
    0x0800ab4e   0x00000002   PAD
    0x0800ab50   0x00000020   Code   RO         5873    i.fuzzyGuidanceEnable_deserialize  packet_fuzzyguidance.o
    0x0800ab70   0x00000002   Code   RO         5874    i.fuzzyGuidanceEnable_reset  packet_fuzzyguidance.o
    0x0800ab72   0x00000002   PAD
    0x0800ab74   0x00000028   Code   RO         5875    i.fuzzyGuidanceEnable_serialize  packet_fuzzyguidance.o
    0x0800ab9c   0x00000024   Code   RO         5877    i.fuzzyGuidance_deserialize  packet_fuzzyguidance.o
    0x0800abc0   0x00000002   Code   RO         5878    i.fuzzyGuidance_reset  packet_fuzzyguidance.o
    0x0800abc2   0x00000002   PAD
    0x0800abc4   0x0000002c   Code   RO         5879    i.fuzzyGuidance_serialize  packet_fuzzyguidance.o
    0x0800abf0   0x00000024   Code   RO         5331    i.gps_deserialize   packet_gps.o
    0x0800ac14   0x00000002   Code   RO         5332    i.gps_reset         packet_gps.o
    0x0800ac16   0x00000002   PAD
    0x0800ac18   0x0000002c   Code   RO         5333    i.gps_serialize     packet_gps.o
    0x0800ac44   0x00000020   Code   RO         5335    i.gps_status_deserialize  packet_gps.o
    0x0800ac64   0x00000002   Code   RO         5336    i.gps_status_reset  packet_gps.o
    0x0800ac66   0x00000002   PAD
    0x0800ac68   0x00000028   Code   RO         5337    i.gps_status_serialize  packet_gps.o
    0x0800ac90   0x00000024   Code   RO         2735    i.gps_time_deserialize  packet_gps_time.o
    0x0800acb4   0x00000002   Code   RO         2736    i.gps_time_reset    packet_gps_time.o
    0x0800acb6   0x00000002   PAD
    0x0800acb8   0x0000002c   Code   RO         2737    i.gps_time_serialize  packet_gps_time.o
    0x0800ace4   0x00000040   Code   RO         4653    i.header_seq_recognizer  packet_manager.o
    0x0800ad24   0x0000000c   Code   RO          511    i.inHandlerMode     cmsis_os.o
    0x0800ad30   0x000000ec   Code   RO         1196    i.main              main.o
    0x0800ae1c   0x000000d8   Code   RO         2506    i.mw_RTOSInit       cmsis_rtos_init.o
    0x0800aef4   0x00000014   Code   RO         2554    i.mw_osSemaphoreCreate  mw_semaphore.o
    0x0800af08   0x00000006   Code   RO         2555    i.mw_osSemaphoreDelete  mw_semaphore.o
    0x0800af0e   0x00000006   Code   RO         2556    i.mw_osSemaphoreRelease  mw_semaphore.o
    0x0800af14   0x0000000a   Code   RO         2558    i.mw_osSemaphoreWaitEver  mw_semaphore.o
    0x0800af1e   0x00000002   PAD
    0x0800af20   0x00000038   Code   RO         2602    i.mw_osThreadCreate  mw_thread.o
    0x0800af58   0x0000000e   Code   RO         2603    i.mw_osThreadExit   mw_thread.o
    0x0800af66   0x00000004   Code   RO         2606    i.mw_osThreadJoin   mw_thread.o
    0x0800af6a   0x00000018   Code   RO         2659    i.mw_osTimerCreate  mw_timer.o
    0x0800af82   0x00000006   Code   RO         2661    i.mw_osTimerStart   mw_timer.o
    0x0800af88   0x000001d8   Code   RO         3879    i.new_packet        wrap_recv_from_bs.o
    0x0800b160   0x0000000a   Code   RO          516    i.osKernelStart     cmsis_os.o
    0x0800b16a   0x0000002e   Code   RO          539    i.osSemaphoreCreate  cmsis_os.o
    0x0800b198   0x00000018   Code   RO          540    i.osSemaphoreDelete  cmsis_os.o
    0x0800b1b0   0x00000050   Code   RO          541    i.osSemaphoreRelease  cmsis_os.o
    0x0800b200   0x00000068   Code   RO          542    i.osSemaphoreWait   cmsis_os.o
    0x0800b268   0x00000014   Code   RO          545    i.osSystickHandler  cmsis_os.o
    0x0800b27c   0x00000032   Code   RO          546    i.osThreadCreate    cmsis_os.o
    0x0800b2ae   0x00000004   Code   RO          547    i.osThreadGetId     cmsis_os.o
    0x0800b2b2   0x0000000a   Code   RO          555    i.osThreadTerminate  cmsis_os.o
    0x0800b2bc   0x00000024   Code   RO          557    i.osTimerCreate     cmsis_os.o
    0x0800b2e0   0x000000bc   Code   RO          559    i.osTimerStart      cmsis_os.o
    0x0800b39c   0x00000174   Code   RO         5936    i.parseSentence     wrap_gpsparser_ublox.o
    0x0800b510   0x00000024   Code   RO         4357    i.pc_to_car_deserialize  packet_pc_to_car.o
    0x0800b534   0x00000002   Code   RO         4358    i.pc_to_car_reset   packet_pc_to_car.o
    0x0800b536   0x00000002   PAD
    0x0800b538   0x0000002c   Code   RO         4359    i.pc_to_car_serialize  packet_pc_to_car.o
    0x0800b564   0x0000002c   Code   RO         4654    i.pm_init           packet_manager.o
    0x0800b590   0x00000018   Code   RO         4739    i.pm_read_packet_car  packet_manager_c2k_car.o
    0x0800b5a8   0x00000020   Code   RO         4655    i.pm_register_packet  packet_manager.o
    0x0800b5c8   0x00000030   Code   RO         4740    i.pm_send_packet_car  packet_manager_c2k_car.o
    0x0800b5f8   0x00000034   Code   RO            1    i.prvAddCurrentTaskToDelayedList  tasks.o
    0x0800b62c   0x00000060   Code   RO         1103    i.prvCheckForValidListAndQueue  timers.o
    0x0800b68c   0x00000054   Code   RO            2    i.prvCheckTasksWaitingTermination  tasks.o
    0x0800b6e0   0x00000026   Code   RO          848    i.prvCopyDataFromQueue  queue.o
    0x0800b706   0x0000006e   Code   RO          849    i.prvCopyDataToQueue  queue.o
    0x0800b774   0x0000004c   Code   RO          453    i.prvHeapInit       heap_4.o
    0x0800b7c0   0x00000028   Code   RO            3    i.prvIdleTask       tasks.o
    0x0800b7e8   0x0000004c   Code   RO          454    i.prvInsertBlockIntoFreeList  heap_4.o
    0x0800b834   0x00000038   Code   RO         1104    i.prvInsertTimerInActiveList  timers.o
    0x0800b86c   0x000000bc   Code   RO         1105    i.prvProcessReceivedCommands  timers.o
    0x0800b928   0x000000a8   Code   RO         1106    i.prvProcessTimerOrBlockTask  timers.o
    0x0800b9d0   0x00000020   Code   RO            5    i.prvResetNextTaskUnblockTime  tasks.o
    0x0800b9f0   0x00000028   Code   RO         1107    i.prvSampleTimeNow  timers.o
    0x0800ba18   0x0000006c   Code   RO         1108    i.prvSwitchTimerLists  timers.o
    0x0800ba84   0x00000014   Code   RO            6    i.prvTaskCheckFreeStackSpace  tasks.o
    0x0800ba98   0x00000028   Code   RO          340    i.prvTaskExitError  port.o
    0x0800bac0   0x00000024   Code   RO         1109    i.prvTimerTask      timers.o
    0x0800bae4   0x00000064   Code   RO          850    i.prvUnlockQueue    queue.o
    0x0800bb48   0x000000d8   Code   RO          455    i.pvPortMalloc      heap_4.o
    0x0800bc20   0x00000018   Code   RO            8    i.pvTaskIncrementMutexHeldCount  tasks.o
    0x0800bc38   0x00000028   Code   RO          341    i.pxPortInitialiseStack  port.o
    0x0800bc60   0x00000088   Code   RO         4852    i.rate_monotonic_scheduler  icaro3_m1_v1.o
    0x0800bce8   0x00000014   Code   RO         5430    i.rtGetInf          rtgetinf.o
    0x0800bcfc   0x0000000a   Code   RO         5431    i.rtGetInfF         rtgetinf.o
    0x0800bd06   0x00000002   PAD
    0x0800bd08   0x00000014   Code   RO         5432    i.rtGetMinusInf     rtgetinf.o
    0x0800bd1c   0x0000000c   Code   RO         5433    i.rtGetMinusInfF    rtgetinf.o
    0x0800bd28   0x00000014   Code   RO         4629    i.rtGetNaN          rtgetnan.o
    0x0800bd3c   0x0000000c   Code   RO         4630    i.rtGetNaNF         rtgetnan.o
    0x0800bd48   0x00000044   Code   RO         5388    i.rtIsInf           rt_nonfinite.o
    0x0800bd8c   0x0000002c   Code   RO         5389    i.rtIsInfF          rt_nonfinite.o
    0x0800bdb8   0x00000018   Code   RO         5390    i.rtIsNaN           rt_nonfinite.o
    0x0800bdd0   0x00000012   Code   RO         5391    i.rtIsNaNF          rt_nonfinite.o
    0x0800bde2   0x00000002   PAD
    0x0800bde4   0x0000003c   Code   RO         5392    i.rt_InitInfAndNaN  rt_nonfinite.o
    0x0800be20   0x00000118   Code   RO         4853    i.rt_atan2d_snf     icaro3_m1_v1.o
    0x0800bf38   0x000000e8   Code   RO         4854    i.rt_hypotd_snf     icaro3_m1_v1.o
    0x0800c020   0x0000014c   Code   RO         4855    i.rt_powf_snf       icaro3_m1_v1.o
    0x0800c16c   0x0000006c   Code   RO         4856    i.rt_roundf_snf     icaro3_m1_v1.o
    0x0800c1d8   0x0000000c   Code   RO         2509    i.schedulerTask     cmsis_rtos_init.o
    0x0800c1e4   0x0000006e   Code   RO         6898    i.sqrt              m_wm.l(sqrt.o)
    0x0800c252   0x00000002   PAD
    0x0800c254   0x00000024   Code   RO         5263    i.startstop_seeker_deserialize  packet_startstop_seeker.o
    0x0800c278   0x00000024   Code   RO         6474    i.startstop_seeker_init_deserialize  packet_startstop_seeker_init.o
    0x0800c29c   0x00000002   Code   RO         6475    i.startstop_seeker_init_reset  packet_startstop_seeker_init.o
    0x0800c29e   0x00000002   PAD
    0x0800c2a0   0x0000002c   Code   RO         6476    i.startstop_seeker_init_serialize  packet_startstop_seeker_init.o
    0x0800c2cc   0x00000002   Code   RO         5264    i.startstop_seeker_reset  packet_startstop_seeker.o
    0x0800c2ce   0x00000002   PAD
    0x0800c2d0   0x0000002c   Code   RO         5265    i.startstop_seeker_serialize  packet_startstop_seeker.o
    0x0800c2fc   0x00000024   Code   RO         4703    i.status_deserialize  packet_status.o
    0x0800c320   0x00000002   Code   RO         4704    i.status_reset      packet_status.o
    0x0800c322   0x00000002   PAD
    0x0800c324   0x0000002c   Code   RO         4705    i.status_serialize  packet_status.o
    0x0800c350   0x00000060   Code   RO         1197    i.subrateTask       main.o
    0x0800c3b0   0x00000024   Code   RO         5195    i.telemetry_LF_deserialize  packet_telemetry_lf.o
    0x0800c3d4   0x00000002   Code   RO         5196    i.telemetry_LF_reset  packet_telemetry_lf.o
    0x0800c3d6   0x00000002   PAD
    0x0800c3d8   0x0000002c   Code   RO         5197    i.telemetry_LF_serialize  packet_telemetry_lf.o
    0x0800c404   0x00000020   Code   RO         4391    i.telemetry_deserialize  packet_telemetry.o
    0x0800c424   0x00000002   Code   RO         4392    i.telemetry_reset   packet_telemetry.o
    0x0800c426   0x00000002   PAD
    0x0800c428   0x00000028   Code   RO         4393    i.telemetry_serialize  packet_telemetry.o
    0x0800c450   0x00000020   Code   RO         3149    i.telemetry_type_deserialize  packet_telemetry_type.o
    0x0800c470   0x00000002   Code   RO         3150    i.telemetry_type_reset  packet_telemetry_type.o
    0x0800c472   0x00000002   PAD
    0x0800c474   0x00000028   Code   RO         3151    i.telemetry_type_serialize  packet_telemetry_type.o
    0x0800c49c   0x00000084   Code   RO         1198    i.terminateTask     main.o
    0x0800c520   0x00000024   Code   RO          411    i.uxListRemove      list.o
    0x0800c544   0x00000010   Code   RO           11    i.uxTaskGetStackHighWaterMark  tasks.o
    0x0800c554   0x00000016   Code   RO          412    i.vListInitialise   list.o
    0x0800c56a   0x00000006   Code   RO          413    i.vListInitialiseItem  list.o
    0x0800c570   0x00000030   Code   RO          414    i.vListInsert       list.o
    0x0800c5a0   0x00000018   Code   RO          415    i.vListInsertEnd    list.o
    0x0800c5b8   0x00000040   Code   RO          343    i.vPortEnterCritical  port.o
    0x0800c5f8   0x00000028   Code   RO          344    i.vPortExitCritical  port.o
    0x0800c620   0x0000005c   Code   RO          456    i.vPortFree         heap_4.o
    0x0800c67c   0x00000020   Code   RO          345    i.vPortSetupTimerInterrupt  port.o
    0x0800c69c   0x00000054   Code   RO          346    i.vPortValidateInterruptPriority  port.o
    0x0800c6f0   0x00000028   Code   RO          856    i.vQueueAddToRegistry  queue.o
    0x0800c718   0x00000024   Code   RO          857    i.vQueueDelete      queue.o
    0x0800c73c   0x00000024   Code   RO          859    i.vQueueUnregisterQueue  queue.o
    0x0800c760   0x00000038   Code   RO          860    i.vQueueWaitForMessageRestricted  queue.o
    0x0800c798   0x000000a4   Code   RO           18    i.vTaskDelete       tasks.o
    0x0800c83c   0x0000000c   Code   RO           20    i.vTaskMissedYield  tasks.o
    0x0800c848   0x00000064   Code   RO           22    i.vTaskPlaceOnEventList  tasks.o
    0x0800c8ac   0x0000004c   Code   RO           23    i.vTaskPlaceOnEventListRestricted  tasks.o
    0x0800c8f8   0x00000084   Code   RO           25    i.vTaskPriorityInherit  tasks.o
    0x0800c97c   0x00000024   Code   RO           29    i.vTaskSetTimeOutState  tasks.o
    0x0800c9a0   0x00000068   Code   RO           30    i.vTaskStartScheduler  tasks.o
    0x0800ca08   0x00000010   Code   RO           32    i.vTaskSuspendAll   tasks.o
    0x0800ca18   0x0000005c   Code   RO           33    i.vTaskSwitchContext  tasks.o
    0x0800ca74   0x00000020   Code   RO         2908    i.waypoint_ack_deserialize  packet_waypoint.o
    0x0800ca94   0x00000020   Code   RO         2910    i.waypoint_ack_req_deserialize  packet_waypoint.o
    0x0800cab4   0x00000002   Code   RO         2911    i.waypoint_ack_req_reset  packet_waypoint.o
    0x0800cab6   0x00000002   PAD
    0x0800cab8   0x00000028   Code   RO         2912    i.waypoint_ack_req_serialize  packet_waypoint.o
    0x0800cae0   0x00000002   Code   RO         2913    i.waypoint_ack_reset  packet_waypoint.o
    0x0800cae2   0x00000002   PAD
    0x0800cae4   0x00000028   Code   RO         2914    i.waypoint_ack_serialize  packet_waypoint.o
    0x0800cb0c   0x00000020   Code   RO         2917    i.waypoint_cmd_deserialize  packet_waypoint.o
    0x0800cb2c   0x00000002   Code   RO         2918    i.waypoint_cmd_reset  packet_waypoint.o
    0x0800cb2e   0x00000002   PAD
    0x0800cb30   0x00000028   Code   RO         2919    i.waypoint_cmd_serialize  packet_waypoint.o
    0x0800cb58   0x00000024   Code   RO         2920    i.waypoint_deserialize  packet_waypoint.o
    0x0800cb7c   0x00000024   Code   RO         2922    i.waypoint_ext_deserialize  packet_waypoint.o
    0x0800cba0   0x00000024   Code   RO         2924    i.waypoint_ext_rcv_deserialize  packet_waypoint.o
    0x0800cbc4   0x00000002   Code   RO         2925    i.waypoint_ext_rcv_reset  packet_waypoint.o
    0x0800cbc6   0x00000002   PAD
    0x0800cbc8   0x0000002c   Code   RO         2926    i.waypoint_ext_rcv_serialize  packet_waypoint.o
    0x0800cbf4   0x00000002   Code   RO         2927    i.waypoint_ext_reset  packet_waypoint.o
    0x0800cbf6   0x00000002   PAD
    0x0800cbf8   0x0000002c   Code   RO         2928    i.waypoint_ext_serialize  packet_waypoint.o
    0x0800cc24   0x00000002   Code   RO         2929    i.waypoint_reset    packet_waypoint.o
    0x0800cc26   0x00000002   PAD
    0x0800cc28   0x0000002c   Code   RO         2930    i.waypoint_serialize  packet_waypoint.o
    0x0800cc54   0x00000034   Code   RO         3957    i.wrap_ADC_Receive_output_fcn  wrap_adc_receive.o
    0x0800cc88   0x00000028   Code   RO         3958    i.wrap_ADC_Receive_start_fcn  wrap_adc_receive.o
    0x0800ccb0   0x000000cc   Code   RO         5464    i.wrap_CAN_Receive_output_fcn  wrap_can_receive.o
    0x0800cd7c   0x00000064   Code   RO         5465    i.wrap_CAN_Receive_start_fcn  wrap_can_receive.o
    0x0800cde0   0x00000068   Code   RO         6421    i.wrap_CAN_Transmit_output_fcn  wrap_can_transmit.o
    0x0800ce48   0x00000002   Code   RO         6422    i.wrap_CAN_Transmit_start_fcn  wrap_can_transmit.o
    0x0800ce4a   0x00000002   PAD
    0x0800ce4c   0x0000029c   Code   RO         3818    i.wrap_I2C1_sensors_loop_output_fcn  wrap_i2c1_sensors_loop.o
    0x0800d0e8   0x00000088   Code   RO         3819    i.wrap_I2C1_sensors_loop_start_fcn  wrap_i2c1_sensors_loop.o
    0x0800d170   0x00000024   Code   RO         6683    i.wrap_PWM_output_fcn  wrap_pwm_capture.o
    0x0800d194   0x000000e0   Code   RO         4426    i.wrap_PWM_servomotor_output_fcn  wrap_pwm_servomotor.o
    0x0800d274   0x00000198   Code   RO         4427    i.wrap_PWM_servomotor_start_fcn  wrap_pwm_servomotor.o
    0x0800d40c   0x000000f0   Code   RO         6684    i.wrap_PWM_start_fcn  wrap_pwm_capture.o
    0x0800d4fc   0x00000004   Code   RO         6309    i.wrap_USART2_Init_start_fcn  wrap_usart2_init.o
    0x0800d500   0x00000004   Code   RO         3853    i.wrap_USART3_Init_start_fcn  wrap_usart3_init.o
    0x0800d504   0x00000004   Code   RO         4011    i.wrap_USART4_Init_start_fcn  wrap_usart4_init.o
    0x0800d508   0x00000004   Code   RO         6369    i.wrap_USART5_Init_start_fcn  wrap_usart5_init.o
    0x0800d50c   0x000000a0   Code   RO         6733    i.wrap_arduinoparser_output_fcn  wrap_arduinoparser.o
    0x0800d5ac   0x00000020   Code   RO         6734    i.wrap_arduinoparser_start_fcn  wrap_arduinoparser.o
    0x0800d5cc   0x00000104   Code   RO         5937    i.wrap_gpsparser_UBLOX_output_fcn  wrap_gpsparser_ublox.o
    0x0800d6d0   0x00000018   Code   RO         5938    i.wrap_gpsparser_UBLOX_start_fcn  wrap_gpsparser_ublox.o
    0x0800d6e8   0x00000002   Code   RO         4272    i.wrap_pm_init_car_output_fcn  wrap_pm_init_car.o
    0x0800d6ea   0x00000002   PAD
    0x0800d6ec   0x0000028c   Code   RO         4273    i.wrap_pm_init_car_start_fcn  wrap_pm_init_car.o
    0x0800d978   0x00000028   Code   RO         3880    i.wrap_recv_from_bs_output_fcn  wrap_recv_from_bs.o
    0x0800d9a0   0x0000007c   Code   RO         3881    i.wrap_recv_from_bs_start_fcn  wrap_recv_from_bs.o
    0x0800da1c   0x0000007c   Code   RO         6772    i.wrap_save_to_datalogger_output_fcn  wrap_save_to_datalogger.o
    0x0800da98   0x0000002c   Code   RO         6773    i.wrap_save_to_datalogger_start_fcn  wrap_save_to_datalogger.o
    0x0800dac4   0x00000154   Code   RO         6275    i.wrap_send_to_bs_output_fcn  wrap_send_to_bs.o
    0x0800dc18   0x00000002   Code   RO         6276    i.wrap_send_to_bs_start_fcn  wrap_send_to_bs.o
    0x0800dc1a   0x00000002   PAD
    0x0800dc1c   0x0000000c   Code   RO          458    i.xPortGetFreeHeapSize  heap_4.o
    0x0800dc28   0x000000e0   Code   RO          347    i.xPortStartScheduler  port.o
    0x0800dd08   0x0000002c   Code   RO          348    i.xPortSysTickHandler  port.o
    0x0800dd34   0x00000048   Code   RO          861    i.xQueueCreateCountingSemaphore  queue.o
    0x0800dd7c   0x00000064   Code   RO          863    i.xQueueGenericCreate  queue.o
    0x0800dde0   0x0000016c   Code   RO          864    i.xQueueGenericReceive  queue.o
    0x0800df4c   0x00000084   Code   RO          865    i.xQueueGenericReset  queue.o
    0x0800dfd0   0x00000160   Code   RO          866    i.xQueueGenericSend  queue.o
    0x0800e130   0x000000b6   Code   RO          867    i.xQueueGenericSendFromISR  queue.o
    0x0800e1e6   0x0000009c   Code   RO          868    i.xQueueGiveFromISR  queue.o
    0x0800e282   0x0000008e   Code   RO          873    i.xQueueReceiveFromISR  queue.o
    0x0800e310   0x0000006c   Code   RO           34    i.xTaskCheckForTimeOut  tasks.o
    0x0800e37c   0x000001bc   Code   RO           35    i.xTaskGenericCreate  tasks.o
    0x0800e538   0x0000000c   Code   RO           37    i.xTaskGetCurrentTaskHandle  tasks.o
    0x0800e544   0x0000001c   Code   RO           38    i.xTaskGetSchedulerState  tasks.o
    0x0800e560   0x0000000c   Code   RO           39    i.xTaskGetTickCount  tasks.o
    0x0800e56c   0x00000010   Code   RO           40    i.xTaskGetTickCountFromISR  tasks.o
    0x0800e57c   0x000000cc   Code   RO           41    i.xTaskIncrementTick  tasks.o
    0x0800e648   0x00000098   Code   RO           44    i.xTaskPriorityDisinherit  tasks.o
    0x0800e6e0   0x00000078   Code   RO           45    i.xTaskRemoveFromEventList  tasks.o
    0x0800e758   0x000000c4   Code   RO           47    i.xTaskResumeAll    tasks.o
    0x0800e81c   0x00000048   Code   RO         1112    i.xTimerCreate      timers.o
    0x0800e864   0x00000050   Code   RO         1113    i.xTimerCreateTimerTask  timers.o
    0x0800e8b4   0x00000048   Code   RO         1114    i.xTimerGenericCommand  timers.o
    0x0800e8fc   0x0000001a   Code   RO         1115    i.xTimerIsTimerActive  timers.o
    0x0800e916   0x00000008   Data   RO         2155    .constdata          stm32f4xx_hal_dma.o
    0x0800e91e   0x00000010   Data   RO         2313    .constdata          stm32f4xx_hal_rcc.o
    0x0800e92e   0x00000002   PAD
    0x0800e930   0x0000005e   Data   RO         4859    .constdata          icaro3_m1_v1.o
    0x0800e98e   0x00000002   PAD
    0x0800e990   0x00000098   Data   RO         6805    .constdata          m_wm.l(atan.o)
    0x0800ea28   0x00000088   Data   RO         6873    .constdata          m_wm.l(pow.o)
    0x0800eab0   0x00000030   Data   RO         7234    .constdata          m_wm.l(cos_i.o)
    0x0800eae0   0x00000008   Data   RO         7254    .constdata          m_wm.l(qnan.o)
    0x0800eae8   0x000000c8   Data   RO         7257    .constdata          m_wm.l(rred.o)
    0x0800ebb0   0x00000028   Data   RO         7261    .constdata          m_wm.l(sin_i.o)
    0x0800ebd8   0x00000020   Data   RO         7318    Region$$Table       anon$$obj.o


    Execution Region RW_IRAM1 (Base: 0x20000000, Size: 0x000163a0, Max: 0x00020000, ABSOLUTE, COMPRESSED[0x00000160])

    Base Addr    Size         Type   Attr      Idx    E Section Name        Object

    0x20000000   0x00000038   Data   RW           50    .data               tasks.o
    0x20000038   0x0000000c   Data   RW          349    .data               port.o
    0x20000044   0x00000018   Data   RW          461    .data               heap_4.o
    0x2000005c   0x00000010   Data   RW         1117    .data               timers.o
    0x2000006c   0x00000044   Data   RW         1203    .data               main.o
    0x200000b0   0x00000004   Data   RW         1685    .data               stm32f4xx_hal.o
    0x200000b4   0x00000004   Data   RW         2473    .data               system_stm32f4xx.o
    0x200000b8   0x00000002   Data   RW         2610    .data               mw_thread.o
    0x200000ba   0x00000002   PAD
    0x200000bc   0x00000008   Data   RW         2739    .data               packet_gps_time.o
    0x200000c4   0x00000026   Data   RW         2784    .data               stm32f4_i2c1_sensors.o
    0x200000ea   0x00000002   PAD
    0x200000ec   0x00000014   Data   RW         2850    .data               stm32f4_i2c1_peripheral.o
    0x20000100   0x00000038   Data   RW         2932    .data               packet_waypoint.o
    0x20000138   0x0000000c   Data   RW         3116    .data               packet_command.o
    0x20000144   0x0000000c   Data   RW         3152    .data               packet_telemetry_type.o
    0x20000150   0x00000016   Data   RW         3820    .data               wrap_i2c1_sensors_loop.o
    0x20000166   0x00000002   PAD
    0x20000168   0x00000040   Data   RW         3882    .data               wrap_recv_from_bs.o
    0x200001a8   0x00000001   Data   RW         3960    .data               wrap_adc_receive.o
    0x200001a9   0x00000003   PAD
    0x200001ac   0x00000008   Data   RW         4361    .data               packet_pc_to_car.o
    0x200001b4   0x0000000e   Data   RW         4394    .data               packet_telemetry.o
    0x200001c2   0x00000002   PAD
    0x200001c4   0x00000008   Data   RW         4563    .data               packet_statistics_telemetry.o
    0x200001cc   0x00000020   Data   RW         4658    .data               packet_manager.o
    0x200001ec   0x00000008   Data   RW         4707    .data               packet_status.o
    0x200001f4   0x0000000c   Data   RW         4770    .data               packet_command_tel.o
    0x20000200   0x0000000f   Data   RW         4803    .data               packet_statistics_i2c_telemetry.o
    0x2000020f   0x00000001   PAD
    0x20000210   0x00000008   Data   RW         4998    .data               packet_bs_telemetry.o
    0x20000218   0x00000008   Data   RW         5199    .data               packet_telemetry_lf.o
    0x20000220   0x00000008   Data   RW         5233    .data               packet_car_telemetry.o
    0x20000228   0x00000008   Data   RW         5267    .data               packet_startstop_seeker.o
    0x20000230   0x00000008   Data   RW         5301    .data               packet_debug_6_floats.o
    0x20000238   0x00000014   Data   RW         5339    .data               packet_gps.o
    0x2000024c   0x00000004   PAD
    0x20000250   0x00000028   Data   RW         5393    .data               rt_nonfinite.o
    0x20000278   0x00000010   Data   RW         5467    .data               wrap_can_receive.o
    0x20000288   0x00000014   Data   RW         5881    .data               packet_fuzzyguidance.o
    0x2000029c   0x00000004   PAD
    0x200002a0   0x00000040   Data   RW         5942    .data               wrap_gpsparser_ublox.o
    0x200002e0   0x0000000e   Data   RW         6334    .data               packet_attitude.o
    0x200002ee   0x00000002   PAD
    0x200002f0   0x000003c8   Data   RW         6393    .data               icaro3_m1_v1_data.o
    0x200006b8   0x00000008   Data   RW         6478    .data               packet_startstop_seeker_init.o
    0x200006c0   0x00000028   Data   RW         6686    .data               wrap_pwm_capture.o
    0x200006e8   0x00000008   Data   RW         6736    .data               wrap_arduinoparser.o
    0x200006f0   0x00000004   Data   RW         6913    .data               mc_w.l(stdout.o)
    0x200006f4   0x00000004   Data   RW         7297    .data               mc_w.l(errno.o)
    0x200006f8   0x000002e4   Zero   RW           49    .bss                tasks.o
    0x200009dc   0x00003c00   Zero   RW          460    .bss                heap_4.o
    0x200045dc   0x00000040   Zero   RW          875    .bss                queue.o
    0x2000461c   0x00000028   Zero   RW         1116    .bss                timers.o
    0x20004644   0x000000e0   Zero   RW         1199    .bss                main.o
    0x20004724   0x00000014   Zero   RW         1200    .bss                main.o
    0x20004738   0x00000018   Zero   RW         1202    .bss                main.o
    0x20004750   0x0000001c   Zero   RW         2510    .bss                cmsis_rtos_init.o
    0x2000476c   0x00000020   Zero   RW         2738    .bss                packet_gps_time.o
    0x2000478c   0x0000000e   Zero   RW         2783    .bss                stm32f4_i2c1_sensors.o
    0x2000479a   0x00000002   PAD
    0x2000479c   0x0000003c   Zero   RW         2849    .bss                stm32f4_i2c1_peripheral.o
    0x200047d8   0x00000034   Zero   RW         2931    .bss                packet_waypoint.o
    0x2000480c   0x000000ac   Zero   RW         3959    .bss                wrap_adc_receive.o
    0x200048b8   0x00000028   Zero   RW         4360    .bss                packet_pc_to_car.o
    0x200048e0   0x00000009   Zero   RW         4562    .bss                packet_statistics_telemetry.o
    0x200048e9   0x00000003   PAD
    0x200048ec   0x000001e4   Zero   RW         4657    .bss                packet_manager.o
    0x20004ad0   0x0000000c   Zero   RW         4706    .bss                packet_status.o
    0x20004adc   0x00000004   PAD
    0x20004ae0   0x00000c48   Zero   RW         4857    .bss                icaro3_m1_v1.o
    0x20005728   0x0000001c   Zero   RW         4858    .bss                icaro3_m1_v1.o
    0x20005744   0x00000068   Zero   RW         4997    .bss                packet_bs_telemetry.o
    0x200057ac   0x0000000f   Zero   RW         5198    .bss                packet_telemetry_lf.o
    0x200057bb   0x00000001   PAD
    0x200057bc   0x00000044   Zero   RW         5232    .bss                packet_car_telemetry.o
    0x20005800   0x0000001c   Zero   RW         5266    .bss                packet_startstop_seeker.o
    0x2000581c   0x00000018   Zero   RW         5300    .bss                packet_debug_6_floats.o
    0x20005834   0x0000000c   Zero   RW         5338    .bss                packet_gps.o
    0x20005840   0x00000150   Zero   RW         5466    .bss                wrap_can_receive.o
    0x20005990   0x0000099c   Zero   RW         5525    .bss                stm32f4_custom_usart.o
    0x2000632c   0x0000000c   Zero   RW         5880    .bss                packet_fuzzyguidance.o
    0x20006338   0x000000dc   Zero   RW         5940    .bss                wrap_gpsparser_ublox.o
    0x20006414   0x0000001c   Zero   RW         6477    .bss                packet_startstop_seeker_init.o
    0x20006430   0x00000060   Zero   RW         6685    .bss                wrap_pwm_capture.o
    0x20006490   0x0000000f   Zero   RW         6735    .bss                wrap_arduinoparser.o
    0x2000649f   0x00000001   PAD
    0x200064a0   0x0000ff00   Zero   RW         1490    STACK               startup_stm32f407xx.o


==============================================================================

Image component sizes


      Code (inc. data)   RO Data    RW Data    ZI Data      Debug   Object Name

       120          0          0          0          0       2739   circular_buffer.o
       584         22          0          0          0      24696   cmsis_os.o
       228         48          0          0         28       2531   cmsis_rtos_init.o
         0          0          0          0          0       2808   croutine.o
       472         30          0         24      15360      10302   heap_4.o
     14314        612         94          0       3172      35123   icaro3_m1_v1.o
         0          0          0        968          0      14636   icaro3_m1_v1_data.o
       136          0          0          0          0       8526   list.o
       740        106          0         68        268     394111   main.o
        42          0          0          0          0       8083   mw_semaphore.o
        74          4          0          2          0       2509   mw_thread.o
        30          0          0          0          0       1561   mw_timer.o
        74          8          0         14          0       2445   packet_attitude.o
        82         20          0          8        104       2097   packet_bs_telemetry.o
        82         20          0          8         68       2113   packet_car_telemetry.o
       102         10          0         12          0       2489   packet_command.o
        74          8          0         12          0       2053   packet_command_tel.o
        82         20          0          8         24       2125   packet_debug_6_floats.o
       156         32          0         20         12       4584   packet_fuzzyguidance.o
       156         28          0         20         12       3764   packet_gps.o
        82         20          0          8         32       3121   packet_gps_time.o
       504         38          0         32        484       5587   packet_manager.o
        72          0          0          0          0       1270   packet_manager_c2k_car.o
        82         20          0          8         40       2053   packet_pc_to_car.o
        82         20          0          8         28       2157   packet_startstop_seeker.o
        82         20          0          8         28       2233   packet_startstop_seeker_init.o
        74          8          0         15          0       2253   packet_statistics_i2c_telemetry.o
        82         20          0          8          9       2193   packet_statistics_telemetry.o
        82         20          0          8         12       1981   packet_status.o
        74          8          0         14          0       2029   packet_telemetry.o
        82         20          0          8         15       2073   packet_telemetry_lf.o
        74         12          0         12          0       2525   packet_telemetry_type.o
       468         96          0         56         52      12040   packet_waypoint.o
       754         84          0         12          0       9853   port.o
      1916         28          0          0         64      16327   queue.o
       214         16          0         40          0       3316   rt_nonfinite.o
        62         12          0          0          0       2630   rtgetinf.o
        32          8          0          0          0       1471   rtgetnan.o
         0          0          0          0          0        652   simple_trace.o
        36          8        392          0      65280        932   startup_stm32f407xx.o
      1758        156          0          0       2460      11914   stm32f4_custom_usart.o
       712         72          0         20         60       5907   stm32f4_i2c1_peripheral.o
       940         48          0         38         14       5980   stm32f4_i2c1_sensors.o
       114         16          0          4          0       3602   stm32f4xx_hal.o
       998         44          0          0          0       6995   stm32f4xx_hal_adc.o
      1310         24          0          0          0       5658   stm32f4xx_hal_can.o
       240         14          0          0          0      30903   stm32f4xx_hal_cortex.o
       778         14          8          0          0       4915   stm32f4xx_hal_dma.o
       476         50          0          0          0       3524   stm32f4xx_hal_gpio.o
      2878         48          0          0          0      16272   stm32f4xx_hal_i2c.o
        22          0          0          0          0        510   stm32f4xx_hal_msp.o
      1608         74         16          0          0       6043   stm32f4xx_hal_rcc.o
      2216        124          0          0          0      18580   stm32f4xx_hal_tim.o
         4          0          0          0          0       1546   stm32f4xx_hal_tim_ex.o
       472         10          0          0          0       2451   stm32f4xx_hal_uart.o
        14          0          0          0          0        506   stm32f4xx_it.o
        84         18          0          4          0       1365   system_stm32f4xx.o
      2292        210          0         56        740      40968   tasks.o
       942         84          0         16         40      10500   timers.o
       460         48          0          1        172       4639   wrap_adc_receive.o
       214         20          0          8         15       2757   wrap_arduinoparser.o
       824         56          0         16        336       4486   wrap_can_receive.o
       106          4          0          0          0       1967   wrap_can_transmit.o
       656         50          0         64        220       3715   wrap_gpsparser_ublox.o
       804         84          0         22          0       2991   wrap_i2c1_sensors_loop.o
       654        324          0          0          0       9195   wrap_pm_init_car.o
       664         40          0         40         96       4766   wrap_pwm_capture.o
       632         42          0          0          0       2469   wrap_pwm_servomotor.o
       640         38          0         64          0       4939   wrap_recv_from_bs.o
       168         36          0          0          0       2041   wrap_save_to_datalogger.o
       342         20          0          0          0       1265   wrap_send_to_bs.o
         4          0          0          0          0        517   wrap_usart2_init.o
         4          0          0          0          0        517   wrap_usart3_init.o
         4          0          0          0          0        517   wrap_usart4_init.o
         4          0          0          0          0        517   wrap_usart5_init.o

    ----------------------------------------------------------------------
     46528       3194        546       1776      89256     831428   Object Totals
         0          0         32          0          0          0   (incl. Generated)
        88          0          4         22         11          0   (incl. Padding)

    ----------------------------------------------------------------------

      Code (inc. data)   RO Data    RW Data    ZI Data      Debug   Library Member Name

       744        106        152          0          0        352   atan.o
       496         64          0          0          0        192   atan2.o
       280         28          0          0          0        156   ceil.o
       200         20          0          0          0        164   cos.o
       368         46         48          0          0        200   cos_i.o
       184         44          0          0          0        744   dunder.o
        44          0          0          0          0        248   fabs.o
       280         28          0          0          0        156   floor.o
       260          6          0          0          0        144   fmod.o
        48          0          0          0          0        124   fpclassify.o
       248          0          0          0          0        152   poly.o
      3128        302        136          0          0        356   pow.o
         0          0          8          0          0          0   qnan.o
      1080        142        200          0          0        188   rred.o
       200         20          0          0          0        164   sin.o
       304         24         40          0          0        208   sin_i.o
       232          0          0          0          0        296   sqrt.o
        86          0          0          0          0          0   __dczerorl2.o
         0          0          0          0          0          0   entry.o
         0          0          0          0          0          0   entry10a.o
         0          0          0          0          0          0   entry11a.o
         8          4          0          0          0          0   entry2.o
         4          0          0          0          0          0   entry5.o
         0          0          0          0          0          0   entry7b.o
         0          0          0          0          0          0   entry8b.o
         8          4          0          0          0          0   entry9a.o
        12          6          0          4          0         68   errno.o
        18          0          0          0          0         80   fputc.o
        30          0          0          0          0          0   handlers.o
        36          8          0          0          0         68   init.o
         0          0          0          0          0          0   iusefp.o
         0          0          0          0          0          0   iusesemip.o
        30          0          0          0          0         68   llshl.o
        36          0          0          0          0         68   llsshr.o
        32          0          0          0          0         68   llushr.o
        36          0          0          0          0         68   memcpya.o
        36          0          0          0          0        108   memseta.o
      2276         96          0          0          0        596   printfa.o
         0          0          0          0          0          0   semi.o
         0          0          0          4          0          0   stdout.o
        44          0          0          0          0         80   uidiv.o
        98          0          0          0          0         92   uldiv.o
        48          0          0          0          0         68   cdcmple.o
        48          0          0          0          0         68   cdrcmple.o
        56          0          0          0          0         88   d2f.o
       334          0          0          0          0        148   dadd.o
       222          0          0          0          0        100   ddiv.o
       186          0          0          0          0        176   depilogue.o
        62          0          0          0          0         80   dfixi.o
        50          0          0          0          0         76   dfixui.o
        48          0          0          0          0         68   dfixul.o
        34          0          0          0          0         76   dflti.o
        26          0          0          0          0         76   dfltui.o
       228          0          0          0          0         96   dmul.o
       134          0          0          0          0         96   drem.o
        46          0          0          0          0         80   dscalb.o
       162          0          0          0          0        100   dsqrt.o
        38          0          0          0          0         68   f2d.o
       110          0          0          0          0        168   fepilogue.o

    ----------------------------------------------------------------------
     12750        952        584          8          0       6840   Library Totals
        32          4          0          0          0          0   (incl. Padding)

    ----------------------------------------------------------------------

      Code (inc. data)   RO Data    RW Data    ZI Data      Debug   Library Name

      8096        830        584          0          0       3844   m_wm.l
      2790        118          0          8          0       1364   mc_w.l
      1832          0          0          0          0       1632   mf_w.l

    ----------------------------------------------------------------------
     12750        952        584          8          0       6840   Library Totals

    ----------------------------------------------------------------------

==============================================================================


      Code (inc. data)   RO Data    RW Data    ZI Data      Debug   

     59278       4146       1130       1784      89256     796740   Grand Totals
     59278       4146       1130        352      89256     796740   ELF Image Totals (compressed)
     59278       4146       1130        352          0          0   ROM Totals

==============================================================================

    Total RO  Size (Code + RO Data)                60408 (  58.99kB)
    Total RW  Size (RW Data + ZI Data)             91040 (  88.91kB)
    Total ROM Size (Code + RO Data + RW Data)      60760 (  59.34kB)

==============================================================================

